../Core/Src/main.c:86:5:main	16	static
../Core/Src/main.c:135:6:SensorTask	16	static
../Core/Src/main.c:148:6:SystemClock_Config	88	static
../Core/Src/main.c:194:13:MX_CAN1_Init	8	static
../Core/Src/main.c:231:13:MX_I2C1_Init	8	static
../Core/Src/main.c:265:13:MX_TIM1_Init	96	static
../Core/Src/main.c:340:13:MX_UART5_Init	8	static
../Core/Src/main.c:373:13:MX_GPIO_Init	48	static
../Core/Src/main.c:414:6:HAL_TIM_PeriodElapsedCallback	16	static
../Core/Src/main.c:432:6:Error_Handler	4	static,ignoring_inline_asm
../Core/Src/main.c:451:6:assert_failed	16	static
