Archive member included to satisfy reference by file (symbol)

/opt/st/stm32cubeide_1.18.0/plugins/com.st.stm32cube.ide.mcu.externaltools.gnu-tools-for-stm32.13.3.rel1.linux64_1.0.0.202410170706/tools/bin/../lib/gcc/arm-none-eabi/13.3.1/../../../../arm-none-eabi/lib/thumb/v7e-m+fp/hard/libc_nano.a(libc_a-exit.o)
                              /opt/st/stm32cubeide_1.18.0/plugins/com.st.stm32cube.ide.mcu.externaltools.gnu-tools-for-stm32.13.3.rel1.linux64_1.0.0.202410170706/tools/bin/../lib/gcc/arm-none-eabi/13.3.1/../../../../arm-none-eabi/lib/thumb/v7e-m+fp/hard/crt0.o (exit)
/opt/st/stm32cubeide_1.18.0/plugins/com.st.stm32cube.ide.mcu.externaltools.gnu-tools-for-stm32.13.3.rel1.linux64_1.0.0.202410170706/tools/bin/../lib/gcc/arm-none-eabi/13.3.1/../../../../arm-none-eabi/lib/thumb/v7e-m+fp/hard/libc_nano.a(libc_a-findfp.o)
                              /opt/st/stm32cubeide_1.18.0/plugins/com.st.stm32cube.ide.mcu.externaltools.gnu-tools-for-stm32.13.3.rel1.linux64_1.0.0.202410170706/tools/bin/../lib/gcc/arm-none-eabi/13.3.1/../../../../arm-none-eabi/lib/thumb/v7e-m+fp/hard/libc_nano.a(libc_a-exit.o) (__stdio_exit_handler)
/opt/st/stm32cubeide_1.18.0/plugins/com.st.stm32cube.ide.mcu.externaltools.gnu-tools-for-stm32.13.3.rel1.linux64_1.0.0.202410170706/tools/bin/../lib/gcc/arm-none-eabi/13.3.1/../../../../arm-none-eabi/lib/thumb/v7e-m+fp/hard/libc_nano.a(libc_a-fwalk.o)
                              /opt/st/stm32cubeide_1.18.0/plugins/com.st.stm32cube.ide.mcu.externaltools.gnu-tools-for-stm32.13.3.rel1.linux64_1.0.0.202410170706/tools/bin/../lib/gcc/arm-none-eabi/13.3.1/../../../../arm-none-eabi/lib/thumb/v7e-m+fp/hard/libc_nano.a(libc_a-findfp.o) (_fwalk_sglue)
/opt/st/stm32cubeide_1.18.0/plugins/com.st.stm32cube.ide.mcu.externaltools.gnu-tools-for-stm32.13.3.rel1.linux64_1.0.0.202410170706/tools/bin/../lib/gcc/arm-none-eabi/13.3.1/../../../../arm-none-eabi/lib/thumb/v7e-m+fp/hard/libc_nano.a(libc_a-sprintf.o)
                              ./Core/Src/OLED_DISPLAY.o (sprintf)
/opt/st/stm32cubeide_1.18.0/plugins/com.st.stm32cube.ide.mcu.externaltools.gnu-tools-for-stm32.13.3.rel1.linux64_1.0.0.202410170706/tools/bin/../lib/gcc/arm-none-eabi/13.3.1/../../../../arm-none-eabi/lib/thumb/v7e-m+fp/hard/libc_nano.a(libc_a-stdio.o)
                              /opt/st/stm32cubeide_1.18.0/plugins/com.st.stm32cube.ide.mcu.externaltools.gnu-tools-for-stm32.13.3.rel1.linux64_1.0.0.202410170706/tools/bin/../lib/gcc/arm-none-eabi/13.3.1/../../../../arm-none-eabi/lib/thumb/v7e-m+fp/hard/libc_nano.a(libc_a-findfp.o) (__sread)
/opt/st/stm32cubeide_1.18.0/plugins/com.st.stm32cube.ide.mcu.externaltools.gnu-tools-for-stm32.13.3.rel1.linux64_1.0.0.202410170706/tools/bin/../lib/gcc/arm-none-eabi/13.3.1/../../../../arm-none-eabi/lib/thumb/v7e-m+fp/hard/libc_nano.a(libc_a-memcmp.o)
                              ./Middle/ThirdParty/SEGGER/OS/SEGGER_SYSVIEW_FreeRTOS.o (memcmp)
/opt/st/stm32cubeide_1.18.0/plugins/com.st.stm32cube.ide.mcu.externaltools.gnu-tools-for-stm32.13.3.rel1.linux64_1.0.0.202410170706/tools/bin/../lib/gcc/arm-none-eabi/13.3.1/../../../../arm-none-eabi/lib/thumb/v7e-m+fp/hard/libc_nano.a(libc_a-memset.o)
                              /opt/st/stm32cubeide_1.18.0/plugins/com.st.stm32cube.ide.mcu.externaltools.gnu-tools-for-stm32.13.3.rel1.linux64_1.0.0.202410170706/tools/bin/../lib/gcc/arm-none-eabi/13.3.1/../../../../arm-none-eabi/lib/thumb/v7e-m+fp/hard/crt0.o (memset)
/opt/st/stm32cubeide_1.18.0/plugins/com.st.stm32cube.ide.mcu.externaltools.gnu-tools-for-stm32.13.3.rel1.linux64_1.0.0.202410170706/tools/bin/../lib/gcc/arm-none-eabi/13.3.1/../../../../arm-none-eabi/lib/thumb/v7e-m+fp/hard/libc_nano.a(libc_a-closer.o)
                              /opt/st/stm32cubeide_1.18.0/plugins/com.st.stm32cube.ide.mcu.externaltools.gnu-tools-for-stm32.13.3.rel1.linux64_1.0.0.202410170706/tools/bin/../lib/gcc/arm-none-eabi/13.3.1/../../../../arm-none-eabi/lib/thumb/v7e-m+fp/hard/libc_nano.a(libc_a-stdio.o) (_close_r)
/opt/st/stm32cubeide_1.18.0/plugins/com.st.stm32cube.ide.mcu.externaltools.gnu-tools-for-stm32.13.3.rel1.linux64_1.0.0.202410170706/tools/bin/../lib/gcc/arm-none-eabi/13.3.1/../../../../arm-none-eabi/lib/thumb/v7e-m+fp/hard/libc_nano.a(libc_a-reent.o)
                              /opt/st/stm32cubeide_1.18.0/plugins/com.st.stm32cube.ide.mcu.externaltools.gnu-tools-for-stm32.13.3.rel1.linux64_1.0.0.202410170706/tools/bin/../lib/gcc/arm-none-eabi/13.3.1/../../../../arm-none-eabi/lib/thumb/v7e-m+fp/hard/libc_nano.a(libc_a-closer.o) (errno)
/opt/st/stm32cubeide_1.18.0/plugins/com.st.stm32cube.ide.mcu.externaltools.gnu-tools-for-stm32.13.3.rel1.linux64_1.0.0.202410170706/tools/bin/../lib/gcc/arm-none-eabi/13.3.1/../../../../arm-none-eabi/lib/thumb/v7e-m+fp/hard/libc_nano.a(libc_a-impure.o)
[...]
Memory Configuration

Name             Origin             Length             Attributes
CCMRAM           0x10000000         0x00010000         xrw
RAM              0x20000000         0x00020000         xrw
FLASH            0x08000000         0x00100000         xr
*default*        0x00000000         0xffffffff

Linker script and memory map

LOAD /opt/st/stm32cubeide_1.18.0/plugins/com.st.stm32cube.ide.mcu.externaltools.gnu-tools-for-stm32.13.3.rel1.linux64_1.0.0.202410170706/tools/bin/../lib/gcc/arm-none-eabi/13.3.1/thumb/v7e-m+fp/hard/crti.o
LOAD /opt/st/stm32cubeide_1.18.0/plugins/com.st.stm32cube.ide.mcu.externaltools.gnu-tools-for-stm32.13.3.rel1.linux64_1.0.0.202410170706/tools/bin/../lib/gcc/arm-none-eabi/13.3.1/thumb/v7e-m+fp/hard/crtbegin.o
LOAD /opt/st/stm32cubeide_1.18.0/plugins/com.st.stm32cube.ide.mcu.externaltools.gnu-tools-for-stm32.13.3.rel1.linux64_1.0.0.202410170706/tools/bin/../lib/gcc/arm-none-eabi/13.3.1/../../../../arm-none-eabi/lib/thumb/v7e-m+fp/hard/crt0.o
LOAD ./Core/Src/ DECISION.o
LOAD ./Core/Src/CAN_COMM.o
LOAD ./Core/Src/Disc_F407.o
LOAD ./Core/Src/MOTOR_CONTROL.o
LOAD ./Core/Src/OLED_DISPLAY.o
LOAD ./Core/Src/RAMP_CONTROL.o
LOAD ./Core/Src/RELATIVE_SPEED.o
LOAD ./Core/Src/SENSOR_TOF.o
LOAD ./Core/Src/freertos_tasks.o
LOAD ./Core/Src/main.o
LOAD ./Core/Src/ssd1306.o
LOAD ./Core/Src/ssd1306_fonts.o
LOAD ./Core/Src/stm32f4xx_hal_msp.o
LOAD ./Core/Src/stm32f4xx_hal_timebase_tim.o
LOAD ./Core/Src/stm32f4xx_it.o
LOAD ./Core/Src/syscalls.o
LOAD ./Core/Src/system_stm32f4xx.o
LOAD ./Core/Startup/startup_stm32f407vgtx.o
LOAD ./Drivers/STM32F4xx_HAL_Driver/Src/stm32f4xx_hal.o
LOAD ./Drivers/STM32F4xx_HAL_Driver/Src/stm32f4xx_hal_can.o
LOAD ./Drivers/STM32F4xx_HAL_Driver/Src/stm32f4xx_hal_cortex.o
LOAD ./Drivers/STM32F4xx_HAL_Driver/Src/stm32f4xx_hal_dma.o
LOAD ./Drivers/STM32F4xx_HAL_Driver/Src/stm32f4xx_hal_dma_ex.o
LOAD ./Drivers/STM32F4xx_HAL_Driver/Src/stm32f4xx_hal_exti.o
LOAD ./Drivers/STM32F4xx_HAL_Driver/Src/stm32f4xx_hal_flash.o
LOAD ./Drivers/STM32F4xx_HAL_Driver/Src/stm32f4xx_hal_flash_ex.o
LOAD ./Drivers/STM32F4xx_HAL_Driver/Src/stm32f4xx_hal_flash_ramfunc.o
LOAD ./Drivers/STM32F4xx_HAL_Driver/Src/stm32f4xx_hal_gpio.o
LOAD ./Drivers/STM32F4xx_HAL_Driver/Src/stm32f4xx_hal_i2c.o
LOAD ./Drivers/STM32F4xx_HAL_Driver/Src/stm32f4xx_hal_i2c_ex.o
LOAD ./Drivers/STM32F4xx_HAL_Driver/Src/stm32f4xx_hal_pwr.o
LOAD ./Drivers/STM32F4xx_HAL_Driver/Src/stm32f4xx_hal_pwr_ex.o
LOAD ./Drivers/STM32F4xx_HAL_Driver/Src/stm32f4xx_hal_rcc.o
LOAD ./Drivers/STM32F4xx_HAL_Driver/Src/stm32f4xx_hal_rcc_ex.o
LOAD ./Drivers/STM32F4xx_HAL_Driver/Src/stm32f4xx_hal_tim.o
LOAD ./Drivers/STM32F4xx_HAL_Driver/Src/stm32f4xx_hal_tim_ex.o
LOAD ./Drivers/STM32F4xx_HAL_Driver/Src/stm32f4xx_hal_uart.o
LOAD ./Middle/ThirdParty/FreeRTOS/croutine.o
LOAD ./Middle/ThirdParty/FreeRTOS/event_groups.o
LOAD ./Middle/ThirdParty/FreeRTOS/list.o
LOAD ./Middle/ThirdParty/FreeRTOS/queue.o
LOAD ./Middle/ThirdParty/FreeRTOS/stream_buffer.o
LOAD ./Middle/ThirdParty/FreeRTOS/tasks.o
LOAD ./Middle/ThirdParty/FreeRTOS/timers.o
LOAD ./Middle/ThirdParty/FreeRTOS/portable/GCC/ARM_CM4F/port.o
LOAD ./Middle/ThirdParty/FreeRTOS/portable/MemMang/heap_4.o
LOAD ./Middle/ThirdParty/SEGGER/Config/SEGGER_SYSVIEW_Config_FreeRTOS.o
LOAD ./Middle/ThirdParty/SEGGER/OS/SEGGER_SYSVIEW_FreeRTOS.o
LOAD ./Middle/ThirdParty/SEGGER/SEGGER/SEGGER_RTT.o
LOAD ./Middle/ThirdParty/SEGGER/SEGGER/SEGGER_RTT_ASM_ARMv7M.o
LOAD ./Middle/ThirdParty/SEGGER/SEGGER/SEGGER_RTT_printf.o
LOAD ./Middle/ThirdParty/SEGGER/SEGGER/SEGGER_SYSVIEW.o
LOAD ./Middle/ThirdParty/SEGGER/SEGGER/Syscalls/SEGGER_RTT_Syscalls_GCC.o
START GROUP
LOAD /opt/st/stm32cubeide_1.18.0/plugins/com.st.stm32cube.ide.mcu.externaltools.gnu-tools-for-stm32.13.3.rel1.linux64_1.0.0.202410170706/tools/bin/../lib/gcc/arm-none-eabi/13.3.1/../../../../arm-none-eabi/lib/thumb/v7e-m+fp/hard/libc_nano.a
LOAD /opt/st/stm32cubeide_1.18.0/plugins/com.st.stm32cube.ide.mcu.externaltools.gnu-tools-for-stm32.13.3.rel1.linux64_1.0.0.202410170706/tools/bin/../lib/gcc/arm-none-eabi/13.3.1/../../../../arm-none-eabi/lib/thumb/v7e-m+fp/hard/libm.a
END GROUP
START GROUP
LOAD /opt/st/stm32cubeide_1.18.0/plugins/com.st.stm32cube.ide.mcu.externaltools.gnu-tools-for-stm32.13.3.rel1.linux64_1.0.0.202410170706/tools/bin/../lib/gcc/arm-none-eabi/13.3.1/thumb/v7e-m+fp/hard/libgcc.a
LOAD /opt/st/stm32cubeide_1.18.0/plugins/com.st.stm32cube.ide.mcu.externaltools.gnu-tools-for-stm32.13.3.rel1.linux64_1.0.0.202410170706/tools/bin/../lib/gcc/arm-none-eabi/13.3.1/../../../../arm-none-eabi/lib/thumb/v7e-m+fp/hard/libc_nano.a
END GROUP
START GROUP
LOAD /opt/st/stm32cubeide_1.18.0/plugins/com.st.stm32cube.ide.mcu.externaltools.gnu-tools-for-stm32.13.3.rel1.linux64_1.0.0.202410170706/tools/bin/../lib/gcc/arm-none-eabi/13.3.1/thumb/v7e-m+fp/hard/libgcc.a
LOAD /opt/st/stm32cubeide_1.18.0/plugins/com.st.stm32cube.ide.mcu.externaltools.gnu-tools-for-stm32.13.3.rel1.linux64_1.0.0.202410170706/tools/bin/../lib/gcc/arm-none-eabi/13.3.1/../../../../arm-none-eabi/lib/thumb/v7e-m+fp/hard/libc_nano.a
LOAD /opt/st/stm32cubeide_1.18.0/plugins/com.st.stm32cube.ide.mcu.externaltools.gnu-tools-for-stm32.13.3.rel1.linux64_1.0.0.202410170706/tools/bin/../lib/gcc/arm-none-eabi/13.3.1/../../../../arm-none-eabi/lib/thumb/v7e-m+fp/hard/libnosys.a
END GROUP
START GROUP
LOAD /opt/st/stm32cubeide_1.18.0/plugins/com.st.stm32cube.ide.mcu.externaltools.gnu-tools-for-stm32.13.3.rel1.linux64_1.0.0.202410170706/tools/bin/../lib/gcc/arm-none-eabi/13.3.1/thumb/v7e-m+fp/hard/libgcc.a
LOAD /opt/st/stm32cubeide_1.18.0/plugins/com.st.stm32cube.ide.mcu.externaltools.gnu-tools-for-stm32.13.3.rel1.linux64_1.0.0.202410170706/tools/bin/../lib/gcc/arm-none-eabi/13.3.1/../../../../arm-none-eabi/lib/thumb/v7e-m+fp/hard/libc_nano.a
LOAD /opt/st/stm32cubeide_1.18.0/plugins/com.st.stm32cube.ide.mcu.externaltools.gnu-tools-for-stm32.13.3.rel1.linux64_1.0.0.202410170706/tools/bin/../lib/gcc/arm-none-eabi/13.3.1/../../../../arm-none-eabi/lib/thumb/v7e-m+fp/hard/libnosys.a
END GROUP
LOAD /opt/st/stm32cubeide_1.18.0/plugins/com.st.stm32cube.ide.mcu.externaltools.gnu-tools-for-stm32.13.3.rel1.linux64_1.0.0.202410170706/tools/bin/../lib/gcc/arm-none-eabi/13.3.1/thumb/v7e-m+fp/hard/crtend.o
LOAD /opt/st/stm32cubeide_1.18.0/plugins/com.st.stm32cube.ide.mcu.externaltools.gnu-tools-for-stm32.13.3.rel1.linux64_1.0.0.202410170706/tools/bin/../lib/gcc/arm-none-eabi/13.3.1/thumb/v7e-m+fp/hard/crtn.o
                0x20020000                        _estack = (ORIGIN (RAM) + LENGTH (RAM))
                0x00000200                        _Min_Heap_Size = 0x200
                0x00000400                        _Min_Stack_Size = 0x400

.isr_vector     0x08000000      0x188
                0x08000000                        . = ALIGN (0x4)
 *(.isr_vector)
 .isr_vector    0x08000000      0x188 ./Core/Startup/startup_stm32f407vgtx.o
                0x08000000                g_pfnVectors
                0x08000188                        . = ALIGN (0x4)

.text           0x08000190     0xa204
                0x08000190                        . = ALIGN (0x4)
 *(.text)
 .text          0x08000190       0x40 /opt/st/stm32cubeide_1.18.0/plugins/com.st.stm32cube.ide.mcu.externaltools.gnu-tools-for-stm32.13.3.rel1.linux64_1.0.0.202410170706/tools/bin/../lib/gcc/arm-none-eabi/13.3.1/thumb/v7e-m+fp/hard/crtbegin.o
 .text          0x080001d0       0x94 ./Middle/ThirdParty/SEGGER/SEGGER/SEGGER_RTT_ASM_ARMv7M.o
                0x080001d0                SEGGER_RTT_ASM_WriteSkipNoLock
 .text          0x08000264       0x10 /opt/st/stm32cubeide_1.18.0/plugins/com.st.stm32cube.ide.mcu.externaltools.gnu-tools-for-stm32.13.3.rel1.linux64_1.0.0.202410170706/tools/bin/../lib/gcc/arm-none-eabi/13.3.1/../../../../arm-none-eabi/lib/thumb/v7e-m+fp/hard/libc_nano.a(libc_a-strlen.o)
                0x08000264                strlen
 *fill*         0x08000274        0xc 
 .text          0x08000280       0xa0 /opt/st/stm32cubeide_1.18.0/plugins/com.st.stm32cube.ide.mcu.externaltools.gnu-tools-for-stm32.13.3.rel1.linux64_1.0.0.202410170706/tools/bin/../lib/gcc/arm-none-eabi/13.3.1/../../../../arm-none-eabi/lib/thumb/v7e-m+fp/hard/libc_nano.a(libc_a-memchr.o)
                0x08000280                memchr
 .text          0x08000320       0x30 /opt/st/stm32cubeide_1.18.0/plugins/com.st.stm32cube.ide.mcu.externaltools.gnu-tools-for-stm32.13.3.rel1.linux64_1.0.0.202410170706/tools/bin/../lib/gcc/arm-none-eabi/13.3.1/thumb/v7e-m+fp/hard/libgcc.a(_aeabi_uldivmod.o)
                0x08000320                __aeabi_uldivmod
 .text          0x08000350      0x2f8 /opt/st/stm32cubeide_1.18.0/plugins/com.st.stm32cube.ide.mcu.externaltools.gnu-tools-for-stm32.13.3.rel1.linux64_1.0.0.202410170706/tools/bin/../lib/gcc/arm-none-eabi/13.3.1/thumb/v7e-m+fp/hard/libgcc.a(_udivmoddi4.o)
                0x08000350                __udivmoddi4
 .text          0x08000648        0x4 /opt/st/stm32cubeide_1.18.0/plugins/com.st.stm32cube.ide.mcu.externaltools.gnu-tools-for-stm32.13.3.rel1.linux64_1.0.0.202410170706/tools/bin/../lib/gcc/arm-none-eabi/13.3.1/thumb/v7e-m+fp/hard/libgcc.a(_dvmd_tls.o)
                0x08000648                __aeabi_ldiv0
                0x08000648                __aeabi_idiv0
 *(.text*)
 .text.Decision_Update
                0x0800064c       0xdc ./Core/Src/ DECISION.o
                0x0800064c                Decision_Update
 .text.Decision_GetPWM
                0x08000728       0x18 ./Core/Src/ DECISION.o
                0x08000728                Decision_GetPWM
 .text.Decision_GetModeString
                0x08000740       0x64 ./Core/Src/ DECISION.o
                0x08000740                Decision_GetModeString
 .text.Decision_CalculatePWM
                0x080007a4       0x84 ./Core/Src/ DECISION.o
                0x080007a4                Decision_CalculatePWM
 .text.CAN_UART
                0x08000828       0x20 ./Core/Src/CAN_COMM.o
                0x08000828                CAN_UART
 .text.CAN_Headers
                0x08000848       0x38 ./Core/Src/CAN_COMM.o
                0x08000848                CAN_Headers
 .text.HAL_CAN_RxFifo0MsgPendingCallback
                0x08000880       0x24 ./Core/Src/CAN_COMM.o
                0x08000880                HAL_CAN_RxFifo0MsgPendingCallback
 .text.CAN_Init
                0x080008a4       0x68 ./Core/Src/CAN_COMM.o
                0x080008a4                CAN_Init
 .text.Motor_Init
                0x0800090c       0x30 ./Core/Src/MOTOR_CONTROL.o
                0x0800090c                Motor_Init
 .text.Motor_Stop
                0x0800093c       0x1c ./Core/Src/MOTOR_CONTROL.o
                0x0800093c                Motor_Stop
 .text.Motor_SetThrottle
                0x08000958       0x44 ./Core/Src/MOTOR_CONTROL.o
                0x08000958                Motor_SetThrottle
 .text.OLED_Init
                0x0800099c       0x16 ./Core/Src/OLED_DISPLAY.o
                0x0800099c                OLED_Init
 *fill*         0x080009b2        0x2 
 .text.OLED_Update
                0x080009b4       0xc8 ./Core/Src/OLED_DISPLAY.o
                0x080009b4                OLED_Update
 .text.Ramp_Init
                0x08000a7c       0x24 ./Core/Src/RAMP_CONTROL.o
                0x08000a7c                Ramp_Init
 .text.Ramp_SetTarget
                0x08000aa0       0x2c ./Core/Src/RAMP_CONTROL.o
                0x08000aa0                Ramp_SetTarget
 .text.Ramp_Update
                0x08000acc       0x60 ./Core/Src/RAMP_CONTROL.o
                0x08000acc                Ramp_Update
 .text.Ramp_GetCurrentPWM
                0x08000b2c       0x18 ./Core/Src/RAMP_CONTROL.o
                0x08000b2c                Ramp_GetCurrentPWM
 .text.RelativeSpeed_Update
                0x08000b44       0x34 ./Core/Src/RELATIVE_SPEED.o
                0x08000b44                RelativeSpeed_Update
 .text.RelativeSpeed_Get
                0x08000b78       0x18 ./Core/Src/RELATIVE_SPEED.o
                0x08000b78                RelativeSpeed_Get
 .text.Sensor_Filter
                0x08000b90       0x80 ./Core/Src/SENSOR_TOF.o
                0x08000b90                Sensor_Filter
 .text.MotorTask
                0x08000c10       0x16 ./Core/Src/freertos_tasks.o
                0x08000c10                MotorTask
 *fill*         0x08000c26        0x2 
 .text.DecisionTask
                0x08000c28       0xc0 ./Core/Src/freertos_tasks.o
                0x08000c28                DecisionTask
 .text.Ramp_Task
                0x08000ce8       0x16 ./Core/Src/freertos_tasks.o
                0x08000ce8                Ramp_Task
 *fill*         0x08000cfe        0x2 
 .text.OLED_Task
                0x08000d00       0x20 ./Core/Src/freertos_tasks.o
                0x08000d00                OLED_Task
 .text.main     0x08000d20       0xec ./Core/Src/main.o
                0x08000d20                main
 .text.SystemClock_Config
                0x08000e0c       0xd4 ./Core/Src/main.o
                0x08000e0c                SystemClock_Config
 .text.MX_CAN1_Init
                0x08000ee0       0x6c ./Core/Src/main.o
 .text.MX_I2C1_Init
                0x08000f4c       0x5c ./Core/Src/main.o
 .text.MX_I2C2_Init
                0x08000fa8       0x5c ./Core/Src/main.o
 .text.MX_TIM1_Init
                0x08001004      0x140 ./Core/Src/main.o
 .text.MX_UART5_Init
                0x08001144       0x54 ./Core/Src/main.o
 .text.MX_GPIO_Init
                0x08001198      0x104 ./Core/Src/main.o
 .text.HAL_TIM_PeriodElapsedCallback
                0x0800129c       0x24 ./Core/Src/main.o
                0x0800129c                HAL_TIM_PeriodElapsedCallback
 .text.Error_Handler
                0x080012c0        0xc ./Core/Src/main.o
                0x080012c0                Error_Handler
 .text.ssd1306_Reset
                0x080012cc        0xe ./Core/Src/ssd1306.o
                0x080012cc                ssd1306_Reset
 *fill*         0x080012da        0x2 
 .text.ssd1306_WriteCommand
                0x080012dc       0x30 ./Core/Src/ssd1306.o
                0x080012dc                ssd1306_WriteCommand
 .text.ssd1306_WriteData
                0x0800130c       0x34 ./Core/Src/ssd1306.o
                0x0800130c                ssd1306_WriteData
 .text.ssd1306_Init
                0x08001340       0xd4 ./Core/Src/ssd1306.o
                0x08001340                ssd1306_Init
 .text.ssd1306_Fill
                0x08001414       0x30 ./Core/Src/ssd1306.o
                0x08001414                ssd1306_Fill
 .text.ssd1306_UpdateScreen
                0x08001444       0x50 ./Core/Src/ssd1306.o
                0x08001444                ssd1306_UpdateScreen
 .text.ssd1306_DrawPixel
                0x08001494       0xa8 ./Core/Src/ssd1306.o
                0x08001494                ssd1306_DrawPixel
 .text.ssd1306_WriteChar
                0x0800153c      0x124 ./Core/Src/ssd1306.o
                0x0800153c                ssd1306_WriteChar
 .text.ssd1306_WriteString
                0x08001660       0x4c ./Core/Src/ssd1306.o
                0x08001660                ssd1306_WriteString
 .text.ssd1306_SetCursor
                0x080016ac       0x30 ./Core/Src/ssd1306.o
                0x080016ac                ssd1306_SetCursor
 .text.ssd1306_SetContrast
                0x080016dc       0x26 ./Core/Src/ssd1306.o
                0x080016dc                ssd1306_SetContrast
 *fill*         0x08001702        0x2 
 .text.ssd1306_SetDisplayOn
                0x08001704       0x3c ./Core/Src/ssd1306.o
                0x08001704                ssd1306_SetDisplayOn
 .text.HAL_MspInit
                0x08001740       0x50 ./Core/Src/stm32f4xx_hal_msp.o
                0x08001740                HAL_MspInit
 .text.HAL_CAN_MspInit
                0x08001790       0xc0 ./Core/Src/stm32f4xx_hal_msp.o
                0x08001790                HAL_CAN_MspInit
 .text.HAL_I2C_MspInit
                0x08001850       0xf8 ./Core/Src/stm32f4xx_hal_msp.o
                0x08001850                HAL_I2C_MspInit
 .text.HAL_TIM_Base_MspInit
                0x08001948       0x44 ./Core/Src/stm32f4xx_hal_msp.o
                0x08001948                HAL_TIM_Base_MspInit
 .text.HAL_TIM_MspPostInit
                0x0800198c       0x74 ./Core/Src/stm32f4xx_hal_msp.o
                0x0800198c                HAL_TIM_MspPostInit
 .text.HAL_UART_MspInit
                0x08001a00       0xd0 ./Core/Src/stm32f4xx_hal_msp.o
                0x08001a00                HAL_UART_MspInit
 .text.HAL_InitTick
                0x08001ad0       0xf8 ./Core/Src/stm32f4xx_hal_timebase_tim.o
                0x08001ad0                HAL_InitTick
 .text.NMI_Handler
                0x08001bc8        0x8 ./Core/Src/stm32f4xx_it.o
                0x08001bc8                NMI_Handler
 .text.HardFault_Handler
                0x08001bd0        0x8 ./Core/Src/stm32f4xx_it.o
                0x08001bd0                HardFault_Handler
 .text.MemManage_Handler
                0x08001bd8        0x8 ./Core/Src/stm32f4xx_it.o
                0x08001bd8                MemManage_Handler
 .text.BusFault_Handler
                0x08001be0        0x8 ./Core/Src/stm32f4xx_it.o
                0x08001be0                BusFault_Handler
 .text.UsageFault_Handler
                0x08001be8        0x8 ./Core/Src/stm32f4xx_it.o
                0x08001be8                UsageFault_Handler
 .text.DebugMon_Handler
                0x08001bf0        0xe ./Core/Src/stm32f4xx_it.o
                0x08001bf0                DebugMon_Handler
 *fill*         0x08001bfe        0x2 
 .text.CAN1_TX_IRQHandler
                0x08001c00       0x14 ./Core/Src/stm32f4xx_it.o
                0x08001c00                CAN1_TX_IRQHandler
 .text.CAN1_RX0_IRQHandler
                0x08001c14       0x14 ./Core/Src/stm32f4xx_it.o
                0x08001c14                CAN1_RX0_IRQHandler
 .text.CAN1_SCE_IRQHandler
                0x08001c28       0x14 ./Core/Src/stm32f4xx_it.o
                0x08001c28                CAN1_SCE_IRQHandler
 .text.TIM3_IRQHandler
                0x08001c3c       0x14 ./Core/Src/stm32f4xx_it.o
                0x08001c3c                TIM3_IRQHandler
 .text.SystemInit
                0x08001c50       0x24 ./Core/Src/system_stm32f4xx.o
                0x08001c50                SystemInit
 .text.Reset_Handler
                0x08001c74       0x50 ./Core/Startup/startup_stm32f407vgtx.o
                0x08001c74                Reset_Handler
 .text.Default_Handler
                0x08001cc4        0x2 ./Core/Startup/startup_stm32f407vgtx.o
                0x08001cc4                RTC_Alarm_IRQHandler
                0x08001cc4                HASH_RNG_IRQHandler
                0x08001cc4                EXTI2_IRQHandler
                0x08001cc4                TIM8_CC_IRQHandler
                0x08001cc4                TIM1_CC_IRQHandler
                0x08001cc4                DMA2_Stream5_IRQHandler
                0x08001cc4                DMA1_Stream5_IRQHandler
                0x08001cc4                PVD_IRQHandler
                0x08001cc4                SDIO_IRQHandler
                0x08001cc4                TAMP_STAMP_IRQHandler
                0x08001cc4                CAN2_RX1_IRQHandler
                0x08001cc4                EXTI3_IRQHandler
                0x08001cc4                TIM8_TRG_COM_TIM14_IRQHandler
                0x08001cc4                TIM1_UP_TIM10_IRQHandler
                0x08001cc4                TIM8_UP_TIM13_IRQHandler
                0x08001cc4                I2C3_ER_IRQHandler
                0x08001cc4                EXTI0_IRQHandler
                0x08001cc4                I2C2_EV_IRQHandler
                0x08001cc4                DMA1_Stream2_IRQHandler
                0x08001cc4                FPU_IRQHandler
                0x08001cc4                OTG_HS_WKUP_IRQHandler
                0x08001cc4                CAN2_SCE_IRQHandler
                0x08001cc4                DMA2_Stream2_IRQHandler
                0x08001cc4                SPI1_IRQHandler
                0x08001cc4                TIM6_DAC_IRQHandler
                0x08001cc4                TIM1_BRK_TIM9_IRQHandler
                0x08001cc4                DCMI_IRQHandler
                0x08001cc4                CAN2_RX0_IRQHandler
                0x08001cc4                DMA2_Stream3_IRQHandler
                0x08001cc4                USART6_IRQHandler
                0x08001cc4                USART3_IRQHandler
                0x08001cc4                CAN1_RX1_IRQHandler
                0x08001cc4                UART5_IRQHandler
                0x08001cc4                DMA2_Stream0_IRQHandler
                0x08001cc4                TIM4_IRQHandler
                0x08001cc4                I2C1_EV_IRQHandler
                0x08001cc4                DMA1_Stream6_IRQHandler
                0x08001cc4                DMA1_Stream1_IRQHandler
                0x08001cc4                UART4_IRQHandler
                0x08001cc4                RCC_IRQHandler
                0x08001cc4                TIM8_BRK_TIM12_IRQHandler
                0x08001cc4                Default_Handler
                0x08001cc4                EXTI15_10_IRQHandler
                0x08001cc4                ADC_IRQHandler
                0x08001cc4                DMA1_Stream7_IRQHandler
                0x08001cc4                TIM7_IRQHandler
                0x08001cc4                CAN2_TX_IRQHandler
                0x08001cc4                TIM5_IRQHandler
                0x08001cc4                DMA2_Stream7_IRQHandler
                0x08001cc4                I2C3_EV_IRQHandler
                0x08001cc4                EXTI9_5_IRQHandler
                0x08001cc4                RTC_WKUP_IRQHandler
                0x08001cc4                ETH_WKUP_IRQHandler
                0x08001cc4                SPI2_IRQHandler
                0x08001cc4                OTG_HS_EP1_IN_IRQHandler
                0x08001cc4                DMA1_Stream0_IRQHandler
                0x08001cc4                EXTI4_IRQHandler
                0x08001cc4                FSMC_IRQHandler
                0x08001cc4                ETH_IRQHandler
                0x08001cc4                OTG_HS_EP1_OUT_IRQHandler
                0x08001cc4                WWDG_IRQHandler
                0x08001cc4                TIM2_IRQHandler
                0x08001cc4                OTG_FS_WKUP_IRQHandler
                0x08001cc4                TIM1_TRG_COM_TIM11_IRQHandler
                0x08001cc4                OTG_HS_IRQHandler
                0x08001cc4                EXTI1_IRQHandler
                0x08001cc4                USART2_IRQHandler
                0x08001cc4                I2C2_ER_IRQHandler
                0x08001cc4                DMA2_Stream1_IRQHandler
                0x08001cc4                FLASH_IRQHandler
                0x08001cc4                DMA2_Stream4_IRQHandler
                0x08001cc4                USART1_IRQHandler
                0x08001cc4                OTG_FS_IRQHandler
                0x08001cc4                SPI3_IRQHandler
                0x08001cc4                DMA1_Stream4_IRQHandler
                0x08001cc4                I2C1_ER_IRQHandler
                0x08001cc4                DMA2_Stream6_IRQHandler
                0x08001cc4                DMA1_Stream3_IRQHandler
 *fill*         0x08001cc6        0x2 
 .text.HAL_Init
                0x08001cc8       0x44 ./Drivers/STM32F4xx_HAL_Driver/Src/stm32f4xx_hal.o
                0x08001cc8                HAL_Init
 .text.HAL_IncTick
                0x08001d0c       0x28 ./Drivers/STM32F4xx_HAL_Driver/Src/stm32f4xx_hal.o
                0x08001d0c                HAL_IncTick
 .text.HAL_GetTick
                0x08001d34       0x18 ./Drivers/STM32F4xx_HAL_Driver/Src/stm32f4xx_hal.o
                0x08001d34                HAL_GetTick
 .text.HAL_Delay
                0x08001d4c       0x48 ./Drivers/STM32F4xx_HAL_Driver/Src/stm32f4xx_hal.o
                0x08001d4c                HAL_Delay
 .text.HAL_CAN_Init
                0x08001d94      0x1f6 ./Drivers/STM32F4xx_HAL_Driver/Src/stm32f4xx_hal_can.o
                0x08001d94                HAL_CAN_Init
 *fill*         0x08001f8a        0x2 
 .text.HAL_CAN_ConfigFilter
                0x08001f8c      0x1bc ./Drivers/STM32F4xx_HAL_Driver/Src/stm32f4xx_hal_can.o
                0x08001f8c                HAL_CAN_ConfigFilter
 .text.HAL_CAN_Start
                0x08002148       0x88 ./Drivers/STM32F4xx_HAL_Driver/Src/stm32f4xx_hal_can.o
                0x08002148                HAL_CAN_Start
 .text.HAL_CAN_GetRxMessage
                0x080021d0      0x244 ./Drivers/STM32F4xx_HAL_Driver/Src/stm32f4xx_hal_can.o
                0x080021d0                HAL_CAN_GetRxMessage
 .text.HAL_CAN_ActivateNotification
                0x08002414       0x4c ./Drivers/STM32F4xx_HAL_Driver/Src/stm32f4xx_hal_can.o
                0x08002414                HAL_CAN_ActivateNotification
 .text.HAL_CAN_IRQHandler
                0x08002460      0x36e ./Drivers/STM32F4xx_HAL_Driver/Src/stm32f4xx_hal_can.o
                0x08002460                HAL_CAN_IRQHandler
 .text.HAL_CAN_TxMailbox0CompleteCallback
                0x080027ce       0x14 ./Drivers/STM32F4xx_HAL_Driver/Src/stm32f4xx_hal_can.o
                0x080027ce                HAL_CAN_TxMailbox0CompleteCallback
 .text.HAL_CAN_TxMailbox1CompleteCallback
                0x080027e2       0x14 ./Drivers/STM32F4xx_HAL_Driver/Src/stm32f4xx_hal_can.o
                0x080027e2                HAL_CAN_TxMailbox1CompleteCallback
 .text.HAL_CAN_TxMailbox2CompleteCallback
                0x080027f6       0x14 ./Drivers/STM32F4xx_HAL_Driver/Src/stm32f4xx_hal_can.o
                0x080027f6                HAL_CAN_TxMailbox2CompleteCallback
 .text.HAL_CAN_TxMailbox0AbortCallback
                0x0800280a       0x14 ./Drivers/STM32F4xx_HAL_Driver/Src/stm32f4xx_hal_can.o
                0x0800280a                HAL_CAN_TxMailbox0AbortCallback
 .text.HAL_CAN_TxMailbox1AbortCallback
                0x0800281e       0x14 ./Drivers/STM32F4xx_HAL_Driver/Src/stm32f4xx_hal_can.o
                0x0800281e                HAL_CAN_TxMailbox1AbortCallback
 .text.HAL_CAN_TxMailbox2AbortCallback
                0x08002832       0x14 ./Drivers/STM32F4xx_HAL_Driver/Src/stm32f4xx_hal_can.o
                0x08002832                HAL_CAN_TxMailbox2AbortCallback
 .text.HAL_CAN_RxFifo0FullCallback
                0x08002846       0x14 ./Drivers/STM32F4xx_HAL_Driver/Src/stm32f4xx_hal_can.o
                0x08002846                HAL_CAN_RxFifo0FullCallback
 .text.HAL_CAN_RxFifo1MsgPendingCallback
                0x0800285a       0x14 ./Drivers/STM32F4xx_HAL_Driver/Src/stm32f4xx_hal_can.o
                0x0800285a                HAL_CAN_RxFifo1MsgPendingCallback
 .text.HAL_CAN_RxFifo1FullCallback
                0x0800286e       0x14 ./Drivers/STM32F4xx_HAL_Driver/Src/stm32f4xx_hal_can.o
                0x0800286e                HAL_CAN_RxFifo1FullCallback
 .text.HAL_CAN_SleepCallback
                0x08002882       0x14 ./Drivers/STM32F4xx_HAL_Driver/Src/stm32f4xx_hal_can.o
                0x08002882                HAL_CAN_SleepCallback
 .text.HAL_CAN_WakeUpFromRxMsgCallback
                0x08002896       0x14 ./Drivers/STM32F4xx_HAL_Driver/Src/stm32f4xx_hal_can.o
                0x08002896                HAL_CAN_WakeUpFromRxMsgCallback
 .text.HAL_CAN_ErrorCallback
                0x080028aa       0x14 ./Drivers/STM32F4xx_HAL_Driver/Src/stm32f4xx_hal_can.o
                0x080028aa                HAL_CAN_ErrorCallback
 *fill*         0x080028be        0x2 
 .text.__NVIC_SetPriorityGrouping
                0x080028c0       0x48 ./Drivers/STM32F4xx_HAL_Driver/Src/stm32f4xx_hal_cortex.o
 .text.__NVIC_GetPriorityGrouping
                0x08002908       0x1c ./Drivers/STM32F4xx_HAL_Driver/Src/stm32f4xx_hal_cortex.o
 .text.__NVIC_EnableIRQ
                0x08002924       0x3c ./Drivers/STM32F4xx_HAL_Driver/Src/stm32f4xx_hal_cortex.o
 .text.__NVIC_SetPriority
                0x08002960       0x54 ./Drivers/STM32F4xx_HAL_Driver/Src/stm32f4xx_hal_cortex.o
 .text.NVIC_EncodePriority
                0x080029b4       0x66 ./Drivers/STM32F4xx_HAL_Driver/Src/stm32f4xx_hal_cortex.o
 .text.HAL_NVIC_SetPriorityGrouping
                0x08002a1a       0x16 ./Drivers/STM32F4xx_HAL_Driver/Src/stm32f4xx_hal_cortex.o
                0x08002a1a                HAL_NVIC_SetPriorityGrouping
 .text.HAL_NVIC_SetPriority
                0x08002a30       0x38 ./Drivers/STM32F4xx_HAL_Driver/Src/stm32f4xx_hal_cortex.o
                0x08002a30                HAL_NVIC_SetPriority
 .text.HAL_NVIC_EnableIRQ
                0x08002a68       0x1c ./Drivers/STM32F4xx_HAL_Driver/Src/stm32f4xx_hal_cortex.o
                0x08002a68                HAL_NVIC_EnableIRQ
 .text.HAL_GPIO_Init
                0x08002a84      0x338 ./Drivers/STM32F4xx_HAL_Driver/Src/stm32f4xx_hal_gpio.o
                0x08002a84                HAL_GPIO_Init
 .text.HAL_GPIO_WritePin
                0x08002dbc       0x32 ./Drivers/STM32F4xx_HAL_Driver/Src/stm32f4xx_hal_gpio.o
                0x08002dbc                HAL_GPIO_WritePin
 *fill*         0x08002dee        0x2 
 .text.HAL_I2C_Init
                0x08002df0      0x288 ./Drivers/STM32F4xx_HAL_Driver/Src/stm32f4xx_hal_i2c.o
                0x08002df0                HAL_I2C_Init
 .text.HAL_I2C_Mem_Write
                0x08003078      0x1f4 ./Drivers/STM32F4xx_HAL_Driver/Src/stm32f4xx_hal_i2c.o
                0x08003078                HAL_I2C_Mem_Write
 .text.I2C_RequestMemoryWrite
                0x0800326c      0x12c ./Drivers/STM32F4xx_HAL_Driver/Src/stm32f4xx_hal_i2c.o
 .text.I2C_WaitOnFlagUntilTimeout
                0x08003398       0xf4 ./Drivers/STM32F4xx_HAL_Driver/Src/stm32f4xx_hal_i2c.o
 .text.I2C_WaitOnMasterAddressFlagUntilTimeout
                0x0800348c      0x140 ./Drivers/STM32F4xx_HAL_Driver/Src/stm32f4xx_hal_i2c.o
 .text.I2C_WaitOnTXEFlagUntilTimeout
                0x080035cc       0x90 ./Drivers/STM32F4xx_HAL_Driver/Src/stm32f4xx_hal_i2c.o
 .text.I2C_WaitOnBTFFlagUntilTimeout
                0x0800365c       0x90 ./Drivers/STM32F4xx_HAL_Driver/Src/stm32f4xx_hal_i2c.o
 .text.I2C_IsAcknowledgeFailed
                0x080036ec       0x5e ./Drivers/STM32F4xx_HAL_Driver/Src/stm32f4xx_hal_i2c.o
 *fill*         0x0800374a        0x2 
 .text.HAL_RCC_OscConfig
                0x0800374c      0x4f0 ./Drivers/STM32F4xx_HAL_Driver/Src/stm32f4xx_hal_rcc.o
                0x0800374c                HAL_RCC_OscConfig
 .text.HAL_RCC_ClockConfig
                0x08003c3c      0x1cc ./Drivers/STM32F4xx_HAL_Driver/Src/stm32f4xx_hal_rcc.o
                0x08003c3c                HAL_RCC_ClockConfig
 .text.HAL_RCC_GetSysClockFreq
                0x08003e08      0x20c ./Drivers/STM32F4xx_HAL_Driver/Src/stm32f4xx_hal_rcc.o
                0x08003e08                HAL_RCC_GetSysClockFreq
 .text.HAL_RCC_GetHCLKFreq
                0x08004014       0x18 ./Drivers/STM32F4xx_HAL_Driver/Src/stm32f4xx_hal_rcc.o
                0x08004014                HAL_RCC_GetHCLKFreq
 .text.HAL_RCC_GetPCLK1Freq
                0x0800402c       0x28 ./Drivers/STM32F4xx_HAL_Driver/Src/stm32f4xx_hal_rcc.o
                0x0800402c                HAL_RCC_GetPCLK1Freq
 .text.HAL_RCC_GetPCLK2Freq
                0x08004054       0x28 ./Drivers/STM32F4xx_HAL_Driver/Src/stm32f4xx_hal_rcc.o
                0x08004054                HAL_RCC_GetPCLK2Freq
 .text.HAL_RCC_GetClockConfig
                0x0800407c       0x64 ./Drivers/STM32F4xx_HAL_Driver/Src/stm32f4xx_hal_rcc.o
                0x0800407c                HAL_RCC_GetClockConfig
 .text.HAL_TIM_Base_Init
                0x080040e0       0x9e ./Drivers/STM32F4xx_HAL_Driver/Src/stm32f4xx_hal_tim.o
                0x080040e0                HAL_TIM_Base_Init
 *fill*         0x0800417e        0x2 
 .text.HAL_TIM_Base_Start_IT
                0x08004180       0xe0 ./Drivers/STM32F4xx_HAL_Driver/Src/stm32f4xx_hal_tim.o
                0x08004180                HAL_TIM_Base_Start_IT
 .text.HAL_TIM_PWM_Init
                0x08004260       0x9e ./Drivers/STM32F4xx_HAL_Driver/Src/stm32f4xx_hal_tim.o
                0x08004260                HAL_TIM_PWM_Init
 .text.HAL_TIM_PWM_MspInit
                0x080042fe       0x14 ./Drivers/STM32F4xx_HAL_Driver/Src/stm32f4xx_hal_tim.o
                0x080042fe                HAL_TIM_PWM_MspInit
 *fill*         0x08004312        0x2 
 .text.HAL_TIM_PWM_Start
                0x08004314      0x190 ./Drivers/STM32F4xx_HAL_Driver/Src/stm32f4xx_hal_tim.o
                0x08004314                HAL_TIM_PWM_Start
 .text.HAL_TIM_IRQHandler
                0x080044a4      0x1e0 ./Drivers/STM32F4xx_HAL_Driver/Src/stm32f4xx_hal_tim.o
                0x080044a4                HAL_TIM_IRQHandler
 .text.HAL_TIM_PWM_ConfigChannel
                0x08004684      0x184 ./Drivers/STM32F4xx_HAL_Driver/Src/stm32f4xx_hal_tim.o
                0x08004684                HAL_TIM_PWM_ConfigChannel
 .text.HAL_TIM_ConfigClockSource
                0x08004808      0x18e ./Drivers/STM32F4xx_HAL_Driver/Src/stm32f4xx_hal_tim.o
                0x08004808                HAL_TIM_ConfigClockSource
 .text.HAL_TIM_OC_DelayElapsedCallback
                0x08004996       0x14 ./Drivers/STM32F4xx_HAL_Driver/Src/stm32f4xx_hal_tim.o
                0x08004996                HAL_TIM_OC_DelayElapsedCallback
 .text.HAL_TIM_IC_CaptureCallback
                0x080049aa       0x14 ./Drivers/STM32F4xx_HAL_Driver/Src/stm32f4xx_hal_tim.o
                0x080049aa                HAL_TIM_IC_CaptureCallback
 .text.HAL_TIM_PWM_PulseFinishedCallback
                0x080049be       0x14 ./Drivers/STM32F4xx_HAL_Driver/Src/stm32f4xx_hal_tim.o
                0x080049be                HAL_TIM_PWM_PulseFinishedCallback
 .text.HAL_TIM_TriggerCallback
                0x080049d2       0x14 ./Drivers/STM32F4xx_HAL_Driver/Src/stm32f4xx_hal_tim.o
                0x080049d2                HAL_TIM_TriggerCallback
 *fill*         0x080049e6        0x2 
 .text.TIM_Base_SetConfig
                0x080049e8      0x14c ./Drivers/STM32F4xx_HAL_Driver/Src/stm32f4xx_hal_tim.o
                0x080049e8                TIM_Base_SetConfig
 .text.TIM_OC1_SetConfig
                0x08004b34       0xe0 ./Drivers/STM32F4xx_HAL_Driver/Src/stm32f4xx_hal_tim.o
 .text.TIM_OC2_SetConfig
                0x08004c14       0xec ./Drivers/STM32F4xx_HAL_Driver/Src/stm32f4xx_hal_tim.o
                0x08004c14                TIM_OC2_SetConfig
 .text.TIM_OC3_SetConfig
                0x08004d00       0xe8 ./Drivers/STM32F4xx_HAL_Driver/Src/stm32f4xx_hal_tim.o
 .text.TIM_OC4_SetConfig
                0x08004de8       0xac ./Drivers/STM32F4xx_HAL_Driver/Src/stm32f4xx_hal_tim.o
 .text.TIM_TI1_ConfigInputStage
                0x08004e94       0x5e ./Drivers/STM32F4xx_HAL_Driver/Src/stm32f4xx_hal_tim.o
 .text.TIM_TI2_ConfigInputStage
                0x08004ef2       0x60 ./Drivers/STM32F4xx_HAL_Driver/Src/stm32f4xx_hal_tim.o
 .text.TIM_ITRx_SetConfig
                0x08004f52       0x36 ./Drivers/STM32F4xx_HAL_Driver/Src/stm32f4xx_hal_tim.o
 .text.TIM_ETR_SetConfig
                0x08004f88       0x40 ./Drivers/STM32F4xx_HAL_Driver/Src/stm32f4xx_hal_tim.o
                0x08004f88                TIM_ETR_SetConfig
 .text.TIM_CCxChannelCmd
                0x08004fc8       0x4a ./Drivers/STM32F4xx_HAL_Driver/Src/stm32f4xx_hal_tim.o
                0x08004fc8                TIM_CCxChannelCmd
 *fill*         0x08005012        0x2 
 .text.HAL_TIMEx_MasterConfigSynchronization
                0x08005014       0xf8 ./Drivers/STM32F4xx_HAL_Driver/Src/stm32f4xx_hal_tim_ex.o
                0x08005014                HAL_TIMEx_MasterConfigSynchronization
 .text.HAL_TIMEx_ConfigBreakDeadTime
                0x0800510c       0xa4 ./Drivers/STM32F4xx_HAL_Driver/Src/stm32f4xx_hal_tim_ex.o
                0x0800510c                HAL_TIMEx_ConfigBreakDeadTime
 .text.HAL_TIMEx_CommutCallback
                0x080051b0       0x14 ./Drivers/STM32F4xx_HAL_Driver/Src/stm32f4xx_hal_tim_ex.o
                0x080051b0                HAL_TIMEx_CommutCallback
 .text.HAL_TIMEx_BreakCallback
                0x080051c4       0x14 ./Drivers/STM32F4xx_HAL_Driver/Src/stm32f4xx_hal_tim_ex.o
                0x080051c4                HAL_TIMEx_BreakCallback
 .text.HAL_UART_Init
                0x080051d8       0xa0 ./Drivers/STM32F4xx_HAL_Driver/Src/stm32f4xx_hal_uart.o
                0x080051d8                HAL_UART_Init
 .text.HAL_UART_Transmit
                0x08005278      0x116 ./Drivers/STM32F4xx_HAL_Driver/Src/stm32f4xx_hal_uart.o
                0x08005278                HAL_UART_Transmit
 .text.UART_WaitOnFlagUntilTimeout
                0x0800538e       0xb2 ./Drivers/STM32F4xx_HAL_Driver/Src/stm32f4xx_hal_uart.o
 .text.UART_EndRxTransfer
                0x08005440       0xc6 ./Drivers/STM32F4xx_HAL_Driver/Src/stm32f4xx_hal_uart.o
 *fill*         0x08005506        0x2 
 .text.UART_SetConfig
                0x08005508      0x4e8 ./Drivers/STM32F4xx_HAL_Driver/Src/stm32f4xx_hal_uart.o
 .text.vListInitialise
                0x080059f0       0x40 ./Middle/ThirdParty/FreeRTOS/list.o
                0x080059f0                vListInitialise
 .text.vListInitialiseItem
                0x08005a30       0x1a ./Middle/ThirdParty/FreeRTOS/list.o
                0x08005a30                vListInitialiseItem
 .text.vListInsertEnd
                0x08005a4a       0x48 ./Middle/ThirdParty/FreeRTOS/list.o
                0x08005a4a                vListInsertEnd
 .text.vListInsert
                0x08005a92       0x72 ./Middle/ThirdParty/FreeRTOS/list.o
                0x08005a92                vListInsert
 .text.uxListRemove
                0x08005b04       0x54 ./Middle/ThirdParty/FreeRTOS/list.o
                0x08005b04                uxListRemove
 .text.xQueueGenericReset
                0x08005b58       0xd4 ./Middle/ThirdParty/FreeRTOS/queue.o
                0x08005b58                xQueueGenericReset
 .text.xQueueGenericCreate
                0x08005c2c       0xc4 ./Middle/ThirdParty/FreeRTOS/queue.o
                0x08005c2c                xQueueGenericCreate
 .text.prvInitialiseNewQueue
                0x08005cf0       0x52 ./Middle/ThirdParty/FreeRTOS/queue.o
 *fill*         0x08005d42        0x2 
 .text.xQueueGenericSend
                0x08005d44      0x254 ./Middle/ThirdParty/FreeRTOS/queue.o
                0x08005d44                xQueueGenericSend
 .text.xQueueGenericSendFromISR
                0x08005f98      0x184 ./Middle/ThirdParty/FreeRTOS/queue.o
                0x08005f98                xQueueGenericSendFromISR
 .text.xQueueReceive
                0x0800611c      0x228 ./Middle/ThirdParty/FreeRTOS/queue.o
                0x0800611c                xQueueReceive
 .text.prvCopyDataToQueue
                0x08006344       0xd4 ./Middle/ThirdParty/FreeRTOS/queue.o
 .text.prvCopyDataFromQueue
                0x08006418       0x4c ./Middle/ThirdParty/FreeRTOS/queue.o
 .text.prvUnlockQueue
                0x08006464       0xa4 ./Middle/ThirdParty/FreeRTOS/queue.o
 .text.prvIsQueueEmpty
                0x08006508       0x2c ./Middle/ThirdParty/FreeRTOS/queue.o
 .text.prvIsQueueFull
                0x08006534       0x30 ./Middle/ThirdParty/FreeRTOS/queue.o
 .text.vQueueAddToRegistry
                0x08006564       0x64 ./Middle/ThirdParty/FreeRTOS/queue.o
                0x08006564                vQueueAddToRegistry
 .text.vQueueWaitForMessageRestricted
                0x080065c8       0x68 ./Middle/ThirdParty/FreeRTOS/queue.o
                0x080065c8                vQueueWaitForMessageRestricted
 .text.xTaskCreate
                0x08006630       0x82 ./Middle/ThirdParty/FreeRTOS/tasks.o
                0x08006630                xTaskCreate
 .text.prvInitialiseNewTask
                0x080066b2      0x12e ./Middle/ThirdParty/FreeRTOS/tasks.o
 .text.prvAddNewTaskToReadyList
                0x080067e0      0x118 ./Middle/ThirdParty/FreeRTOS/tasks.o
 .text.vTaskDelay
                0x080068f8       0x74 ./Middle/ThirdParty/FreeRTOS/tasks.o
                0x080068f8                vTaskDelay
 .text.vTaskStartScheduler
                0x0800696c       0xc4 ./Middle/ThirdParty/FreeRTOS/tasks.o
                0x0800696c                vTaskStartScheduler
 .text.vTaskSuspendAll
                0x08006a30       0x1c ./Middle/ThirdParty/FreeRTOS/tasks.o
                0x08006a30                vTaskSuspendAll
 .text.xTaskResumeAll
                0x08006a4c      0x144 ./Middle/ThirdParty/FreeRTOS/tasks.o
                0x08006a4c                xTaskResumeAll
 .text.xTaskGetTickCount
                0x08006b90       0x20 ./Middle/ThirdParty/FreeRTOS/tasks.o
                0x08006b90                xTaskGetTickCount
 .text.xTaskIncrementTick
                0x08006bb0      0x17c ./Middle/ThirdParty/FreeRTOS/tasks.o
                0x08006bb0                xTaskIncrementTick
 .text.vTaskSwitchContext
                0x08006d2c       0xd4 ./Middle/ThirdParty/FreeRTOS/tasks.o
                0x08006d2c                vTaskSwitchContext
 .text.vTaskPlaceOnEventList
                0x08006e00       0x4c ./Middle/ThirdParty/FreeRTOS/tasks.o
                0x08006e00                vTaskPlaceOnEventList
 .text.vTaskPlaceOnEventListRestricted
                0x08006e4c       0x60 ./Middle/ThirdParty/FreeRTOS/tasks.o
                0x08006e4c                vTaskPlaceOnEventListRestricted
 .text.xTaskRemoveFromEventList
                0x08006eac       0xd0 ./Middle/ThirdParty/FreeRTOS/tasks.o
                0x08006eac                xTaskRemoveFromEventList
 .text.vTaskInternalSetTimeOutState
                0x08006f7c       0x2c ./Middle/ThirdParty/FreeRTOS/tasks.o
                0x08006f7c                vTaskInternalSetTimeOutState
 .text.xTaskCheckForTimeOut
                0x08006fa8       0xd0 ./Middle/ThirdParty/FreeRTOS/tasks.o
                0x08006fa8                xTaskCheckForTimeOut
 .text.vTaskMissedYield
                0x08007078       0x18 ./Middle/ThirdParty/FreeRTOS/tasks.o
                0x08007078                vTaskMissedYield
 .text.prvIdleTask
                0x08007090       0x30 ./Middle/ThirdParty/FreeRTOS/tasks.o
 .text.prvInitialiseTaskLists
                0x080070c0       0x80 ./Middle/ThirdParty/FreeRTOS/tasks.o
 .text.prvCheckTasksWaitingTermination
                0x08007140       0x5c ./Middle/ThirdParty/FreeRTOS/tasks.o
 .text.prvDeleteTCB
                0x0800719c       0x20 ./Middle/ThirdParty/FreeRTOS/tasks.o
 .text.prvResetNextTaskUnblockTime
                0x080071bc       0x38 ./Middle/ThirdParty/FreeRTOS/tasks.o
 .text.xTaskGetSchedulerState
                0x080071f4       0x3c ./Middle/ThirdParty/FreeRTOS/tasks.o
                0x080071f4                xTaskGetSchedulerState
 .text.xTaskPriorityDisinherit
                0x08007230      0x104 ./Middle/ThirdParty/FreeRTOS/tasks.o
                0x08007230                xTaskPriorityDisinherit
 .text.prvAddCurrentTaskToDelayedList
                0x08007334       0xf0 ./Middle/ThirdParty/FreeRTOS/tasks.o
 .text.xTimerCreateTimerTask
                0x08007424       0x68 ./Middle/ThirdParty/FreeRTOS/timers.o
                0x08007424                xTimerCreateTimerTask
 .text.xTimerGenericCommand
                0x0800748c       0x9c ./Middle/ThirdParty/FreeRTOS/timers.o
                0x0800748c                xTimerGenericCommand
 .text.prvProcessExpiredTimer
                0x08007528       0x9c ./Middle/ThirdParty/FreeRTOS/timers.o
 .text.prvTimerTask
                0x080075c4       0x26 ./Middle/ThirdParty/FreeRTOS/timers.o
 *fill*         0x080075ea        0x2 
 .text.prvProcessTimerOrBlockTask
                0x080075ec       0x9c ./Middle/ThirdParty/FreeRTOS/timers.o
 .text.prvGetNextExpireTime
                0x08007688       0x48 ./Middle/ThirdParty/FreeRTOS/timers.o
 .text.prvSampleTimeNow
                0x080076d0       0x40 ./Middle/ThirdParty/FreeRTOS/timers.o
 .text.prvInsertTimerInActiveList
                0x08007710       0x84 ./Middle/ThirdParty/FreeRTOS/timers.o
 .text.prvProcessReceivedCommands
                0x08007794      0x194 ./Middle/ThirdParty/FreeRTOS/timers.o
 .text.prvSwitchTimerLists
                0x08007928       0xcc ./Middle/ThirdParty/FreeRTOS/timers.o
 .text.prvCheckForValidListAndQueue
                0x080079f4       0x6c ./Middle/ThirdParty/FreeRTOS/timers.o
 .text.pxPortInitialiseStack
                0x08007a60       0x68 ./Middle/ThirdParty/FreeRTOS/portable/GCC/ARM_CM4F/port.o
                0x08007a60                pxPortInitialiseStack
 .text.prvTaskExitError
                0x08007ac8       0x5c ./Middle/ThirdParty/FreeRTOS/portable/GCC/ARM_CM4F/port.o
 *fill*         0x08007b24        0xc 
 .text.SVC_Handler
                0x08007b30       0x28 ./Middle/ThirdParty/FreeRTOS/portable/GCC/ARM_CM4F/port.o
                0x08007b30                SVC_Handler
 .text.prvPortStartFirstTask
                0x08007b58       0x2c ./Middle/ThirdParty/FreeRTOS/portable/GCC/ARM_CM4F/port.o
 .text.xPortStartScheduler
                0x08007b84      0x148 ./Middle/ThirdParty/FreeRTOS/portable/GCC/ARM_CM4F/port.o
                0x08007b84                xPortStartScheduler
 .text.vPortEnterCritical
                0x08007ccc       0x64 ./Middle/ThirdParty/FreeRTOS/portable/GCC/ARM_CM4F/port.o
                0x08007ccc                vPortEnterCritical
 .text.vPortExitCritical
                0x08007d30       0x54 ./Middle/ThirdParty/FreeRTOS/portable/GCC/ARM_CM4F/port.o
                0x08007d30                vPortExitCritical
 *fill*         0x08007d84        0xc 
 .text.PendSV_Handler
                0x08007d90       0x68 ./Middle/ThirdParty/FreeRTOS/portable/GCC/ARM_CM4F/port.o
                0x08007d90                PendSV_Handler
 .text.SysTick_Handler
                0x08007df8       0x54 ./Middle/ThirdParty/FreeRTOS/portable/GCC/ARM_CM4F/port.o
                0x08007df8                SysTick_Handler
 .text.vPortSetupTimerInterrupt
                0x08007e4c       0x48 ./Middle/ThirdParty/FreeRTOS/portable/GCC/ARM_CM4F/port.o
                0x08007e4c                vPortSetupTimerInterrupt
 .text.vPortEnableVFP
                0x08007e94       0x18 ./Middle/ThirdParty/FreeRTOS/portable/GCC/ARM_CM4F/port.o
 .text.vPortValidateInterruptPriority
                0x08007eac       0x84 ./Middle/ThirdParty/FreeRTOS/portable/GCC/ARM_CM4F/port.o
                0x08007eac                vPortValidateInterruptPriority
 .text.pvPortMalloc
                0x08007f30      0x1c4 ./Middle/ThirdParty/FreeRTOS/portable/MemMang/heap_4.o
                0x08007f30                pvPortMalloc
 .text.vPortFree
                0x080080f4       0xc8 ./Middle/ThirdParty/FreeRTOS/portable/MemMang/heap_4.o
                0x080080f4                vPortFree
 .text.prvHeapInit
                0x080081bc       0xc4 ./Middle/ThirdParty/FreeRTOS/portable/MemMang/heap_4.o
 .text.prvInsertBlockIntoFreeList
                0x08008280       0xb4 ./Middle/ThirdParty/FreeRTOS/portable/MemMang/heap_4.o
 .text.SYSVIEW_AddTask
                0x08008334       0xd0 ./Middle/ThirdParty/SEGGER/OS/SEGGER_SYSVIEW_FreeRTOS.o
                0x08008334                SYSVIEW_AddTask
 .text.SYSVIEW_SendTaskInfo
                0x08008404       0x42 ./Middle/ThirdParty/SEGGER/OS/SEGGER_SYSVIEW_FreeRTOS.o
                0x08008404                SYSVIEW_SendTaskInfo
 *fill*         0x08008446        0x2 
 .text._DoInit  0x08008448       0xb4 ./Middle/ThirdParty/SEGGER/SEGGER/SEGGER_RTT.o
 .text.SEGGER_RTT_ReadNoLock
                0x080084fc      0x10c ./Middle/ThirdParty/SEGGER/SEGGER/SEGGER_RTT.o
                0x080084fc                SEGGER_RTT_ReadNoLock
 .text._EncodeStr
                0x08008608       0x72 ./Middle/ThirdParty/SEGGER/SEGGER/SEGGER_SYSVIEW.o
 .text._PreparePacket
                0x0800867a       0x18 ./Middle/ThirdParty/SEGGER/SEGGER/SEGGER_SYSVIEW.o
 *fill*         0x08008692        0x2 
 .text._HandleIncomingPacket
                0x08008694       0xdc ./Middle/ThirdParty/SEGGER/SEGGER/SEGGER_SYSVIEW.o
 .text._TrySendOverflowPacket
                0x08008770       0xe4 ./Middle/ThirdParty/SEGGER/SEGGER/SEGGER_SYSVIEW.o
 .text._SendPacket
                0x08008854      0x2dc ./Middle/ThirdParty/SEGGER/SEGGER/SEGGER_SYSVIEW.o
 .text.SEGGER_SYSVIEW_RecordVoid
                0x08008b30       0x3c ./Middle/ThirdParty/SEGGER/SEGGER/SEGGER_SYSVIEW.o
                0x08008b30                SEGGER_SYSVIEW_RecordVoid
 .text.SEGGER_SYSVIEW_RecordU32
                0x08008b6c       0x78 ./Middle/ThirdParty/SEGGER/SEGGER/SEGGER_SYSVIEW.o
                0x08008b6c                SEGGER_SYSVIEW_RecordU32
 .text.SEGGER_SYSVIEW_RecordU32x2
                0x08008be4       0xb4 ./Middle/ThirdParty/SEGGER/SEGGER/SEGGER_SYSVIEW.o
                0x08008be4                SEGGER_SYSVIEW_RecordU32x2
 .text.SEGGER_SYSVIEW_RecordU32x3
                0x08008c98       0xec ./Middle/ThirdParty/SEGGER/SEGGER/SEGGER_SYSVIEW.o
                0x08008c98                SEGGER_SYSVIEW_RecordU32x3
 .text.SEGGER_SYSVIEW_RecordU32x4
                0x08008d84      0x124 ./Middle/ThirdParty/SEGGER/SEGGER/SEGGER_SYSVIEW.o
                0x08008d84                SEGGER_SYSVIEW_RecordU32x4
 .text.SEGGER_SYSVIEW_Start
                0x08008ea8      0x174 ./Middle/ThirdParty/SEGGER/SEGGER/SEGGER_SYSVIEW.o
                0x08008ea8                SEGGER_SYSVIEW_Start
 .text.SEGGER_SYSVIEW_Stop
                0x0800901c       0x4c ./Middle/ThirdParty/SEGGER/SEGGER/SEGGER_SYSVIEW.o
                0x0800901c                SEGGER_SYSVIEW_Stop
 .text.SEGGER_SYSVIEW_GetSysDesc
                0x08009068      0x134 ./Middle/ThirdParty/SEGGER/SEGGER/SEGGER_SYSVIEW.o
                0x08009068                SEGGER_SYSVIEW_GetSysDesc
 .text.SEGGER_SYSVIEW_SendTaskInfo
                0x0800919c      0x1c8 ./Middle/ThirdParty/SEGGER/SEGGER/SEGGER_SYSVIEW.o
                0x0800919c                SEGGER_SYSVIEW_SendTaskInfo
 .text.SEGGER_SYSVIEW_SendTaskList
                0x08009364       0x28 ./Middle/ThirdParty/SEGGER/SEGGER/SEGGER_SYSVIEW.o
                0x08009364                SEGGER_SYSVIEW_SendTaskList
 .text.SEGGER_SYSVIEW_RecordSystime
                0x0800938c       0x64 ./Middle/ThirdParty/SEGGER/SEGGER/SEGGER_SYSVIEW.o
                0x0800938c                SEGGER_SYSVIEW_RecordSystime
 .text.SEGGER_SYSVIEW_RecordEnterISR
                0x080093f0       0x84 ./Middle/ThirdParty/SEGGER/SEGGER/SEGGER_SYSVIEW.o
                0x080093f0                SEGGER_SYSVIEW_RecordEnterISR
 .text.SEGGER_SYSVIEW_RecordExitISR
                0x08009474       0x38 ./Middle/ThirdParty/SEGGER/SEGGER/SEGGER_SYSVIEW.o
                0x08009474                SEGGER_SYSVIEW_RecordExitISR
 .text.SEGGER_SYSVIEW_RecordExitISRToScheduler
                0x080094ac       0x38 ./Middle/ThirdParty/SEGGER/SEGGER/SEGGER_SYSVIEW.o
                0x080094ac                SEGGER_SYSVIEW_RecordExitISRToScheduler
 .text.SEGGER_SYSVIEW_OnIdle
                0x080094e4       0x38 ./Middle/ThirdParty/SEGGER/SEGGER/SEGGER_SYSVIEW.o
                0x080094e4                SEGGER_SYSVIEW_OnIdle
 .text.SEGGER_SYSVIEW_OnTaskCreate
                0x0800951c       0x84 ./Middle/ThirdParty/SEGGER/SEGGER/SEGGER_SYSVIEW.o
                0x0800951c                SEGGER_SYSVIEW_OnTaskCreate
 .text.SEGGER_SYSVIEW_OnTaskStartExec
                0x080095a0       0x84 ./Middle/ThirdParty/SEGGER/SEGGER/SEGGER_SYSVIEW.o
                0x080095a0                SEGGER_SYSVIEW_OnTaskStartExec
 .text.SEGGER_SYSVIEW_OnTaskStartReady
                0x08009624       0x84 ./Middle/ThirdParty/SEGGER/SEGGER/SEGGER_SYSVIEW.o
                0x08009624                SEGGER_SYSVIEW_OnTaskStartReady
 .text.SEGGER_SYSVIEW_OnTaskStopReady
                0x080096a8       0xc0 ./Middle/ThirdParty/SEGGER/SEGGER/SEGGER_SYSVIEW.o
                0x080096a8                SEGGER_SYSVIEW_OnTaskStopReady
 .text.SEGGER_SYSVIEW_ShrinkId
                0x08009768       0x20 ./Middle/ThirdParty/SEGGER/SEGGER/SEGGER_SYSVIEW.o
                0x08009768                SEGGER_SYSVIEW_ShrinkId
 .text.SEGGER_SYSVIEW_SendModule
                0x08009788      0x114 ./Middle/ThirdParty/SEGGER/SEGGER/SEGGER_SYSVIEW.o
                0x08009788                SEGGER_SYSVIEW_SendModule
 .text.SEGGER_SYSVIEW_SendModuleDescription
                0x0800989c       0x3c ./Middle/ThirdParty/SEGGER/SEGGER/SEGGER_SYSVIEW.o
                0x0800989c                SEGGER_SYSVIEW_SendModuleDescription
 .text.SEGGER_SYSVIEW_SendNumModules
                0x080098d8       0x7c ./Middle/ThirdParty/SEGGER/SEGGER/SEGGER_SYSVIEW.o
                0x080098d8                SEGGER_SYSVIEW_SendNumModules
 .text.SEGGER_SYSVIEW_Warn
                0x08009954       0xb8 ./Middle/ThirdParty/SEGGER/SEGGER/SEGGER_SYSVIEW.o
                0x08009954                SEGGER_SYSVIEW_Warn
 .text.sprintf  0x08009a0c       0x44 /opt/st/stm32cubeide_1.18.0/plugins/com.st.stm32cube.ide.mcu.externaltools.gnu-tools-for-stm32.13.3.rel1.linux64_1.0.0.202410170706/tools/bin/../lib/gcc/arm-none-eabi/13.3.1/../../../../arm-none-eabi/lib/thumb/v7e-m+fp/hard/libc_nano.a(libc_a-sprintf.o)
                0x08009a0c                sprintf
                0x08009a0c                siprintf
 .text.memcmp   0x08009a50       0x20 /opt/st/stm32cubeide_1.18.0/plugins/com.st.stm32cube.ide.mcu.externaltools.gnu-tools-for-stm32.13.3.rel1.linux64_1.0.0.202410170706/tools/bin/../lib/gcc/arm-none-eabi/13.3.1/../../../../arm-none-eabi/lib/thumb/v7e-m+fp/hard/libc_nano.a(libc_a-memcmp.o)
                0x08009a50                memcmp
 .text.memset   0x08009a70       0x10 /opt/st/stm32cubeide_1.18.0/plugins/com.st.stm32cube.ide.mcu.externaltools.gnu-tools-for-stm32.13.3.rel1.linux64_1.0.0.202410170706/tools/bin/../lib/gcc/arm-none-eabi/13.3.1/../../../../arm-none-eabi/lib/thumb/v7e-m+fp/hard/libc_nano.a(libc_a-memset.o)
                0x08009a70                memset
 .text.__libc_init_array
                0x08009a80       0x48 /opt/st/stm32cubeide_1.18.0/plugins/com.st.stm32cube.ide.mcu.externaltools.gnu-tools-for-stm32.13.3.rel1.linux64_1.0.0.202410170706/tools/bin/../lib/gcc/arm-none-eabi/13.3.1/../../../../arm-none-eabi/lib/thumb/v7e-m+fp/hard/libc_nano.a(libc_a-init.o)
                0x08009a80                __libc_init_array
 .text.__retarget_lock_acquire_recursive
                0x08009ac8        0x2 /opt/st/stm32cubeide_1.18.0/plugins/com.st.stm32cube.ide.mcu.externaltools.gnu-tools-for-stm32.13.3.rel1.linux64_1.0.0.202410170706/tools/bin/../lib/gcc/arm-none-eabi/13.3.1/../../../../arm-none-eabi/lib/thumb/v7e-m+fp/hard/libc_nano.a(libc_a-lock.o)
                0x08009ac8                __retarget_lock_acquire_recursive
 .text.__retarget_lock_release_recursive
                0x08009aca        0x2 /opt/st/stm32cubeide_1.18.0/plugins/com.st.stm32cube.ide.mcu.externaltools.gnu-tools-for-stm32.13.3.rel1.linux64_1.0.0.202410170706/tools/bin/../lib/gcc/arm-none-eabi/13.3.1/../../../../arm-none-eabi/lib/thumb/v7e-m+fp/hard/libc_nano.a(libc_a-lock.o)
                0x08009aca                __retarget_lock_release_recursive
 .text.memcpy   0x08009acc       0x1c /opt/st/stm32cubeide_1.18.0/plugins/com.st.stm32cube.ide.mcu.externaltools.gnu-tools-for-stm32.13.3.rel1.linux64_1.0.0.202410170706/tools/bin/../lib/gcc/arm-none-eabi/13.3.1/../../../../arm-none-eabi/lib/thumb/v7e-m+fp/hard/libc_nano.a(libc_a-memcpy-stub.o)
                0x08009acc                memcpy
 .text._free_r  0x08009ae8       0x94 /opt/st/stm32cubeide_1.18.0/plugins/com.st.stm32cube.ide.mcu.externaltools.gnu-tools-for-stm32.13.3.rel1.linux64_1.0.0.202410170706/tools/bin/../lib/gcc/arm-none-eabi/13.3.1/../../../../arm-none-eabi/lib/thumb/v7e-m+fp/hard/libc_nano.a(libc_a-freer.o)
                0x08009ae8                _free_r
 .text.sbrk_aligned
                0x08009b7c       0x44 /opt/st/stm32cubeide_1.18.0/plugins/com.st.stm32cube.ide.mcu.externaltools.gnu-tools-for-stm32.13.3.rel1.linux64_1.0.0.202410170706/tools/bin/../lib/gcc/arm-none-eabi/13.3.1/../../../../arm-none-eabi/lib/thumb/v7e-m+fp/hard/libc_nano.a(libc_a-mallocr.o)
 .text._malloc_r
                0x08009bc0      0x100 /opt/st/stm32cubeide_1.18.0/plugins/com.st.stm32cube.ide.mcu.externaltools.gnu-tools-for-stm32.13.3.rel1.linux64_1.0.0.202410170706/tools/bin/../lib/gcc/arm-none-eabi/13.3.1/../../../../arm-none-eabi/lib/thumb/v7e-m+fp/hard/libc_nano.a(libc_a-mallocr.o)
                0x08009bc0                _malloc_r
 .text.__malloc_lock
                0x08009cc0        0xc /opt/st/stm32cubeide_1.18.0/plugins/com.st.stm32cube.ide.mcu.externaltools.gnu-tools-for-stm32.13.3.rel1.linux64_1.0.0.202410170706/tools/bin/../lib/gcc/arm-none-eabi/13.3.1/../../../../arm-none-eabi/lib/thumb/v7e-m+fp/hard/libc_nano.a(libc_a-mlock.o)
                0x08009cc0                __malloc_lock
 .text.__malloc_unlock
                0x08009ccc        0xc /opt/st/stm32cubeide_1.18.0/plugins/com.st.stm32cube.ide.mcu.externaltools.gnu-tools-for-stm32.13.3.rel1.linux64_1.0.0.202410170706/tools/bin/../lib/gcc/arm-none-eabi/13.3.1/../../../../arm-none-eabi/lib/thumb/v7e-m+fp/hard/libc_nano.a(libc_a-mlock.o)
                0x08009ccc                __malloc_unlock
 .text.__ssputs_r
                0x08009cd8       0xb6 /opt/st/stm32cubeide_1.18.0/plugins/com.st.stm32cube.ide.mcu.externaltools.gnu-tools-for-stm32.13.3.rel1.linux64_1.0.0.202410170706/tools/bin/../lib/gcc/arm-none-eabi/13.3.1/../../../../arm-none-eabi/lib/thumb/v7e-m+fp/hard/libc_nano.a(libc_a-nano-svfprintf.o)
                0x08009cd8                __ssputs_r
 *fill*         0x08009d8e        0x2 
 .text._svfprintf_r
                0x08009d90      0x1f8 /opt/st/stm32cubeide_1.18.0/plugins/com.st.stm32cube.ide.mcu.externaltools.gnu-tools-for-stm32.13.3.rel1.linux64_1.0.0.202410170706/tools/bin/../lib/gcc/arm-none-eabi/13.3.1/../../../../arm-none-eabi/lib/thumb/v7e-m+fp/hard/libc_nano.a(libc_a-nano-svfprintf.o)
                0x08009d90                _svfprintf_r
                0x08009d90                _svfiprintf_r
 .text._printf_common
                0x08009f88       0xda /opt/st/stm32cubeide_1.18.0/plugins/com.st.stm32cube.ide.mcu.externaltools.gnu-tools-for-stm32.13.3.rel1.linux64_1.0.0.202410170706/tools/bin/../lib/gcc/arm-none-eabi/13.3.1/../../../../arm-none-eabi/lib/thumb/v7e-m+fp/hard/libc_nano.a(libc_a-nano-vfprintf_i.o)
                0x08009f88                _printf_common
 *fill*         0x0800a062        0x2 
 .text._printf_i
                0x0800a064      0x23c /opt/st/stm32cubeide_1.18.0/plugins/com.st.stm32cube.ide.mcu.externaltools.gnu-tools-for-stm32.13.3.rel1.linux64_1.0.0.202410170706/tools/bin/../lib/gcc/arm-none-eabi/13.3.1/../../../../arm-none-eabi/lib/thumb/v7e-m+fp/hard/libc_nano.a(libc_a-nano-vfprintf_i.o)
                0x0800a064                _printf_i
 .text.memmove  0x0800a2a0       0x34 /opt/st/stm32cubeide_1.18.0/plugins/com.st.stm32cube.ide.mcu.externaltools.gnu-tools-for-stm32.13.3.rel1.linux64_1.0.0.202410170706/tools/bin/../lib/gcc/arm-none-eabi/13.3.1/../../../../arm-none-eabi/lib/thumb/v7e-m+fp/hard/libc_nano.a(libc_a-memmove.o)
                0x0800a2a0                memmove
 .text._sbrk_r  0x0800a2d4       0x20 /opt/st/stm32cubeide_1.18.0/plugins/com.st.stm32cube.ide.mcu.externaltools.gnu-tools-for-stm32.13.3.rel1.linux64_1.0.0.202410170706/tools/bin/../lib/gcc/arm-none-eabi/13.3.1/../../../../arm-none-eabi/lib/thumb/v7e-m+fp/hard/libc_nano.a(libc_a-sbrkr.o)
                0x0800a2d4                _sbrk_r
 .text._realloc_r
                0x0800a2f4       0x5c /opt/st/stm32cubeide_1.18.0/plugins/com.st.stm32cube.ide.mcu.externaltools.gnu-tools-for-stm32.13.3.rel1.linux64_1.0.0.202410170706/tools/bin/../lib/gcc/arm-none-eabi/13.3.1/../../../../arm-none-eabi/lib/thumb/v7e-m+fp/hard/libc_nano.a(libc_a-reallocr.o)
                0x0800a2f4                _realloc_r
 .text._malloc_usable_size_r
                0x0800a350       0x10 /opt/st/stm32cubeide_1.18.0/plugins/com.st.stm32cube.ide.mcu.externaltools.gnu-tools-for-stm32.13.3.rel1.linux64_1.0.0.202410170706/tools/bin/../lib/gcc/arm-none-eabi/13.3.1/../../../../arm-none-eabi/lib/thumb/v7e-m+fp/hard/libc_nano.a(libc_a-msizer.o)
                0x0800a350                _malloc_usable_size_r
 .text._sbrk    0x0800a360       0x1c /opt/st/stm32cubeide_1.18.0/plugins/com.st.stm32cube.ide.mcu.externaltools.gnu-tools-for-stm32.13.3.rel1.linux64_1.0.0.202410170706/tools/bin/../lib/gcc/arm-none-eabi/13.3.1/../../../../arm-none-eabi/lib/thumb/v7e-m+fp/hard/libnosys.a(sbrk.o)
                0x0800a360                _sbrk
 *(.glue_7)
 .glue_7        0x0800a37c        0x0 linker stubs
 *(.glue_7t)
 .glue_7t       0x0800a37c        0x0 linker stubs
 *(.eh_frame)
 .eh_frame      0x0800a37c        0x0 /opt/st/stm32cubeide_1.18.0/plugins/com.st.stm32cube.ide.mcu.externaltools.gnu-tools-for-stm32.13.3.rel1.linux64_1.0.0.202410170706/tools/bin/../lib/gcc/arm-none-eabi/13.3.1/thumb/v7e-m+fp/hard/crtbegin.o
 *(.init)
 .init          0x0800a37c        0x4 /opt/st/stm32cubeide_1.18.0/plugins/com.st.stm32cube.ide.mcu.externaltools.gnu-tools-for-stm32.13.3.rel1.linux64_1.0.0.202410170706/tools/bin/../lib/gcc/arm-none-eabi/13.3.1/thumb/v7e-m+fp/hard/crti.o
                0x0800a37c                _init
 .init          0x0800a380        0x8 /opt/st/stm32cubeide_1.18.0/plugins/com.st.stm32cube.ide.mcu.externaltools.gnu-tools-for-stm32.13.3.rel1.linux64_1.0.0.202410170706/tools/bin/../lib/gcc/arm-none-eabi/13.3.1/thumb/v7e-m+fp/hard/crtn.o
 *(.fini)
 .fini          0x0800a388        0x4 /opt/st/stm32cubeide_1.18.0/plugins/com.st.stm32cube.ide.mcu.externaltools.gnu-tools-for-stm32.13.3.rel1.linux64_1.0.0.202410170706/tools/bin/../lib/gcc/arm-none-eabi/13.3.1/thumb/v7e-m+fp/hard/crti.o
                0x0800a388                _fini
 .fini          0x0800a38c        0x8 /opt/st/stm32cubeide_1.18.0/plugins/com.st.stm32cube.ide.mcu.externaltools.gnu-tools-for-stm32.13.3.rel1.linux64_1.0.0.202410170706/tools/bin/../lib/gcc/arm-none-eabi/13.3.1/thumb/v7e-m+fp/hard/crtn.o
                0x0800a394                        . = ALIGN (0x4)
                0x0800a394                        _etext = .

.vfp11_veneer   0x0800a394        0x0
 .vfp11_veneer  0x0800a394        0x0 linker stubs

.v4_bx          0x0800a394        0x0
 .v4_bx         0x0800a394        0x0 linker stubs

.iplt           0x0800a394        0x0
 .iplt          0x0800a394        0x0 /opt/st/stm32cubeide_1.18.0/plugins/com.st.stm32cube.ide.mcu.externaltools.gnu-tools-for-stm32.13.3.rel1.linux64_1.0.0.202410170706/tools/bin/../lib/gcc/arm-none-eabi/13.3.1/thumb/v7e-m+fp/hard/crtbegin.o

.rodata         0x0800a394      0x950
                0x0800a394                        . = ALIGN (0x4)
 *(.rodata)
 .rodata        0x0800a394       0x30 ./Core/Src/ DECISION.o
 .rodata        0x0800a3c4        0xf ./Core/Src/CAN_COMM.o
 *fill*         0x0800a3d3        0x1 
 .rodata        0x0800a3d4       0x43 ./Core/Src/OLED_DISPLAY.o
 *fill*         0x0800a417        0x1 
 .rodata        0x0800a418       0x2d ./Core/Src/freertos_tasks.o
 *fill*         0x0800a445        0x3 
 .rodata        0x0800a448       0x37 ./Core/Src/main.o
 *fill*         0x0800a47f        0x1 
 .rodata        0x0800a480        0x5 ./Middle/ThirdParty/FreeRTOS/tasks.o
 *fill*         0x0800a485        0x3 
 .rodata        0x0800a488        0xd ./Middle/ThirdParty/FreeRTOS/timers.o
 *fill*         0x0800a495        0x3 
 .rodata        0x0800a498       0x58 ./Middle/ThirdParty/SEGGER/OS/SEGGER_SYSVIEW_FreeRTOS.o
 .rodata        0x0800a4f0        0x9 ./Middle/ThirdParty/SEGGER/SEGGER/SEGGER_RTT.o
 *(.rodata*)
 *fill*         0x0800a4f9        0x3 
 .rodata.Font7x10
                0x0800a4fc      0x76c ./Core/Src/ssd1306_fonts.o
 .rodata.Font_7x10
                0x0800ac68        0xc ./Core/Src/ssd1306_fonts.o
                0x0800ac68                Font_7x10
 .rodata.AHBPrescTable
                0x0800ac74       0x10 ./Core/Src/system_stm32f4xx.o
                0x0800ac74                AHBPrescTable
 .rodata.APBPrescTable
                0x0800ac84        0x8 ./Core/Src/system_stm32f4xx.o
                0x0800ac84                APBPrescTable
 .rodata.uxTopUsedPriority
                0x0800ac8c        0x4 ./Middle/ThirdParty/FreeRTOS/tasks.o
                0x0800ac8c                uxTopUsedPriority
 .rodata._aInitStr.0
                0x0800ac90       0x11 ./Middle/ThirdParty/SEGGER/SEGGER/SEGGER_RTT.o
 *fill*         0x0800aca1        0x3 
 .rodata._abSync
                0x0800aca4        0xa ./Middle/ThirdParty/SEGGER/SEGGER/SEGGER_SYSVIEW.o
 .rodata._svfprintf_r.str1.1
                0x0800acae       0x33 /opt/st/stm32cubeide_1.18.0/plugins/com.st.stm32cube.ide.mcu.externaltools.gnu-tools-for-stm32.13.3.rel1.linux64_1.0.0.202410170706/tools/bin/../lib/gcc/arm-none-eabi/13.3.1/../../../../arm-none-eabi/lib/thumb/v7e-m+fp/hard/libc_nano.a(libc_a-nano-svfprintf.o)
                                 0x11 (size before relaxing)
 .rodata._printf_i.str1.1
                0x0800ace1       0x22 /opt/st/stm32cubeide_1.18.0/plugins/com.st.stm32cube.ide.mcu.externaltools.gnu-tools-for-stm32.13.3.rel1.linux64_1.0.0.202410170706/tools/bin/../lib/gcc/arm-none-eabi/13.3.1/../../../../arm-none-eabi/lib/thumb/v7e-m+fp/hard/libc_nano.a(libc_a-nano-vfprintf_i.o)
                0x0800ad04                        . = ALIGN (0x4)
 *fill*         0x0800ace1        0x3 

.ARM.extab      0x0800ace4        0x0
                0x0800ace4                        . = ALIGN (0x4)
 *(.ARM.extab* .gnu.linkonce.armextab.*)
                0x0800ace4                        . = ALIGN (0x4)

.ARM            0x0800ace4        0x8
                0x0800ace4                        . = ALIGN (0x4)
                0x0800ace4                        __exidx_start = .
 *(.ARM.exidx*)
 .ARM.exidx     0x0800ace4        0x8 /opt/st/stm32cubeide_1.18.0/plugins/com.st.stm32cube.ide.mcu.externaltools.gnu-tools-for-stm32.13.3.rel1.linux64_1.0.0.202410170706/tools/bin/../lib/gcc/arm-none-eabi/13.3.1/../../../../arm-none-eabi/lib/thumb/v7e-m+fp/hard/libc_nano.a(libc_a-strlen.o)
 .ARM.exidx     0x0800acec        0x0 /opt/st/stm32cubeide_1.18.0/plugins/com.st.stm32cube.ide.mcu.externaltools.gnu-tools-for-stm32.13.3.rel1.linux64_1.0.0.202410170706/tools/bin/../lib/gcc/arm-none-eabi/13.3.1/../../../../arm-none-eabi/lib/thumb/v7e-m+fp/hard/libc_nano.a(libc_a-memchr.o)
                                  0x8 (size before relaxing)
 .ARM.exidx     0x0800acec        0x0 /opt/st/stm32cubeide_1.18.0/plugins/com.st.stm32cube.ide.mcu.externaltools.gnu-tools-for-stm32.13.3.rel1.linux64_1.0.0.202410170706/tools/bin/../lib/gcc/arm-none-eabi/13.3.1/thumb/v7e-m+fp/hard/libgcc.a(_udivmoddi4.o)
                                  0x8 (size before relaxing)
                0x0800acec                        __exidx_end = .
                0x0800acec                        . = ALIGN (0x4)

.preinit_array  0x0800acec        0x0
                0x0800acec                        . = ALIGN (0x4)
                0x0800acec                        PROVIDE (__preinit_array_start = .)
 *(.preinit_array*)
                0x0800acec                        PROVIDE (__preinit_array_end = .)
                0x0800acec                        . = ALIGN (0x4)

.init_array     0x0800acec        0x4
                0x0800acec                        . = ALIGN (0x4)
                0x0800acec                        PROVIDE (__init_array_start = .)
 *(SORT_BY_NAME(.init_array.*))
 *(.init_array*)
 .init_array    0x0800acec        0x4 /opt/st/stm32cubeide_1.18.0/plugins/com.st.stm32cube.ide.mcu.externaltools.gnu-tools-for-stm32.13.3.rel1.linux64_1.0.0.202410170706/tools/bin/../lib/gcc/arm-none-eabi/13.3.1/thumb/v7e-m+fp/hard/crtbegin.o
                0x0800acf0                        PROVIDE (__init_array_end = .)
                0x0800acf0                        . = ALIGN (0x4)

.fini_array     0x0800acf0        0x4
                0x0800acf0                        . = ALIGN (0x4)
                [!provide]                        PROVIDE (__fini_array_start = .)
 *(SORT_BY_NAME(.fini_array.*))
 *(.fini_array*)
 .fini_array    0x0800acf0        0x4 /opt/st/stm32cubeide_1.18.0/plugins/com.st.stm32cube.ide.mcu.externaltools.gnu-tools-for-stm32.13.3.rel1.linux64_1.0.0.202410170706/tools/bin/../lib/gcc/arm-none-eabi/13.3.1/thumb/v7e-m+fp/hard/crtbegin.o
                [!provide]                        PROVIDE (__fini_array_end = .)
                0x0800acf4                        . = ALIGN (0x4)
                0x0800acf4                        _sidata = LOADADDR (.data)

.rel.dyn        0x0800acf4        0x0
 .rel.iplt      0x0800acf4        0x0 /opt/st/stm32cubeide_1.18.0/plugins/com.st.stm32cube.ide.mcu.externaltools.gnu-tools-for-stm32.13.3.rel1.linux64_1.0.0.202410170706/tools/bin/../lib/gcc/arm-none-eabi/13.3.1/thumb/v7e-m+fp/hard/crtbegin.o

.data           0x20000000       0x64 load address 0x0800acf4
                0x20000000                        . = ALIGN (0x4)
                0x20000000                        _sdata = .
 *(.data)
 *(.data*)
 .data.firstReading
                0x20000000        0x1 ./Core/Src/SENSOR_TOF.o
 *fill*         0x20000001        0x3 
 .data.SystemCoreClock
                0x20000004        0x4 ./Core/Src/system_stm32f4xx.o
                0x20000004                SystemCoreClock
 .data.uwTickPrio
                0x20000008        0x4 ./Drivers/STM32F4xx_HAL_Driver/Src/stm32f4xx_hal.o
                0x20000008                uwTickPrio
 .data.uwTickFreq
                0x2000000c        0x1 ./Drivers/STM32F4xx_HAL_Driver/Src/stm32f4xx_hal.o
                0x2000000c                uwTickFreq
 *fill*         0x2000000d        0x3 
 .data.uxCriticalNesting
                0x20000010        0x4 ./Middle/ThirdParty/FreeRTOS/portable/GCC/ARM_CM4F/port.o
 .data._impure_ptr
                0x20000014        0x4 /opt/st/stm32cubeide_1.18.0/plugins/com.st.stm32cube.ide.mcu.externaltools.gnu-tools-for-stm32.13.3.rel1.linux64_1.0.0.202410170706/tools/bin/../lib/gcc/arm-none-eabi/13.3.1/../../../../arm-none-eabi/lib/thumb/v7e-m+fp/hard/libc_nano.a(libc_a-impure.o)
                0x20000014                _impure_ptr
 .data._impure_data
                0x20000018       0x4c /opt/st/stm32cubeide_1.18.0/plugins/com.st.stm32cube.ide.mcu.externaltools.gnu-tools-for-stm32.13.3.rel1.linux64_1.0.0.202410170706/tools/bin/../lib/gcc/arm-none-eabi/13.3.1/../../../../arm-none-eabi/lib/thumb/v7e-m+fp/hard/libc_nano.a(libc_a-impure.o)
                0x20000018                _impure_data
 *(.RamFunc)
 *(.RamFunc*)
                0x20000064                        . = ALIGN (0x4)
                0x20000064                        _edata = .
                0x0800ad58                        _siccmram = LOADADDR (.ccmram)

.igot.plt       0x20000064        0x0 load address 0x0800ad58
 .igot.plt      0x20000064        0x0 /opt/st/stm32cubeide_1.18.0/plugins/com.st.stm32cube.ide.mcu.externaltools.gnu-tools-for-stm32.13.3.rel1.linux64_1.0.0.202410170706/tools/bin/../lib/gcc/arm-none-eabi/13.3.1/thumb/v7e-m+fp/hard/crtbegin.o

.ccmram         0x10000000        0x0 load address 0x0800ad58
                0x10000000                        . = ALIGN (0x4)
                0x10000000                        _sccmram = .
 *(.ccmram)
 *(.ccmram*)
                0x10000000                        . = ALIGN (0x4)
                0x10000000                        _eccmram = .
                0x10000000                        . = ALIGN (0x4)

.bss            0x20000064    0x13bac
                0x20000064                        _sbss = .
                0x20000064                        __bss_start__ = _sbss
 *(.bss)
 .bss           0x20000064       0x1c /opt/st/stm32cubeide_1.18.0/plugins/com.st.stm32cube.ide.mcu.externaltools.gnu-tools-for-stm32.13.3.rel1.linux64_1.0.0.202410170706/tools/bin/../lib/gcc/arm-none-eabi/13.3.1/thumb/v7e-m+fp/hard/crtbegin.o
 *(.bss*)
 .bss.targetPWM
                0x20000080        0x1 ./Core/Src/ DECISION.o
 .bss.currentMode
                0x20000081        0x1 ./Core/Src/ DECISION.o
 *fill*         0x20000082        0x2 
 .bss.TxHeader  0x20000084       0x18 ./Core/Src/CAN_COMM.o
                0x20000084                TxHeader
 .bss.RxHeader  0x2000009c       0x1c ./Core/Src/CAN_COMM.o
                0x2000009c                RxHeader
 .bss.RxData    0x200000b8        0x8 ./Core/Src/CAN_COMM.o
                0x200000b8                RxData
 .bss.line1     0x200000c0       0x1e ./Core/Src/OLED_DISPLAY.o
 .bss.currentPWM
                0x200000de        0x1 ./Core/Src/RAMP_CONTROL.o
 .bss.targetPWM
                0x200000df        0x1 ./Core/Src/RAMP_CONTROL.o
 .bss.target    0x200000e0        0x1 ./Core/Src/RAMP_CONTROL.o
                0x200000e0                target
 *fill*         0x200000e1        0x1 
 .bss.previousDistance
                0x200000e2        0x2 ./Core/Src/RELATIVE_SPEED.o
 .bss.relativeSpeed
                0x200000e4        0x2 ./Core/Src/RELATIVE_SPEED.o
 *fill*         0x200000e6        0x2 
 .bss.filteredDistance
                0x200000e8        0x4 ./Core/Src/SENSOR_TOF.o
 .bss.DecisionTaskHandle
                0x200000ec        0x4 ./Core/Src/freertos_tasks.o
                0x200000ec                DecisionTaskHandle
 .bss.OLEDTaskHandle
                0x200000f0        0x4 ./Core/Src/freertos_tasks.o
                0x200000f0                OLEDTaskHandle
 .bss.distance  0x200000f4        0x2 ./Core/Src/freertos_tasks.o
                0x200000f4                distance
 *fill*         0x200000f6        0x2 
 .bss.hcan1     0x200000f8       0x28 ./Core/Src/main.o
                0x200000f8                hcan1
 .bss.hi2c1     0x20000120       0x54 ./Core/Src/main.o
                0x20000120                hi2c1
 .bss.hi2c2     0x20000174       0x54 ./Core/Src/main.o
                0x20000174                hi2c2
 .bss.htim1     0x200001c8       0x48 ./Core/Src/main.o
                0x200001c8                htim1
 .bss.huart5    0x20000210       0x48 ./Core/Src/main.o
                0x20000210                huart5
 .bss.SSD1306_Buffer
                0x20000258      0x400 ./Core/Src/ssd1306.o
 .bss.SSD1306   0x20000658        0x6 ./Core/Src/ssd1306.o
 *fill*         0x2000065e        0x2 
 .bss.htim3     0x20000660       0x48 ./Core/Src/stm32f4xx_hal_timebase_tim.o
                0x20000660                htim3
 .bss.uwTick    0x200006a8        0x4 ./Drivers/STM32F4xx_HAL_Driver/Src/stm32f4xx_hal.o
                0x200006a8                uwTick
 .bss.xQueueRegistry
                0x200006ac       0x40 ./Middle/ThirdParty/FreeRTOS/queue.o
                0x200006ac                xQueueRegistry
 .bss.pxCurrentTCB
                0x200006ec        0x4 ./Middle/ThirdParty/FreeRTOS/tasks.o
                0x200006ec                pxCurrentTCB
 .bss.pxReadyTasksLists
                0x200006f0       0x64 ./Middle/ThirdParty/FreeRTOS/tasks.o
 .bss.xDelayedTaskList1
                0x20000754       0x14 ./Middle/ThirdParty/FreeRTOS/tasks.o
 .bss.xDelayedTaskList2
                0x20000768       0x14 ./Middle/ThirdParty/FreeRTOS/tasks.o
 .bss.pxDelayedTaskList
                0x2000077c        0x4 ./Middle/ThirdParty/FreeRTOS/tasks.o
 .bss.pxOverflowDelayedTaskList
                0x20000780        0x4 ./Middle/ThirdParty/FreeRTOS/tasks.o
 .bss.xPendingReadyList
                0x20000784       0x14 ./Middle/ThirdParty/FreeRTOS/tasks.o
 .bss.xTasksWaitingTermination
                0x20000798       0x14 ./Middle/ThirdParty/FreeRTOS/tasks.o
 .bss.uxDeletedTasksWaitingCleanUp
                0x200007ac        0x4 ./Middle/ThirdParty/FreeRTOS/tasks.o
 .bss.xSuspendedTaskList
                0x200007b0       0x14 ./Middle/ThirdParty/FreeRTOS/tasks.o
 .bss.uxCurrentNumberOfTasks
                0x200007c4        0x4 ./Middle/ThirdParty/FreeRTOS/tasks.o
 .bss.xTickCount
                0x200007c8        0x4 ./Middle/ThirdParty/FreeRTOS/tasks.o
 .bss.uxTopReadyPriority
                0x200007cc        0x4 ./Middle/ThirdParty/FreeRTOS/tasks.o
 .bss.xSchedulerRunning
                0x200007d0        0x4 ./Middle/ThirdParty/FreeRTOS/tasks.o
 .bss.xPendedTicks
                0x200007d4        0x4 ./Middle/ThirdParty/FreeRTOS/tasks.o
 .bss.xYieldPending
                0x200007d8        0x4 ./Middle/ThirdParty/FreeRTOS/tasks.o
 .bss.xNumOfOverflows
                0x200007dc        0x4 ./Middle/ThirdParty/FreeRTOS/tasks.o
 .bss.uxTaskNumber
                0x200007e0        0x4 ./Middle/ThirdParty/FreeRTOS/tasks.o
 .bss.xNextTaskUnblockTime
                0x200007e4        0x4 ./Middle/ThirdParty/FreeRTOS/tasks.o
 .bss.xIdleTaskHandle
                0x200007e8        0x4 ./Middle/ThirdParty/FreeRTOS/tasks.o
 .bss.uxSchedulerSuspended
                0x200007ec        0x4 ./Middle/ThirdParty/FreeRTOS/tasks.o
 .bss.xActiveTimerList1
                0x200007f0       0x14 ./Middle/ThirdParty/FreeRTOS/timers.o
 .bss.xActiveTimerList2
                0x20000804       0x14 ./Middle/ThirdParty/FreeRTOS/timers.o
 .bss.pxCurrentTimerList
                0x20000818        0x4 ./Middle/ThirdParty/FreeRTOS/timers.o
 .bss.pxOverflowTimerList
                0x2000081c        0x4 ./Middle/ThirdParty/FreeRTOS/timers.o
 .bss.xTimerQueue
                0x20000820        0x4 ./Middle/ThirdParty/FreeRTOS/timers.o
 .bss.xTimerTaskHandle
                0x20000824        0x4 ./Middle/ThirdParty/FreeRTOS/timers.o
 .bss.xLastTime.0
                0x20000828        0x4 ./Middle/ThirdParty/FreeRTOS/timers.o
 .bss.ucMaxSysCallPriority
                0x2000082c        0x1 ./Middle/ThirdParty/FreeRTOS/portable/GCC/ARM_CM4F/port.o
 *fill*         0x2000082d        0x3 
 .bss.ulMaxPRIGROUPValue
                0x20000830        0x4 ./Middle/ThirdParty/FreeRTOS/portable/GCC/ARM_CM4F/port.o
 .bss.ucHeap    0x20000834    0x12c00 ./Middle/ThirdParty/FreeRTOS/portable/MemMang/heap_4.o
 .bss.xStart    0x20013434        0x8 ./Middle/ThirdParty/FreeRTOS/portable/MemMang/heap_4.o
 .bss.pxEnd     0x2001343c        0x4 ./Middle/ThirdParty/FreeRTOS/portable/MemMang/heap_4.o
 .bss.xFreeBytesRemaining
                0x20013440        0x4 ./Middle/ThirdParty/FreeRTOS/portable/MemMang/heap_4.o
 .bss.xMinimumEverFreeBytesRemaining
                0x20013444        0x4 ./Middle/ThirdParty/FreeRTOS/portable/MemMang/heap_4.o
 .bss.xNumberOfSuccessfulAllocations
                0x20013448        0x4 ./Middle/ThirdParty/FreeRTOS/portable/MemMang/heap_4.o
 .bss.xNumberOfSuccessfulFrees
                0x2001344c        0x4 ./Middle/ThirdParty/FreeRTOS/portable/MemMang/heap_4.o
 .bss.xBlockAllocatedBit
                0x20013450        0x4 ./Middle/ThirdParty/FreeRTOS/portable/MemMang/heap_4.o
 .bss._aTasks   0x20013454       0xa0 ./Middle/ThirdParty/SEGGER/OS/SEGGER_SYSVIEW_FreeRTOS.o
 .bss._NumTasks
                0x200134f4        0x4 ./Middle/ThirdParty/SEGGER/OS/SEGGER_SYSVIEW_FreeRTOS.o
 .bss._SEGGER_RTT
                0x200134f8       0xa8 ./Middle/ThirdParty/SEGGER/SEGGER/SEGGER_RTT.o
                0x200134f8                _SEGGER_RTT
 .bss._acUpBuffer
                0x200135a0      0x400 ./Middle/ThirdParty/SEGGER/SEGGER/SEGGER_RTT.o
 .bss._acDownBuffer
                0x200139a0       0x10 ./Middle/ThirdParty/SEGGER/SEGGER/SEGGER_RTT.o
 .bss._SYSVIEW_Globals
                0x200139b0       0x28 ./Middle/ThirdParty/SEGGER/SEGGER/SEGGER_SYSVIEW.o
 .bss._pFirstModule
                0x200139d8        0x4 ./Middle/ThirdParty/SEGGER/SEGGER/SEGGER_SYSVIEW.o
 .bss._NumModules
                0x200139dc        0x1 ./Middle/ThirdParty/SEGGER/SEGGER/SEGGER_SYSVIEW.o
 *fill*         0x200139dd        0x3 
 .bss._aPacket  0x200139e0       0xe3 ./Middle/ThirdParty/SEGGER/SEGGER/SEGGER_SYSVIEW.o
 *fill*         0x20013ac3        0x1 
 .bss.__sf      0x20013ac4      0x138 /opt/st/stm32cubeide_1.18.0/plugins/com.st.stm32cube.ide.mcu.externaltools.gnu-tools-for-stm32.13.3.rel1.linux64_1.0.0.202410170706/tools/bin/../lib/gcc/arm-none-eabi/13.3.1/../../../../arm-none-eabi/lib/thumb/v7e-m+fp/hard/libc_nano.a(libc_a-findfp.o)
                0x20013ac4                __sf
 .bss.errno     0x20013bfc        0x4 /opt/st/stm32cubeide_1.18.0/plugins/com.st.stm32cube.ide.mcu.externaltools.gnu-tools-for-stm32.13.3.rel1.linux64_1.0.0.202410170706/tools/bin/../lib/gcc/arm-none-eabi/13.3.1/../../../../arm-none-eabi/lib/thumb/v7e-m+fp/hard/libc_nano.a(libc_a-reent.o)
                0x20013bfc                errno
 .bss.__lock___malloc_recursive_mutex
                0x20013c00        0x1 /opt/st/stm32cubeide_1.18.0/plugins/com.st.stm32cube.ide.mcu.externaltools.gnu-tools-for-stm32.13.3.rel1.linux64_1.0.0.202410170706/tools/bin/../lib/gcc/arm-none-eabi/13.3.1/../../../../arm-none-eabi/lib/thumb/v7e-m+fp/hard/libc_nano.a(libc_a-lock.o)
                0x20013c00                __lock___malloc_recursive_mutex
 *fill*         0x20013c01        0x3 
 .bss.__malloc_sbrk_start
                0x20013c04        0x4 /opt/st/stm32cubeide_1.18.0/plugins/com.st.stm32cube.ide.mcu.externaltools.gnu-tools-for-stm32.13.3.rel1.linux64_1.0.0.202410170706/tools/bin/../lib/gcc/arm-none-eabi/13.3.1/../../../../arm-none-eabi/lib/thumb/v7e-m+fp/hard/libc_nano.a(libc_a-mallocr.o)
                0x20013c04                __malloc_sbrk_start
 .bss.__malloc_free_list
                0x20013c08        0x4 /opt/st/stm32cubeide_1.18.0/plugins/com.st.stm32cube.ide.mcu.externaltools.gnu-tools-for-stm32.13.3.rel1.linux64_1.0.0.202410170706/tools/bin/../lib/gcc/arm-none-eabi/13.3.1/../../../../arm-none-eabi/lib/thumb/v7e-m+fp/hard/libc_nano.a(libc_a-mallocr.o)
                0x20013c08                __malloc_free_list
 .bss.heap_end.0
                0x20013c0c        0x4 /opt/st/stm32cubeide_1.18.0/plugins/com.st.stm32cube.ide.mcu.externaltools.gnu-tools-for-stm32.13.3.rel1.linux64_1.0.0.202410170706/tools/bin/../lib/gcc/arm-none-eabi/13.3.1/../../../../arm-none-eabi/lib/thumb/v7e-m+fp/hard/libnosys.a(sbrk.o)
 *(COMMON)
                0x20013c10                        . = ALIGN (0x4)
                0x20013c10                        _ebss = .
                0x20013c10                        __bss_end__ = _ebss

._user_heap_stack
                0x20013c10      0x600
                0x20013c10                        . = ALIGN (0x8)
                0x20013c10                        PROVIDE (end = .)
                [!provide]                        PROVIDE (_end = .)
                0x20013e10                        . = (. + _Min_Heap_Size)
 *fill*         0x20013c10      0x200 
                0x20014210                        . = (. + _Min_Stack_Size)
 *fill*         0x20013e10      0x400 
                0x20014210                        . = ALIGN (0x8)

/DISCARD/
 libc.a(*)
 libm.a(*)
 libgcc.a(*)

.ARM.attributes
                0x00000000       0x30
 *(.ARM.attributes)
 .ARM.attributes
                0x00000000       0x22 /opt/st/stm32cubeide_1.18.0/plugins/com.st.stm32cube.ide.mcu.externaltools.gnu-tools-for-stm32.13.3.rel1.linux64_1.0.0.202410170706/tools/bin/../lib/gcc/arm-none-eabi/13.3.1/thumb/v7e-m+fp/hard/crti.o
 .ARM.attributes
                0x00000022       0x34 /opt/st/stm32cubeide_1.18.0/plugins/com.st.stm32cube.ide.mcu.externaltools.gnu-tools-for-stm32.13.3.rel1.linux64_1.0.0.202410170706/tools/bin/../lib/gcc/arm-none-eabi/13.3.1/thumb/v7e-m+fp/hard/crtbegin.o
 .ARM.attributes
                0x00000056       0x34 ./Core/Src/ DECISION.o
 .ARM.attributes
                0x0000008a       0x34 ./Core/Src/CAN_COMM.o
 .ARM.attributes
                0x000000be       0x34 ./Core/Src/MOTOR_CONTROL.o
 .ARM.attributes
                0x000000f2       0x34 ./Core/Src/OLED_DISPLAY.o
 .ARM.attributes
                0x00000126       0x34 ./Core/Src/RAMP_CONTROL.o
 .ARM.attributes
                0x0000015a       0x34 ./Core/Src/RELATIVE_SPEED.o
 .ARM.attributes
                0x0000018e       0x34 ./Core/Src/SENSOR_TOF.o
 .ARM.attributes
                0x000001c2       0x34 ./Core/Src/freertos_tasks.o
 .ARM.attributes
                0x000001f6       0x34 ./Core/Src/main.o
 .ARM.attributes
                0x0000022a       0x34 ./Core/Src/ssd1306.o
 .ARM.attributes
                0x0000025e       0x34 ./Core/Src/ssd1306_fonts.o
 .ARM.attributes
                0x00000292       0x34 ./Core/Src/stm32f4xx_hal_msp.o
 .ARM.attributes
                0x000002c6       0x34 ./Core/Src/stm32f4xx_hal_timebase_tim.o
 .ARM.attributes
                0x000002fa       0x34 ./Core/Src/stm32f4xx_it.o
 .ARM.attributes
                0x0000032e       0x34 ./Core/Src/system_stm32f4xx.o
 .ARM.attributes
                0x00000362       0x21 ./Core/Startup/startup_stm32f407vgtx.o
 .ARM.attributes
                0x00000383       0x34 ./Drivers/STM32F4xx_HAL_Driver/Src/stm32f4xx_hal.o
 .ARM.attributes
                0x000003b7       0x34 ./Drivers/STM32F4xx_HAL_Driver/Src/stm32f4xx_hal_can.o
 .ARM.attributes
                0x000003eb       0x34 ./Drivers/STM32F4xx_HAL_Driver/Src/stm32f4xx_hal_cortex.o
 .ARM.attributes
                0x0000041f       0x34 ./Drivers/STM32F4xx_HAL_Driver/Src/stm32f4xx_hal_gpio.o
 .ARM.attributes
                0x00000453       0x34 ./Drivers/STM32F4xx_HAL_Driver/Src/stm32f4xx_hal_i2c.o
 .ARM.attributes
                0x00000487       0x34 ./Drivers/STM32F4xx_HAL_Driver/Src/stm32f4xx_hal_rcc.o
 .ARM.attributes
                0x000004bb       0x34 ./Drivers/STM32F4xx_HAL_Driver/Src/stm32f4xx_hal_tim.o
 .ARM.attributes
                0x000004ef       0x34 ./Drivers/STM32F4xx_HAL_Driver/Src/stm32f4xx_hal_tim_ex.o
 .ARM.attributes
                0x00000523       0x34 ./Drivers/STM32F4xx_HAL_Driver/Src/stm32f4xx_hal_uart.o
 .ARM.attributes
                0x00000557       0x34 ./Middle/ThirdParty/FreeRTOS/list.o
 .ARM.attributes
                0x0000058b       0x34 ./Middle/ThirdParty/FreeRTOS/queue.o
 .ARM.attributes
                0x000005bf       0x34 ./Middle/ThirdParty/FreeRTOS/tasks.o
 .ARM.attributes
                0x000005f3       0x34 ./Middle/ThirdParty/FreeRTOS/timers.o
 .ARM.attributes
                0x00000627       0x34 ./Middle/ThirdParty/FreeRTOS/portable/GCC/ARM_CM4F/port.o
 .ARM.attributes
                0x0000065b       0x34 ./Middle/ThirdParty/FreeRTOS/portable/MemMang/heap_4.o
 .ARM.attributes
                0x0000068f       0x34 ./Middle/ThirdParty/SEGGER/OS/SEGGER_SYSVIEW_FreeRTOS.o
 .ARM.attributes
                0x000006c3       0x34 ./Middle/ThirdParty/SEGGER/SEGGER/SEGGER_RTT.o
 .ARM.attributes
                0x000006f7       0x20 ./Middle/ThirdParty/SEGGER/SEGGER/SEGGER_RTT_ASM_ARMv7M.o
 .ARM.attributes
                0x00000717       0x34 ./Middle/ThirdParty/SEGGER/SEGGER/SEGGER_SYSVIEW.o
 .ARM.attributes
                0x0000074b       0x34 /opt/st/stm32cubeide_1.18.0/plugins/com.st.stm32cube.ide.mcu.externaltools.gnu-tools-for-stm32.13.3.rel1.linux64_1.0.0.202410170706/tools/bin/../lib/gcc/arm-none-eabi/13.3.1/../../../../arm-none-eabi/lib/thumb/v7e-m+fp/hard/libc_nano.a(libc_a-findfp.o)
 .ARM.attributes
                0x0000077f       0x34 /opt/st/stm32cubeide_1.18.0/plugins/com.st.stm32cube.ide.mcu.externaltools.gnu-tools-for-stm32.13.3.rel1.linux64_1.0.0.202410170706/tools/bin/../lib/gcc/arm-none-eabi/13.3.1/../../../../arm-none-eabi/lib/thumb/v7e-m+fp/hard/libc_nano.a(libc_a-sprintf.o)
 .ARM.attributes
                0x000007b3       0x34 /opt/st/stm32cubeide_1.18.0/plugins/com.st.stm32cube.ide.mcu.externaltools.gnu-tools-for-stm32.13.3.rel1.linux64_1.0.0.202410170706/tools/bin/../lib/gcc/arm-none-eabi/13.3.1/../../../../arm-none-eabi/lib/thumb/v7e-m+fp/hard/libc_nano.a(libc_a-memcmp.o)
 .ARM.attributes
                0x000007e7       0x34 /opt/st/stm32cubeide_1.18.0/plugins/com.st.stm32cube.ide.mcu.externaltools.gnu-tools-for-stm32.13.3.rel1.linux64_1.0.0.202410170706/tools/bin/../lib/gcc/arm-none-eabi/13.3.1/../../../../arm-none-eabi/lib/thumb/v7e-m+fp/hard/libc_nano.a(libc_a-memset.o)
 .ARM.attributes
                0x0000081b       0x34 /opt/st/stm32cubeide_1.18.0/plugins/com.st.stm32cube.ide.mcu.externaltools.gnu-tools-for-stm32.13.3.rel1.linux64_1.0.0.202410170706/tools/bin/../lib/gcc/arm-none-eabi/13.3.1/../../../../arm-none-eabi/lib/thumb/v7e-m+fp/hard/libc_nano.a(libc_a-reent.o)
 .ARM.attributes
                0x0000084f       0x34 /opt/st/stm32cubeide_1.18.0/plugins/com.st.stm32cube.ide.mcu.externaltools.gnu-tools-for-stm32.13.3.rel1.linux64_1.0.0.202410170706/tools/bin/../lib/gcc/arm-none-eabi/13.3.1/../../../../arm-none-eabi/lib/thumb/v7e-m+fp/hard/libc_nano.a(libc_a-impure.o)
 .ARM.attributes
                0x00000883       0x34 /opt/st/stm32cubeide_1.18.0/plugins/com.st.stm32cube.ide.mcu.externaltools.gnu-tools-for-stm32.13.3.rel1.linux64_1.0.0.202410170706/tools/bin/../lib/gcc/arm-none-eabi/13.3.1/../../../../arm-none-eabi/lib/thumb/v7e-m+fp/hard/libc_nano.a(libc_a-init.o)
 .ARM.attributes
                0x000008b7       0x34 /opt/st/stm32cubeide_1.18.0/plugins/com.st.stm32cube.ide.mcu.externaltools.gnu-tools-for-stm32.13.3.rel1.linux64_1.0.0.202410170706/tools/bin/../lib/gcc/arm-none-eabi/13.3.1/../../../../arm-none-eabi/lib/thumb/v7e-m+fp/hard/libc_nano.a(libc_a-lock.o)
 .ARM.attributes
                0x000008eb       0x34 /opt/st/stm32cubeide_1.18.0/plugins/com.st.stm32cube.ide.mcu.externaltools.gnu-tools-for-stm32.13.3.rel1.linux64_1.0.0.202410170706/tools/bin/../lib/gcc/arm-none-eabi/13.3.1/../../../../arm-none-eabi/lib/thumb/v7e-m+fp/hard/libc_nano.a(libc_a-memcpy-stub.o)
 .ARM.attributes
                0x0000091f       0x17 /opt/st/stm32cubeide_1.18.0/plugins/com.st.stm32cube.ide.mcu.externaltools.gnu-tools-for-stm32.13.3.rel1.linux64_1.0.0.202410170706/tools/bin/../lib/gcc/arm-none-eabi/13.3.1/../../../../arm-none-eabi/lib/thumb/v7e-m+fp/hard/libc_nano.a(libc_a-strlen.o)
 .ARM.attributes
                0x00000936       0x34 /opt/st/stm32cubeide_1.18.0/plugins/com.st.stm32cube.ide.mcu.externaltools.gnu-tools-for-stm32.13.3.rel1.linux64_1.0.0.202410170706/tools/bin/../lib/gcc/arm-none-eabi/13.3.1/../../../../arm-none-eabi/lib/thumb/v7e-m+fp/hard/libc_nano.a(libc_a-freer.o)
 .ARM.attributes
                0x0000096a       0x34 /opt/st/stm32cubeide_1.18.0/plugins/com.st.stm32cube.ide.mcu.externaltools.gnu-tools-for-stm32.13.3.rel1.linux64_1.0.0.202410170706/tools/bin/../lib/gcc/arm-none-eabi/13.3.1/../../../../arm-none-eabi/lib/thumb/v7e-m+fp/hard/libc_nano.a(libc_a-mallocr.o)
 .ARM.attributes
                0x0000099e       0x34 /opt/st/stm32cubeide_1.18.0/plugins/com.st.stm32cube.ide.mcu.externaltools.gnu-tools-for-stm32.13.3.rel1.linux64_1.0.0.202410170706/tools/bin/../lib/gcc/arm-none-eabi/13.3.1/../../../../arm-none-eabi/lib/thumb/v7e-m+fp/hard/libc_nano.a(libc_a-mlock.o)
 .ARM.attributes
                0x000009d2       0x34 /opt/st/stm32cubeide_1.18.0/plugins/com.st.stm32cube.ide.mcu.externaltools.gnu-tools-for-stm32.13.3.rel1.linux64_1.0.0.202410170706/tools/bin/../lib/gcc/arm-none-eabi/13.3.1/../../../../arm-none-eabi/lib/thumb/v7e-m+fp/hard/libc_nano.a(libc_a-nano-svfprintf.o)
 .ARM.attributes
                0x00000a06       0x34 /opt/st/stm32cubeide_1.18.0/plugins/com.st.stm32cube.ide.mcu.externaltools.gnu-tools-for-stm32.13.3.rel1.linux64_1.0.0.202410170706/tools/bin/../lib/gcc/arm-none-eabi/13.3.1/../../../../arm-none-eabi/lib/thumb/v7e-m+fp/hard/libc_nano.a(libc_a-nano-vfprintf_i.o)
 .ARM.attributes
                0x00000a3a       0x34 /opt/st/stm32cubeide_1.18.0/plugins/com.st.stm32cube.ide.mcu.externaltools.gnu-tools-for-stm32.13.3.rel1.linux64_1.0.0.202410170706/tools/bin/../lib/gcc/arm-none-eabi/13.3.1/../../../../arm-none-eabi/lib/thumb/v7e-m+fp/hard/libc_nano.a(libc_a-memmove.o)
 .ARM.attributes
                0x00000a6e       0x34 /opt/st/stm32cubeide_1.18.0/plugins/com.st.stm32cube.ide.mcu.externaltools.gnu-tools-for-stm32.13.3.rel1.linux64_1.0.0.202410170706/tools/bin/../lib/gcc/arm-none-eabi/13.3.1/../../../../arm-none-eabi/lib/thumb/v7e-m+fp/hard/libc_nano.a(libc_a-sbrkr.o)
 .ARM.attributes
                0x00000aa2       0x1c /opt/st/stm32cubeide_1.18.0/plugins/com.st.stm32cube.ide.mcu.externaltools.gnu-tools-for-stm32.13.3.rel1.linux64_1.0.0.202410170706/tools/bin/../lib/gcc/arm-none-eabi/13.3.1/../../../../arm-none-eabi/lib/thumb/v7e-m+fp/hard/libc_nano.a(libc_a-memchr.o)
 .ARM.attributes
                0x00000abe       0x34 /opt/st/stm32cubeide_1.18.0/plugins/com.st.stm32cube.ide.mcu.externaltools.gnu-tools-for-stm32.13.3.rel1.linux64_1.0.0.202410170706/tools/bin/../lib/gcc/arm-none-eabi/13.3.1/../../../../arm-none-eabi/lib/thumb/v7e-m+fp/hard/libc_nano.a(libc_a-reallocr.o)
 .ARM.attributes
                0x00000af2       0x34 /opt/st/stm32cubeide_1.18.0/plugins/com.st.stm32cube.ide.mcu.externaltools.gnu-tools-for-stm32.13.3.rel1.linux64_1.0.0.202410170706/tools/bin/../lib/gcc/arm-none-eabi/13.3.1/../../../../arm-none-eabi/lib/thumb/v7e-m+fp/hard/libc_nano.a(libc_a-msizer.o)
 .ARM.attributes
                0x00000b26       0x22 /opt/st/stm32cubeide_1.18.0/plugins/com.st.stm32cube.ide.mcu.externaltools.gnu-tools-for-stm32.13.3.rel1.linux64_1.0.0.202410170706/tools/bin/../lib/gcc/arm-none-eabi/13.3.1/thumb/v7e-m+fp/hard/libgcc.a(_aeabi_uldivmod.o)
 .ARM.attributes
                0x00000b48       0x34 /opt/st/stm32cubeide_1.18.0/plugins/com.st.stm32cube.ide.mcu.externaltools.gnu-tools-for-stm32.13.3.rel1.linux64_1.0.0.202410170706/tools/bin/../lib/gcc/arm-none-eabi/13.3.1/thumb/v7e-m+fp/hard/libgcc.a(_udivmoddi4.o)
 .ARM.attributes
                0x00000b7c       0x22 /opt/st/stm32cubeide_1.18.0/plugins/com.st.stm32cube.ide.mcu.externaltools.gnu-tools-for-stm32.13.3.rel1.linux64_1.0.0.202410170706/tools/bin/../lib/gcc/arm-none-eabi/13.3.1/thumb/v7e-m+fp/hard/libgcc.a(_dvmd_tls.o)
 .ARM.attributes
                0x00000b9e       0x34 /opt/st/stm32cubeide_1.18.0/plugins/com.st.stm32cube.ide.mcu.externaltools.gnu-tools-for-stm32.13.3.rel1.linux64_1.0.0.202410170706/tools/bin/../lib/gcc/arm-none-eabi/13.3.1/../../../../arm-none-eabi/lib/thumb/v7e-m+fp/hard/libnosys.a(sbrk.o)
 .ARM.attributes
                0x00000bd2       0x22 /opt/st/stm32cubeide_1.18.0/plugins/com.st.stm32cube.ide.mcu.externaltools.gnu-tools-for-stm32.13.3.rel1.linux64_1.0.0.202410170706/tools/bin/../lib/gcc/arm-none-eabi/13.3.1/thumb/v7e-m+fp/hard/crtn.o
OUTPUT(ECU_2.elf elf32-littlearm)
LOAD linker stubs
LOAD /opt/st/stm32cubeide_1.18.0/plugins/com.st.stm32cube.ide.mcu.externaltools.gnu-tools-for-stm32.13.3.rel1.linux64_1.0.0.202410170706/tools/bin/../lib/gcc/arm-none-eabi/13.3.1/../../../../arm-none-eabi/lib/thumb/v7e-m+fp/hard/libc.a