Archive member included to satisfy reference by file (symbol)

/opt/st/stm32cubeide_1.18.0/plugins/com.st.stm32cube.ide.mcu.externaltools.gnu-tools-for-stm32.13.3.rel1.linux64_1.0.0.202410170706/tools/bin/../lib/gcc/arm-none-eabi/13.3.1/../../../../arm-none-eabi/lib/thumb/v7e-m+fp/hard/libc_nano.a(libc_a-exit.o)
                              /opt/st/stm32cubeide_1.18.0/plugins/com.st.stm32cube.ide.mcu.externaltools.gnu-tools-for-stm32.13.3.rel1.linux64_1.0.0.202410170706/tools/bin/../lib/gcc/arm-none-eabi/13.3.1/../../../../arm-none-eabi/lib/thumb/v7e-m+fp/hard/crt0.o (exit)
/opt/st/stm32cubeide_1.18.0/plugins/com.st.stm32cube.ide.mcu.externaltools.gnu-tools-for-stm32.13.3.rel1.linux64_1.0.0.202410170706/tools/bin/../lib/gcc/arm-none-eabi/13.3.1/../../../../arm-none-eabi/lib/thumb/v7e-m+fp/hard/libc_nano.a(libc_a-findfp.o)
                              /opt/st/stm32cubeide_1.18.0/plugins/com.st.stm32cube.ide.mcu.externaltools.gnu-tools-for-stm32.13.3.rel1.linux64_1.0.0.202410170706/tools/bin/../lib/gcc/arm-none-eabi/13.3.1/../../../../arm-none-eabi/lib/thumb/v7e-m+fp/hard/libc_nano.a(libc_a-exit.o) (__stdio_exit_handler)
/opt/st/stm32cubeide_1.18.0/plugins/com.st.stm32cube.ide.mcu.externaltools.gnu-tools-for-stm32.13.3.rel1.linux64_1.0.0.202410170706/tools/bin/../lib/gcc/arm-none-eabi/13.3.1/../../../../arm-none-eabi/lib/thumb/v7e-m+fp/hard/libc_nano.a(libc_a-fwalk.o)
                              /opt/st/stm32cubeide_1.18.0/plugins/com.st.stm32cube.ide.mcu.externaltools.gnu-tools-for-stm32.13.3.rel1.linux64_1.0.0.202410170706/tools/bin/../lib/gcc/arm-none-eabi/13.3.1/../../../../arm-none-eabi/lib/thumb/v7e-m+fp/hard/libc_nano.a(libc_a-findfp.o) (_fwalk_sglue)
/opt/st/stm32cubeide_1.18.0/plugins/com.st.stm32cube.ide.mcu.externaltools.gnu-tools-for-stm32.13.3.rel1.linux64_1.0.0.202410170706/tools/bin/../lib/gcc/arm-none-eabi/13.3.1/../../../../arm-none-eabi/lib/thumb/v7e-m+fp/hard/libc_nano.a(libc_a-sprintf.o)
                              ./Core/Src/CAN_COMM.o (sprintf)
/opt/st/stm32cubeide_1.18.0/plugins/com.st.stm32cube.ide.mcu.externaltools.gnu-tools-for-stm32.13.3.rel1.linux64_1.0.0.202410170706/tools/bin/../lib/gcc/arm-none-eabi/13.3.1/../../../../arm-none-eabi/lib/thumb/v7e-m+fp/hard/libc_nano.a(libc_a-stdio.o)
                              /opt/st/stm32cubeide_1.18.0/plugins/com.st.stm32cube.ide.mcu.externaltools.gnu-tools-for-stm32.13.3.rel1.linux64_1.0.0.202410170706/tools/bin/../lib/gcc/arm-none-eabi/13.3.1/../../../../arm-none-eabi/lib/thumb/v7e-m+fp/hard/libc_nano.a(libc_a-findfp.o) (__sread)
/opt/st/stm32cubeide_1.18.0/plugins/com.st.stm32cube.ide.mcu.externaltools.gnu-tools-for-stm32.13.3.rel1.linux64_1.0.0.202410170706/tools/bin/../lib/gcc/arm-none-eabi/13.3.1/../../../../arm-none-eabi/lib/thumb/v7e-m+fp/hard/libc_nano.a(libc_a-memcmp.o)
                              ./Middle/ThirdParty/SEGGER/OS/SEGGER_SYSVIEW_FreeRTOS.o (memcmp)
/opt/st/stm32cubeide_1.18.0/plugins/com.st.stm32cube.ide.mcu.externaltools.gnu-tools-for-stm32.13.3.rel1.linux64_1.0.0.202410170706/tools/bin/../lib/gcc/arm-none-eabi/13.3.1/../../../../arm-none-eabi/lib/thumb/v7e-m+fp/hard/libc_nano.a(libc_a-memset.o)
                              /opt/st/stm32cubeide_1.18.0/plugins/com.st.stm32cube.ide.mcu.externaltools.gnu-tools-for-stm32.13.3.rel1.linux64_1.0.0.202410170706/tools/bin/../lib/gcc/arm-none-eabi/13.3.1/../../../../arm-none-eabi/lib/thumb/v7e-m+fp/hard/crt0.o (memset)
/opt/st/stm32cubeide_1.18.0/plugins/com.st.stm32cube.ide.mcu.externaltools.gnu-tools-for-stm32.13.3.rel1.linux64_1.0.0.202410170706/tools/bin/../lib/gcc/arm-none-eabi/13.3.1/../../../../arm-none-eabi/lib/thumb/v7e-m+fp/hard/libc_nano.a(libc_a-closer.o)
                              /opt/st/stm32cubeide_1.18.0/plugins/com.st.stm32cube.ide.mcu.externaltools.gnu-tools-for-stm32.13.3.rel1.linux64_1.0.0.202410170706/tools/bin/../lib/gcc/arm-none-eabi/13.3.1/../../../../arm-none-eabi/lib/thumb/v7e-m+fp/hard/libc_nano.a(libc_a-stdio.o) (_close_r)
/opt/st/stm32cubeide_1.18.0/plugins/com.st.stm32cube.ide.mcu.externaltools.gnu-tools-for-stm32.13.3.rel1.linux64_1.0.0.202410170706/tools/bin/../lib/gcc/arm-none-eabi/13.3.1/../../../../arm-none-eabi/lib/thumb/v7e-m+fp/hard/libc_nano.a(libc_a-reent.o)
                              /opt/st/stm32cubeide_1.18.0/plugins/com.st.stm32cube.ide.mcu.externaltools.gnu-tools-for-stm32.13.3.rel1.linux64_1.0.0.202410170706/tools/bin/../lib/gcc/arm-none-eabi/13.3.1/../../../../arm-none-eabi/lib/thumb/v7e-m+fp/hard/libc_nano.a(libc_a-closer.o) (errno)
/opt/st/stm32cubeide_1.18.0/plugins/com.st.stm32cube.ide.mcu.externaltools.gnu-tools-for-stm32.13.3.rel1.linux64_1.0.0.202410170706/tools/bin/../lib/gcc/arm-none-eabi/13.3.1/../../../../arm-none-eabi/lib/thumb/v7e-m+fp/hard/libc_nano.a(libc_a-impure.o)
[...]
Memory Configuration

Name             Origin             Length             Attributes
CCMRAM           0x10000000         0x00010000         xrw
RAM              0x20000000         0x00020000         xrw
FLASH            0x08000000         0x00100000         xr
*default*        0x00000000         0xffffffff

Linker script and memory map

LOAD /opt/st/stm32cubeide_1.18.0/plugins/com.st.stm32cube.ide.mcu.externaltools.gnu-tools-for-stm32.13.3.rel1.linux64_1.0.0.202410170706/tools/bin/../lib/gcc/arm-none-eabi/13.3.1/thumb/v7e-m+fp/hard/crti.o
LOAD /opt/st/stm32cubeide_1.18.0/plugins/com.st.stm32cube.ide.mcu.externaltools.gnu-tools-for-stm32.13.3.rel1.linux64_1.0.0.202410170706/tools/bin/../lib/gcc/arm-none-eabi/13.3.1/thumb/v7e-m+fp/hard/crtbegin.o
LOAD /opt/st/stm32cubeide_1.18.0/plugins/com.st.stm32cube.ide.mcu.externaltools.gnu-tools-for-stm32.13.3.rel1.linux64_1.0.0.202410170706/tools/bin/../lib/gcc/arm-none-eabi/13.3.1/../../../../arm-none-eabi/lib/thumb/v7e-m+fp/hard/crt0.o
LOAD ./Core/Src/CAN_COMM.o
LOAD ./Core/Src/Disc_F407.o
LOAD ./Core/Src/SENSOR_TOF.o
LOAD ./Core/Src/main.o
LOAD ./Core/Src/stm32f4xx_hal_msp.o
LOAD ./Core/Src/stm32f4xx_hal_timebase_tim.o
LOAD ./Core/Src/stm32f4xx_it.o
LOAD ./Core/Src/syscalls.o
LOAD ./Core/Src/system_stm32f4xx.o
LOAD ./Core/Startup/startup_stm32f407vgtx.o
LOAD ./Drivers/STM32F4xx_HAL_Driver/Src/stm32f4xx_hal.o
LOAD ./Drivers/STM32F4xx_HAL_Driver/Src/stm32f4xx_hal_can.o
LOAD ./Drivers/STM32F4xx_HAL_Driver/Src/stm32f4xx_hal_cortex.o
LOAD ./Drivers/STM32F4xx_HAL_Driver/Src/stm32f4xx_hal_dma.o
LOAD ./Drivers/STM32F4xx_HAL_Driver/Src/stm32f4xx_hal_dma_ex.o
LOAD ./Drivers/STM32F4xx_HAL_Driver/Src/stm32f4xx_hal_exti.o
LOAD ./Drivers/STM32F4xx_HAL_Driver/Src/stm32f4xx_hal_flash.o
LOAD ./Drivers/STM32F4xx_HAL_Driver/Src/stm32f4xx_hal_flash_ex.o
LOAD ./Drivers/STM32F4xx_HAL_Driver/Src/stm32f4xx_hal_flash_ramfunc.o
LOAD ./Drivers/STM32F4xx_HAL_Driver/Src/stm32f4xx_hal_gpio.o
LOAD ./Drivers/STM32F4xx_HAL_Driver/Src/stm32f4xx_hal_i2c.o
LOAD ./Drivers/STM32F4xx_HAL_Driver/Src/stm32f4xx_hal_i2c_ex.o
LOAD ./Drivers/STM32F4xx_HAL_Driver/Src/stm32f4xx_hal_pwr.o
LOAD ./Drivers/STM32F4xx_HAL_Driver/Src/stm32f4xx_hal_pwr_ex.o
LOAD ./Drivers/STM32F4xx_HAL_Driver/Src/stm32f4xx_hal_rcc.o
LOAD ./Drivers/STM32F4xx_HAL_Driver/Src/stm32f4xx_hal_rcc_ex.o
LOAD ./Drivers/STM32F4xx_HAL_Driver/Src/stm32f4xx_hal_tim.o
LOAD ./Drivers/STM32F4xx_HAL_Driver/Src/stm32f4xx_hal_tim_ex.o
LOAD ./Drivers/STM32F4xx_HAL_Driver/Src/stm32f4xx_hal_uart.o
LOAD ./Drivers/VL53L0X/core/src/vl53l0x_api.o
LOAD ./Drivers/VL53L0X/core/src/vl53l0x_api_calibration.o
LOAD ./Drivers/VL53L0X/core/src/vl53l0x_api_core.o
LOAD ./Drivers/VL53L0X/core/src/vl53l0x_api_ranging.o
LOAD ./Drivers/VL53L0X/core/src/vl53l0x_api_strings.o
LOAD ./Drivers/VL53L0X/platform/src/vl53l0x_platform.o
LOAD ./Drivers/VL53L0X/platform/src/vl53l0x_platform_log.o
LOAD ./Middle/ThirdParty/FreeRTOS/croutine.o
LOAD ./Middle/ThirdParty/FreeRTOS/event_groups.o
LOAD ./Middle/ThirdParty/FreeRTOS/list.o
LOAD ./Middle/ThirdParty/FreeRTOS/queue.o
LOAD ./Middle/ThirdParty/FreeRTOS/stream_buffer.o
LOAD ./Middle/ThirdParty/FreeRTOS/tasks.o
LOAD ./Middle/ThirdParty/FreeRTOS/timers.o
LOAD ./Middle/ThirdParty/FreeRTOS/portable/GCC/ARM_CM4F/port.o
LOAD ./Middle/ThirdParty/FreeRTOS/portable/MemMang/heap_4.o
LOAD ./Middle/ThirdParty/SEGGER/Config/SEGGER_SYSVIEW_Config_FreeRTOS.o
LOAD ./Middle/ThirdParty/SEGGER/OS/SEGGER_SYSVIEW_FreeRTOS.o
LOAD ./Middle/ThirdParty/SEGGER/SEGGER/SEGGER_RTT.o
LOAD ./Middle/ThirdParty/SEGGER/SEGGER/SEGGER_RTT_ASM_ARMv7M.o
LOAD ./Middle/ThirdParty/SEGGER/SEGGER/SEGGER_RTT_printf.o
LOAD ./Middle/ThirdParty/SEGGER/SEGGER/SEGGER_SYSVIEW.o
LOAD ./Middle/ThirdParty/SEGGER/SEGGER/Syscalls/SEGGER_RTT_Syscalls_GCC.o
START GROUP
LOAD /opt/st/stm32cubeide_1.18.0/plugins/com.st.stm32cube.ide.mcu.externaltools.gnu-tools-for-stm32.13.3.rel1.linux64_1.0.0.202410170706/tools/bin/../lib/gcc/arm-none-eabi/13.3.1/../../../../arm-none-eabi/lib/thumb/v7e-m+fp/hard/libc_nano.a
LOAD /opt/st/stm32cubeide_1.18.0/plugins/com.st.stm32cube.ide.mcu.externaltools.gnu-tools-for-stm32.13.3.rel1.linux64_1.0.0.202410170706/tools/bin/../lib/gcc/arm-none-eabi/13.3.1/../../../../arm-none-eabi/lib/thumb/v7e-m+fp/hard/libm.a
END GROUP
START GROUP
LOAD /opt/st/stm32cubeide_1.18.0/plugins/com.st.stm32cube.ide.mcu.externaltools.gnu-tools-for-stm32.13.3.rel1.linux64_1.0.0.202410170706/tools/bin/../lib/gcc/arm-none-eabi/13.3.1/thumb/v7e-m+fp/hard/libgcc.a
LOAD /opt/st/stm32cubeide_1.18.0/plugins/com.st.stm32cube.ide.mcu.externaltools.gnu-tools-for-stm32.13.3.rel1.linux64_1.0.0.202410170706/tools/bin/../lib/gcc/arm-none-eabi/13.3.1/../../../../arm-none-eabi/lib/thumb/v7e-m+fp/hard/libc_nano.a
END GROUP
START GROUP
LOAD /opt/st/stm32cubeide_1.18.0/plugins/com.st.stm32cube.ide.mcu.externaltools.gnu-tools-for-stm32.13.3.rel1.linux64_1.0.0.202410170706/tools/bin/../lib/gcc/arm-none-eabi/13.3.1/thumb/v7e-m+fp/hard/libgcc.a
LOAD /opt/st/stm32cubeide_1.18.0/plugins/com.st.stm32cube.ide.mcu.externaltools.gnu-tools-for-stm32.13.3.rel1.linux64_1.0.0.202410170706/tools/bin/../lib/gcc/arm-none-eabi/13.3.1/../../../../arm-none-eabi/lib/thumb/v7e-m+fp/hard/libc_nano.a
LOAD /opt/st/stm32cubeide_1.18.0/plugins/com.st.stm32cube.ide.mcu.externaltools.gnu-tools-for-stm32.13.3.rel1.linux64_1.0.0.202410170706/tools/bin/../lib/gcc/arm-none-eabi/13.3.1/../../../../arm-none-eabi/lib/thumb/v7e-m+fp/hard/libnosys.a
END GROUP
START GROUP
LOAD /opt/st/stm32cubeide_1.18.0/plugins/com.st.stm32cube.ide.mcu.externaltools.gnu-tools-for-stm32.13.3.rel1.linux64_1.0.0.202410170706/tools/bin/../lib/gcc/arm-none-eabi/13.3.1/thumb/v7e-m+fp/hard/libgcc.a
LOAD /opt/st/stm32cubeide_1.18.0/plugins/com.st.stm32cube.ide.mcu.externaltools.gnu-tools-for-stm32.13.3.rel1.linux64_1.0.0.202410170706/tools/bin/../lib/gcc/arm-none-eabi/13.3.1/../../../../arm-none-eabi/lib/thumb/v7e-m+fp/hard/libc_nano.a
LOAD /opt/st/stm32cubeide_1.18.0/plugins/com.st.stm32cube.ide.mcu.externaltools.gnu-tools-for-stm32.13.3.rel1.linux64_1.0.0.202410170706/tools/bin/../lib/gcc/arm-none-eabi/13.3.1/../../../../arm-none-eabi/lib/thumb/v7e-m+fp/hard/libnosys.a
END GROUP
LOAD /opt/st/stm32cubeide_1.18.0/plugins/com.st.stm32cube.ide.mcu.externaltools.gnu-tools-for-stm32.13.3.rel1.linux64_1.0.0.202410170706/tools/bin/../lib/gcc/arm-none-eabi/13.3.1/thumb/v7e-m+fp/hard/crtend.o
LOAD /opt/st/stm32cubeide_1.18.0/plugins/com.st.stm32cube.ide.mcu.externaltools.gnu-tools-for-stm32.13.3.rel1.linux64_1.0.0.202410170706/tools/bin/../lib/gcc/arm-none-eabi/13.3.1/thumb/v7e-m+fp/hard/crtn.o
                0x20020000                        _estack = (ORIGIN (RAM) + LENGTH (RAM))
                0x00000200                        _Min_Heap_Size = 0x200
                0x00000400                        _Min_Stack_Size = 0x400

.isr_vector     0x08000000      0x188
                0x08000000                        . = ALIGN (0x4)
 *(.isr_vector)
 .isr_vector    0x08000000      0x188 ./Core/Startup/startup_stm32f407vgtx.o
                0x08000000                g_pfnVectors
                0x08000188                        . = ALIGN (0x4)

.text           0x08000190    0x10354
                0x08000190                        . = ALIGN (0x4)
 *(.text)
 .text          0x08000190       0x40 /opt/st/stm32cubeide_1.18.0/plugins/com.st.stm32cube.ide.mcu.externaltools.gnu-tools-for-stm32.13.3.rel1.linux64_1.0.0.202410170706/tools/bin/../lib/gcc/arm-none-eabi/13.3.1/thumb/v7e-m+fp/hard/crtbegin.o
 .text          0x080001d0       0x94 ./Middle/ThirdParty/SEGGER/SEGGER/SEGGER_RTT_ASM_ARMv7M.o
                0x080001d0                SEGGER_RTT_ASM_WriteSkipNoLock
 .text          0x08000264       0x10 /opt/st/stm32cubeide_1.18.0/plugins/com.st.stm32cube.ide.mcu.externaltools.gnu-tools-for-stm32.13.3.rel1.linux64_1.0.0.202410170706/tools/bin/../lib/gcc/arm-none-eabi/13.3.1/../../../../arm-none-eabi/lib/thumb/v7e-m+fp/hard/libc_nano.a(libc_a-strlen.o)
                0x08000264                strlen
 *fill*         0x08000274        0xc 
 .text          0x08000280       0xa0 /opt/st/stm32cubeide_1.18.0/plugins/com.st.stm32cube.ide.mcu.externaltools.gnu-tools-for-stm32.13.3.rel1.linux64_1.0.0.202410170706/tools/bin/../lib/gcc/arm-none-eabi/13.3.1/../../../../arm-none-eabi/lib/thumb/v7e-m+fp/hard/libc_nano.a(libc_a-memchr.o)
                0x08000280                memchr
 .text          0x08000320       0x30 /opt/st/stm32cubeide_1.18.0/plugins/com.st.stm32cube.ide.mcu.externaltools.gnu-tools-for-stm32.13.3.rel1.linux64_1.0.0.202410170706/tools/bin/../lib/gcc/arm-none-eabi/13.3.1/thumb/v7e-m+fp/hard/libgcc.a(_aeabi_uldivmod.o)
                0x08000320                __aeabi_uldivmod
 .text          0x08000350      0x2f8 /opt/st/stm32cubeide_1.18.0/plugins/com.st.stm32cube.ide.mcu.externaltools.gnu-tools-for-stm32.13.3.rel1.linux64_1.0.0.202410170706/tools/bin/../lib/gcc/arm-none-eabi/13.3.1/thumb/v7e-m+fp/hard/libgcc.a(_udivmoddi4.o)
                0x08000350                __udivmoddi4
 .text          0x08000648        0x4 /opt/st/stm32cubeide_1.18.0/plugins/com.st.stm32cube.ide.mcu.externaltools.gnu-tools-for-stm32.13.3.rel1.linux64_1.0.0.202410170706/tools/bin/../lib/gcc/arm-none-eabi/13.3.1/thumb/v7e-m+fp/hard/libgcc.a(_dvmd_tls.o)
                0x08000648                __aeabi_ldiv0
                0x08000648                __aeabi_idiv0
 *(.text*)
 .text.CAN_UART
                0x0800064c       0x64 ./Core/Src/CAN_COMM.o
                0x0800064c                CAN_UART
 .text.CAN_TRANSMITT
                0x080006b0       0x44 ./Core/Src/CAN_COMM.o
                0x080006b0                CAN_TRANSMITT
 .text.CAN_Headers
                0x080006f4       0x38 ./Core/Src/CAN_COMM.o
                0x080006f4                CAN_Headers
 .text.CAN_Init
                0x0800072c       0x28 ./Core/Src/CAN_COMM.o
                0x0800072c                CAN_Init
 .text.LidarInit
                0x08000754      0x108 ./Core/Src/SENSOR_TOF.o
                0x08000754                LidarInit
 .text.lidarRead
                0x0800085c       0x34 ./Core/Src/SENSOR_TOF.o
                0x0800085c                lidarRead
 .text.main     0x08000890       0x5c ./Core/Src/main.o
                0x08000890                main
 .text.SensorTask
                0x080008ec       0x18 ./Core/Src/main.o
                0x080008ec                SensorTask
 .text.SystemClock_Config
                0x08000904       0xd4 ./Core/Src/main.o
                0x08000904                SystemClock_Config
 .text.MX_CAN1_Init
                0x080009d8       0x6c ./Core/Src/main.o
 .text.MX_I2C1_Init
                0x08000a44       0x5c ./Core/Src/main.o
 .text.MX_TIM1_Init
                0x08000aa0      0x144 ./Core/Src/main.o
 .text.MX_UART5_Init
                0x08000be4       0x54 ./Core/Src/main.o
 .text.MX_GPIO_Init
                0x08000c38       0xd8 ./Core/Src/main.o
 .text.HAL_TIM_PeriodElapsedCallback
                0x08000d10       0x24 ./Core/Src/main.o
                0x08000d10                HAL_TIM_PeriodElapsedCallback
 .text.Error_Handler
                0x08000d34        0xc ./Core/Src/main.o
                0x08000d34                Error_Handler
 .text.assert_failed
                0x08000d40       0x16 ./Core/Src/main.o
                0x08000d40                assert_failed
 *fill*         0x08000d56        0x2 
 .text.HAL_MspInit
                0x08000d58       0x50 ./Core/Src/stm32f4xx_hal_msp.o
                0x08000d58                HAL_MspInit
 .text.HAL_CAN_MspInit
                0x08000da8       0xc0 ./Core/Src/stm32f4xx_hal_msp.o
                0x08000da8                HAL_CAN_MspInit
 .text.HAL_I2C_MspInit
                0x08000e68       0x90 ./Core/Src/stm32f4xx_hal_msp.o
                0x08000e68                HAL_I2C_MspInit
 .text.HAL_TIM_Base_MspInit
                0x08000ef8       0x44 ./Core/Src/stm32f4xx_hal_msp.o
                0x08000ef8                HAL_TIM_Base_MspInit
 .text.HAL_TIM_MspPostInit
                0x08000f3c       0x74 ./Core/Src/stm32f4xx_hal_msp.o
                0x08000f3c                HAL_TIM_MspPostInit
 .text.HAL_UART_MspInit
                0x08000fb0       0xd0 ./Core/Src/stm32f4xx_hal_msp.o
                0x08000fb0                HAL_UART_MspInit
 .text.HAL_InitTick
                0x08001080       0xf8 ./Core/Src/stm32f4xx_hal_timebase_tim.o
                0x08001080                HAL_InitTick
 .text.NMI_Handler
                0x08001178        0x8 ./Core/Src/stm32f4xx_it.o
                0x08001178                NMI_Handler
 .text.HardFault_Handler
                0x08001180        0x8 ./Core/Src/stm32f4xx_it.o
                0x08001180                HardFault_Handler
 .text.MemManage_Handler
                0x08001188        0x8 ./Core/Src/stm32f4xx_it.o
                0x08001188                MemManage_Handler
 .text.BusFault_Handler
                0x08001190        0x8 ./Core/Src/stm32f4xx_it.o
                0x08001190                BusFault_Handler
 .text.UsageFault_Handler
                0x08001198        0x8 ./Core/Src/stm32f4xx_it.o
                0x08001198                UsageFault_Handler
 .text.DebugMon_Handler
                0x080011a0        0xe ./Core/Src/stm32f4xx_it.o
                0x080011a0                DebugMon_Handler
 *fill*         0x080011ae        0x2 
 .text.CAN1_TX_IRQHandler
                0x080011b0       0x14 ./Core/Src/stm32f4xx_it.o
                0x080011b0                CAN1_TX_IRQHandler
 .text.CAN1_RX0_IRQHandler
                0x080011c4       0x14 ./Core/Src/stm32f4xx_it.o
                0x080011c4                CAN1_RX0_IRQHandler
 .text.CAN1_SCE_IRQHandler
                0x080011d8       0x14 ./Core/Src/stm32f4xx_it.o
                0x080011d8                CAN1_SCE_IRQHandler
 .text.TIM3_IRQHandler
                0x080011ec       0x14 ./Core/Src/stm32f4xx_it.o
                0x080011ec                TIM3_IRQHandler
 .text.SystemInit
                0x08001200       0x24 ./Core/Src/system_stm32f4xx.o
                0x08001200                SystemInit
 .text.Reset_Handler
                0x08001224       0x50 ./Core/Startup/startup_stm32f407vgtx.o
                0x08001224                Reset_Handler
 .text.Default_Handler
                0x08001274        0x2 ./Core/Startup/startup_stm32f407vgtx.o
                0x08001274                RTC_Alarm_IRQHandler
                0x08001274                HASH_RNG_IRQHandler
                0x08001274                EXTI2_IRQHandler
                0x08001274                TIM8_CC_IRQHandler
                0x08001274                TIM1_CC_IRQHandler
                0x08001274                DMA2_Stream5_IRQHandler
                0x08001274                DMA1_Stream5_IRQHandler
                0x08001274                PVD_IRQHandler
                0x08001274                SDIO_IRQHandler
                0x08001274                TAMP_STAMP_IRQHandler
                0x08001274                CAN2_RX1_IRQHandler
                0x08001274                EXTI3_IRQHandler
                0x08001274                TIM8_TRG_COM_TIM14_IRQHandler
                0x08001274                TIM1_UP_TIM10_IRQHandler
                0x08001274                TIM8_UP_TIM13_IRQHandler
                0x08001274                I2C3_ER_IRQHandler
                0x08001274                EXTI0_IRQHandler
                0x08001274                I2C2_EV_IRQHandler
                0x08001274                DMA1_Stream2_IRQHandler
                0x08001274                FPU_IRQHandler
                0x08001274                OTG_HS_WKUP_IRQHandler
                0x08001274                CAN2_SCE_IRQHandler
                0x08001274                DMA2_Stream2_IRQHandler
                0x08001274                SPI1_IRQHandler
                0x08001274                TIM6_DAC_IRQHandler
                0x08001274                TIM1_BRK_TIM9_IRQHandler
                0x08001274                DCMI_IRQHandler
                0x08001274                CAN2_RX0_IRQHandler
                0x08001274                DMA2_Stream3_IRQHandler
                0x08001274                USART6_IRQHandler
                0x08001274                USART3_IRQHandler
                0x08001274                CAN1_RX1_IRQHandler
                0x08001274                UART5_IRQHandler
                0x08001274                DMA2_Stream0_IRQHandler
                0x08001274                TIM4_IRQHandler
                0x08001274                I2C1_EV_IRQHandler
                0x08001274                DMA1_Stream6_IRQHandler
                0x08001274                DMA1_Stream1_IRQHandler
                0x08001274                UART4_IRQHandler
                0x08001274                RCC_IRQHandler
                0x08001274                TIM8_BRK_TIM12_IRQHandler
                0x08001274                Default_Handler
                0x08001274                EXTI15_10_IRQHandler
                0x08001274                ADC_IRQHandler
                0x08001274                DMA1_Stream7_IRQHandler
                0x08001274                TIM7_IRQHandler
                0x08001274                CAN2_TX_IRQHandler
                0x08001274                TIM5_IRQHandler
                0x08001274                DMA2_Stream7_IRQHandler
                0x08001274                I2C3_EV_IRQHandler
                0x08001274                EXTI9_5_IRQHandler
                0x08001274                RTC_WKUP_IRQHandler
                0x08001274                ETH_WKUP_IRQHandler
                0x08001274                SPI2_IRQHandler
                0x08001274                OTG_HS_EP1_IN_IRQHandler
                0x08001274                DMA1_Stream0_IRQHandler
                0x08001274                EXTI4_IRQHandler
                0x08001274                FSMC_IRQHandler
                0x08001274                ETH_IRQHandler
                0x08001274                OTG_HS_EP1_OUT_IRQHandler
                0x08001274                WWDG_IRQHandler
                0x08001274                TIM2_IRQHandler
                0x08001274                OTG_FS_WKUP_IRQHandler
                0x08001274                TIM1_TRG_COM_TIM11_IRQHandler
                0x08001274                OTG_HS_IRQHandler
                0x08001274                EXTI1_IRQHandler
                0x08001274                USART2_IRQHandler
                0x08001274                I2C2_ER_IRQHandler
                0x08001274                DMA2_Stream1_IRQHandler
                0x08001274                FLASH_IRQHandler
                0x08001274                DMA2_Stream4_IRQHandler
                0x08001274                USART1_IRQHandler
                0x08001274                OTG_FS_IRQHandler
                0x08001274                SPI3_IRQHandler
                0x08001274                DMA1_Stream4_IRQHandler
                0x08001274                I2C1_ER_IRQHandler
                0x08001274                DMA2_Stream6_IRQHandler
                0x08001274                DMA1_Stream3_IRQHandler
 *fill*         0x08001276        0x2 
 .text.HAL_Init
                0x08001278       0x44 ./Drivers/STM32F4xx_HAL_Driver/Src/stm32f4xx_hal.o
                0x08001278                HAL_Init
 .text.HAL_IncTick
                0x080012bc       0x28 ./Drivers/STM32F4xx_HAL_Driver/Src/stm32f4xx_hal.o
                0x080012bc                HAL_IncTick
 .text.HAL_GetTick
                0x080012e4       0x18 ./Drivers/STM32F4xx_HAL_Driver/Src/stm32f4xx_hal.o
                0x080012e4                HAL_GetTick
 .text.HAL_Delay
                0x080012fc       0x48 ./Drivers/STM32F4xx_HAL_Driver/Src/stm32f4xx_hal.o
                0x080012fc                HAL_Delay
 .text.HAL_CAN_Init
                0x08001344      0x43c ./Drivers/STM32F4xx_HAL_Driver/Src/stm32f4xx_hal_can.o
                0x08001344                HAL_CAN_Init
 .text.HAL_CAN_Start
                0x08001780       0x88 ./Drivers/STM32F4xx_HAL_Driver/Src/stm32f4xx_hal_can.o
                0x08001780                HAL_CAN_Start
 .text.HAL_CAN_AddTxMessage
                0x08001808      0x234 ./Drivers/STM32F4xx_HAL_Driver/Src/stm32f4xx_hal_can.o
                0x08001808                HAL_CAN_AddTxMessage
 .text.HAL_CAN_IRQHandler
                0x08001a3c      0x36e ./Drivers/STM32F4xx_HAL_Driver/Src/stm32f4xx_hal_can.o
                0x08001a3c                HAL_CAN_IRQHandler
 .text.HAL_CAN_TxMailbox0CompleteCallback
                0x08001daa       0x14 ./Drivers/STM32F4xx_HAL_Driver/Src/stm32f4xx_hal_can.o
                0x08001daa                HAL_CAN_TxMailbox0CompleteCallback
 .text.HAL_CAN_TxMailbox1CompleteCallback
                0x08001dbe       0x14 ./Drivers/STM32F4xx_HAL_Driver/Src/stm32f4xx_hal_can.o
                0x08001dbe                HAL_CAN_TxMailbox1CompleteCallback
 .text.HAL_CAN_TxMailbox2CompleteCallback
                0x08001dd2       0x14 ./Drivers/STM32F4xx_HAL_Driver/Src/stm32f4xx_hal_can.o
                0x08001dd2                HAL_CAN_TxMailbox2CompleteCallback
 .text.HAL_CAN_TxMailbox0AbortCallback
                0x08001de6       0x14 ./Drivers/STM32F4xx_HAL_Driver/Src/stm32f4xx_hal_can.o
                0x08001de6                HAL_CAN_TxMailbox0AbortCallback
 .text.HAL_CAN_TxMailbox1AbortCallback
                0x08001dfa       0x14 ./Drivers/STM32F4xx_HAL_Driver/Src/stm32f4xx_hal_can.o
                0x08001dfa                HAL_CAN_TxMailbox1AbortCallback
 .text.HAL_CAN_TxMailbox2AbortCallback
                0x08001e0e       0x14 ./Drivers/STM32F4xx_HAL_Driver/Src/stm32f4xx_hal_can.o
                0x08001e0e                HAL_CAN_TxMailbox2AbortCallback
 .text.HAL_CAN_RxFifo0MsgPendingCallback
                0x08001e22       0x14 ./Drivers/STM32F4xx_HAL_Driver/Src/stm32f4xx_hal_can.o
                0x08001e22                HAL_CAN_RxFifo0MsgPendingCallback
 .text.HAL_CAN_RxFifo0FullCallback
                0x08001e36       0x14 ./Drivers/STM32F4xx_HAL_Driver/Src/stm32f4xx_hal_can.o
                0x08001e36                HAL_CAN_RxFifo0FullCallback
 .text.HAL_CAN_RxFifo1MsgPendingCallback
                0x08001e4a       0x14 ./Drivers/STM32F4xx_HAL_Driver/Src/stm32f4xx_hal_can.o
                0x08001e4a                HAL_CAN_RxFifo1MsgPendingCallback
 .text.HAL_CAN_RxFifo1FullCallback
                0x08001e5e       0x14 ./Drivers/STM32F4xx_HAL_Driver/Src/stm32f4xx_hal_can.o
                0x08001e5e                HAL_CAN_RxFifo1FullCallback
 .text.HAL_CAN_SleepCallback
                0x08001e72       0x14 ./Drivers/STM32F4xx_HAL_Driver/Src/stm32f4xx_hal_can.o
                0x08001e72                HAL_CAN_SleepCallback
 .text.HAL_CAN_WakeUpFromRxMsgCallback
                0x08001e86       0x14 ./Drivers/STM32F4xx_HAL_Driver/Src/stm32f4xx_hal_can.o
                0x08001e86                HAL_CAN_WakeUpFromRxMsgCallback
 .text.HAL_CAN_ErrorCallback
                0x08001e9a       0x14 ./Drivers/STM32F4xx_HAL_Driver/Src/stm32f4xx_hal_can.o
                0x08001e9a                HAL_CAN_ErrorCallback
 *fill*         0x08001eae        0x2 
 .text.__NVIC_SetPriorityGrouping
                0x08001eb0       0x48 ./Drivers/STM32F4xx_HAL_Driver/Src/stm32f4xx_hal_cortex.o
 .text.__NVIC_GetPriorityGrouping
                0x08001ef8       0x1c ./Drivers/STM32F4xx_HAL_Driver/Src/stm32f4xx_hal_cortex.o
 .text.__NVIC_EnableIRQ
                0x08001f14       0x3c ./Drivers/STM32F4xx_HAL_Driver/Src/stm32f4xx_hal_cortex.o
 .text.__NVIC_SetPriority
                0x08001f50       0x54 ./Drivers/STM32F4xx_HAL_Driver/Src/stm32f4xx_hal_cortex.o
 .text.NVIC_EncodePriority
                0x08001fa4       0x66 ./Drivers/STM32F4xx_HAL_Driver/Src/stm32f4xx_hal_cortex.o
 *fill*         0x0800200a        0x2 
 .text.HAL_NVIC_SetPriorityGrouping
                0x0800200c       0x40 ./Drivers/STM32F4xx_HAL_Driver/Src/stm32f4xx_hal_cortex.o
                0x0800200c                HAL_NVIC_SetPriorityGrouping
 .text.HAL_NVIC_SetPriority
                0x0800204c       0x58 ./Drivers/STM32F4xx_HAL_Driver/Src/stm32f4xx_hal_cortex.o
                0x0800204c                HAL_NVIC_SetPriority
 .text.HAL_NVIC_EnableIRQ
                0x080020a4       0x30 ./Drivers/STM32F4xx_HAL_Driver/Src/stm32f4xx_hal_cortex.o
                0x080020a4                HAL_NVIC_EnableIRQ
 .text.HAL_GPIO_Init
                0x080020d4      0x5c0 ./Drivers/STM32F4xx_HAL_Driver/Src/stm32f4xx_hal_gpio.o
                0x080020d4                HAL_GPIO_Init
 .text.HAL_GPIO_WritePin
                0x08002694       0x58 ./Drivers/STM32F4xx_HAL_Driver/Src/stm32f4xx_hal_gpio.o
                0x08002694                HAL_GPIO_WritePin
 .text.HAL_I2C_Init
                0x080026ec      0x390 ./Drivers/STM32F4xx_HAL_Driver/Src/stm32f4xx_hal_i2c.o
                0x080026ec                HAL_I2C_Init
 .text.HAL_I2C_Master_Transmit
                0x08002a7c      0x1fc ./Drivers/STM32F4xx_HAL_Driver/Src/stm32f4xx_hal_i2c.o
                0x08002a7c                HAL_I2C_Master_Transmit
 .text.HAL_I2C_Master_Receive
                0x08002c78      0x464 ./Drivers/STM32F4xx_HAL_Driver/Src/stm32f4xx_hal_i2c.o
                0x08002c78                HAL_I2C_Master_Receive
 .text.I2C_MasterRequestWrite
                0x080030dc      0x104 ./Drivers/STM32F4xx_HAL_Driver/Src/stm32f4xx_hal_i2c.o
 .text.I2C_MasterRequestRead
                0x080031e0      0x19c ./Drivers/STM32F4xx_HAL_Driver/Src/stm32f4xx_hal_i2c.o
 .text.I2C_WaitOnFlagUntilTimeout
                0x0800337c       0xf4 ./Drivers/STM32F4xx_HAL_Driver/Src/stm32f4xx_hal_i2c.o
 .text.I2C_WaitOnMasterAddressFlagUntilTimeout
                0x08003470      0x140 ./Drivers/STM32F4xx_HAL_Driver/Src/stm32f4xx_hal_i2c.o
 .text.I2C_WaitOnTXEFlagUntilTimeout
                0x080035b0       0x90 ./Drivers/STM32F4xx_HAL_Driver/Src/stm32f4xx_hal_i2c.o
 .text.I2C_WaitOnBTFFlagUntilTimeout
                0x08003640       0x90 ./Drivers/STM32F4xx_HAL_Driver/Src/stm32f4xx_hal_i2c.o
 .text.I2C_WaitOnRXNEFlagUntilTimeout
                0x080036d0       0xba ./Drivers/STM32F4xx_HAL_Driver/Src/stm32f4xx_hal_i2c.o
 .text.I2C_IsAcknowledgeFailed
                0x0800378a       0x5e ./Drivers/STM32F4xx_HAL_Driver/Src/stm32f4xx_hal_i2c.o
 .text.HAL_RCC_OscConfig
                0x080037e8      0x658 ./Drivers/STM32F4xx_HAL_Driver/Src/stm32f4xx_hal_rcc.o
                0x080037e8                HAL_RCC_OscConfig
 .text.HAL_RCC_ClockConfig
                0x08003e40      0x31c ./Drivers/STM32F4xx_HAL_Driver/Src/stm32f4xx_hal_rcc.o
                0x08003e40                HAL_RCC_ClockConfig
 .text.HAL_RCC_GetSysClockFreq
                0x0800415c      0x20c ./Drivers/STM32F4xx_HAL_Driver/Src/stm32f4xx_hal_rcc.o
                0x0800415c                HAL_RCC_GetSysClockFreq
 .text.HAL_RCC_GetHCLKFreq
                0x08004368       0x18 ./Drivers/STM32F4xx_HAL_Driver/Src/stm32f4xx_hal_rcc.o
                0x08004368                HAL_RCC_GetHCLKFreq
 .text.HAL_RCC_GetPCLK1Freq
                0x08004380       0x28 ./Drivers/STM32F4xx_HAL_Driver/Src/stm32f4xx_hal_rcc.o
                0x08004380                HAL_RCC_GetPCLK1Freq
 .text.HAL_RCC_GetPCLK2Freq
                0x080043a8       0x28 ./Drivers/STM32F4xx_HAL_Driver/Src/stm32f4xx_hal_rcc.o
                0x080043a8                HAL_RCC_GetPCLK2Freq
 .text.HAL_RCC_GetClockConfig
                0x080043d0       0x64 ./Drivers/STM32F4xx_HAL_Driver/Src/stm32f4xx_hal_rcc.o
                0x080043d0                HAL_RCC_GetClockConfig
 .text.HAL_TIM_Base_Init
                0x08004434      0x230 ./Drivers/STM32F4xx_HAL_Driver/Src/stm32f4xx_hal_tim.o
                0x08004434                HAL_TIM_Base_Init
 .text.HAL_TIM_Base_Start_IT
                0x08004664      0x18c ./Drivers/STM32F4xx_HAL_Driver/Src/stm32f4xx_hal_tim.o
                0x08004664                HAL_TIM_Base_Start_IT
 .text.HAL_TIM_PWM_Init
                0x080047f0      0x230 ./Drivers/STM32F4xx_HAL_Driver/Src/stm32f4xx_hal_tim.o
                0x080047f0                HAL_TIM_PWM_Init
 .text.HAL_TIM_PWM_MspInit
                0x08004a20       0x14 ./Drivers/STM32F4xx_HAL_Driver/Src/stm32f4xx_hal_tim.o
                0x08004a20                HAL_TIM_PWM_MspInit
 .text.HAL_TIM_IRQHandler
                0x08004a34      0x1e0 ./Drivers/STM32F4xx_HAL_Driver/Src/stm32f4xx_hal_tim.o
                0x08004a34                HAL_TIM_IRQHandler
 .text.HAL_TIM_PWM_ConfigChannel
                0x08004c14      0x3b0 ./Drivers/STM32F4xx_HAL_Driver/Src/stm32f4xx_hal_tim.o
                0x08004c14                HAL_TIM_PWM_ConfigChannel
 .text.HAL_TIM_ConfigClockSource
                0x08004fc4      0x700 ./Drivers/STM32F4xx_HAL_Driver/Src/stm32f4xx_hal_tim.o
                0x08004fc4                HAL_TIM_ConfigClockSource
 .text.HAL_TIM_OC_DelayElapsedCallback
                0x080056c4       0x14 ./Drivers/STM32F4xx_HAL_Driver/Src/stm32f4xx_hal_tim.o
                0x080056c4                HAL_TIM_OC_DelayElapsedCallback
 .text.HAL_TIM_IC_CaptureCallback
                0x080056d8       0x14 ./Drivers/STM32F4xx_HAL_Driver/Src/stm32f4xx_hal_tim.o
                0x080056d8                HAL_TIM_IC_CaptureCallback
 .text.HAL_TIM_PWM_PulseFinishedCallback
                0x080056ec       0x14 ./Drivers/STM32F4xx_HAL_Driver/Src/stm32f4xx_hal_tim.o
                0x080056ec                HAL_TIM_PWM_PulseFinishedCallback
 .text.HAL_TIM_TriggerCallback
                0x08005700       0x14 ./Drivers/STM32F4xx_HAL_Driver/Src/stm32f4xx_hal_tim.o
                0x08005700                HAL_TIM_TriggerCallback
 .text.TIM_Base_SetConfig
                0x08005714      0x14c ./Drivers/STM32F4xx_HAL_Driver/Src/stm32f4xx_hal_tim.o
                0x08005714                TIM_Base_SetConfig
 .text.TIM_OC1_SetConfig
                0x08005860      0x134 ./Drivers/STM32F4xx_HAL_Driver/Src/stm32f4xx_hal_tim.o
 .text.TIM_OC2_SetConfig
                0x08005994      0x13c ./Drivers/STM32F4xx_HAL_Driver/Src/stm32f4xx_hal_tim.o
                0x08005994                TIM_OC2_SetConfig
 .text.TIM_OC3_SetConfig
                0x08005ad0      0x13c ./Drivers/STM32F4xx_HAL_Driver/Src/stm32f4xx_hal_tim.o
 .text.TIM_OC4_SetConfig
                0x08005c0c       0xc8 ./Drivers/STM32F4xx_HAL_Driver/Src/stm32f4xx_hal_tim.o
 .text.TIM_TI1_ConfigInputStage
                0x08005cd4       0x5e ./Drivers/STM32F4xx_HAL_Driver/Src/stm32f4xx_hal_tim.o
 .text.TIM_TI2_ConfigInputStage
                0x08005d32       0x60 ./Drivers/STM32F4xx_HAL_Driver/Src/stm32f4xx_hal_tim.o
 .text.TIM_ITRx_SetConfig
                0x08005d92       0x36 ./Drivers/STM32F4xx_HAL_Driver/Src/stm32f4xx_hal_tim.o
 .text.TIM_ETR_SetConfig
                0x08005dc8       0x40 ./Drivers/STM32F4xx_HAL_Driver/Src/stm32f4xx_hal_tim.o
                0x08005dc8                TIM_ETR_SetConfig
 .text.HAL_TIMEx_MasterConfigSynchronization
                0x08005e08      0x1bc ./Drivers/STM32F4xx_HAL_Driver/Src/stm32f4xx_hal_tim_ex.o
                0x08005e08                HAL_TIMEx_MasterConfigSynchronization
 .text.HAL_TIMEx_ConfigBreakDeadTime
                0x08005fc4      0x198 ./Drivers/STM32F4xx_HAL_Driver/Src/stm32f4xx_hal_tim_ex.o
                0x08005fc4                HAL_TIMEx_ConfigBreakDeadTime
 .text.HAL_TIMEx_CommutCallback
                0x0800615c       0x14 ./Drivers/STM32F4xx_HAL_Driver/Src/stm32f4xx_hal_tim_ex.o
                0x0800615c                HAL_TIMEx_CommutCallback
 .text.HAL_TIMEx_BreakCallback
                0x08006170       0x14 ./Drivers/STM32F4xx_HAL_Driver/Src/stm32f4xx_hal_tim_ex.o
                0x08006170                HAL_TIMEx_BreakCallback
 .text.HAL_UART_Init
                0x08006184      0x1a8 ./Drivers/STM32F4xx_HAL_Driver/Src/stm32f4xx_hal_uart.o
                0x08006184                HAL_UART_Init
 .text.HAL_UART_Transmit
                0x0800632c      0x116 ./Drivers/STM32F4xx_HAL_Driver/Src/stm32f4xx_hal_uart.o
                0x0800632c                HAL_UART_Transmit
 .text.UART_WaitOnFlagUntilTimeout
                0x08006442       0xb2 ./Drivers/STM32F4xx_HAL_Driver/Src/stm32f4xx_hal_uart.o
 .text.UART_EndRxTransfer
                0x080064f4       0xc6 ./Drivers/STM32F4xx_HAL_Driver/Src/stm32f4xx_hal_uart.o
 *fill*         0x080065ba        0x2 
 .text.UART_SetConfig
                0x080065bc      0x574 ./Drivers/STM32F4xx_HAL_Driver/Src/stm32f4xx_hal_uart.o
 .text.VL53L0X_GetOffsetCalibrationDataMicroMeter
                0x08006b30       0x26 ./Drivers/VL53L0X/core/src/vl53l0x_api.o
                0x08006b30                VL53L0X_GetOffsetCalibrationDataMicroMeter
 .text.VL53L0X_SetDeviceAddress
                0x08006b56       0x30 ./Drivers/VL53L0X/core/src/vl53l0x_api.o
                0x08006b56                VL53L0X_SetDeviceAddress
 *fill*         0x08006b86        0x2 
 .text.VL53L0X_DataInit
                0x08006b88      0x2c8 ./Drivers/VL53L0X/core/src/vl53l0x_api.o
                0x08006b88                VL53L0X_DataInit
 .text.VL53L0X_StaticInit
                0x08006e50      0x300 ./Drivers/VL53L0X/core/src/vl53l0x_api.o
                0x08006e50                VL53L0X_StaticInit
 .text.VL53L0X_WaitDeviceBooted
                0x08007150       0x1c ./Drivers/VL53L0X/core/src/vl53l0x_api.o
                0x08007150                VL53L0X_WaitDeviceBooted
 .text.VL53L0X_GetDeviceParameters
                0x0800716c      0x120 ./Drivers/VL53L0X/core/src/vl53l0x_api.o
                0x0800716c                VL53L0X_GetDeviceParameters
 .text.VL53L0X_SetDeviceMode
                0x0800728c       0x58 ./Drivers/VL53L0X/core/src/vl53l0x_api.o
                0x0800728c                VL53L0X_SetDeviceMode
 .text.VL53L0X_GetDeviceMode
                0x080072e4       0x26 ./Drivers/VL53L0X/core/src/vl53l0x_api.o
                0x080072e4                VL53L0X_GetDeviceMode
 .text.VL53L0X_GetFractionEnable
                0x0800730a       0x3e ./Drivers/VL53L0X/core/src/vl53l0x_api.o
                0x0800730a                VL53L0X_GetFractionEnable
 .text.VL53L0X_SetMeasurementTimingBudgetMicroSeconds
                0x08007348       0x26 ./Drivers/VL53L0X/core/src/vl53l0x_api.o
                0x08007348                VL53L0X_SetMeasurementTimingBudgetMicroSeconds
 .text.VL53L0X_GetMeasurementTimingBudgetMicroSeconds
                0x0800736e       0x26 ./Drivers/VL53L0X/core/src/vl53l0x_api.o
                0x0800736e                VL53L0X_GetMeasurementTimingBudgetMicroSeconds
 .text.VL53L0X_SetVcselPulsePeriod
                0x08007394       0x30 ./Drivers/VL53L0X/core/src/vl53l0x_api.o
                0x08007394                VL53L0X_SetVcselPulsePeriod
 .text.VL53L0X_GetVcselPulsePeriod
                0x080073c4       0x2e ./Drivers/VL53L0X/core/src/vl53l0x_api.o
                0x080073c4                VL53L0X_GetVcselPulsePeriod
 *fill*         0x080073f2        0x2 
 .text.VL53L0X_SetSequenceStepEnable
                0x080073f4      0x140 ./Drivers/VL53L0X/core/src/vl53l0x_api.o
                0x080073f4                VL53L0X_SetSequenceStepEnable
 .text.sequence_step_enabled
                0x08007534       0xa4 ./Drivers/VL53L0X/core/src/vl53l0x_api.o
                0x08007534                sequence_step_enabled
 .text.VL53L0X_GetSequenceStepEnables
                0x080075d8       0xb0 ./Drivers/VL53L0X/core/src/vl53l0x_api.o
                0x080075d8                VL53L0X_GetSequenceStepEnables
 .text.VL53L0X_GetInterMeasurementPeriodMilliSeconds
                0x08007688       0x68 ./Drivers/VL53L0X/core/src/vl53l0x_api.o
                0x08007688                VL53L0X_GetInterMeasurementPeriodMilliSeconds
 .text.VL53L0X_GetXTalkCompensationEnable
                0x080076f0       0x2a ./Drivers/VL53L0X/core/src/vl53l0x_api.o
                0x080076f0                VL53L0X_GetXTalkCompensationEnable
 .text.VL53L0X_GetXTalkCompensationRateMegaCps
                0x0800771a       0x66 ./Drivers/VL53L0X/core/src/vl53l0x_api.o
                0x0800771a                VL53L0X_GetXTalkCompensationRateMegaCps
 .text.VL53L0X_SetLimitCheckEnable
                0x08007780      0x118 ./Drivers/VL53L0X/core/src/vl53l0x_api.o
                0x08007780                VL53L0X_SetLimitCheckEnable
 .text.VL53L0X_GetLimitCheckEnable
                0x08007898       0x46 ./Drivers/VL53L0X/core/src/vl53l0x_api.o
                0x08007898                VL53L0X_GetLimitCheckEnable
 *fill*         0x080078de        0x2 
 .text.VL53L0X_SetLimitCheckValue
                0x080078e0       0xc4 ./Drivers/VL53L0X/core/src/vl53l0x_api.o
                0x080078e0                VL53L0X_SetLimitCheckValue
 .text.VL53L0X_GetLimitCheckValue
                0x080079a4      0x11c ./Drivers/VL53L0X/core/src/vl53l0x_api.o
                0x080079a4                VL53L0X_GetLimitCheckValue
 .text.VL53L0X_GetWrapAroundCheckEnable
                0x08007ac0       0x64 ./Drivers/VL53L0X/core/src/vl53l0x_api.o
                0x08007ac0                VL53L0X_GetWrapAroundCheckEnable
 .text.VL53L0X_PerformSingleMeasurement
                0x08007b24       0x68 ./Drivers/VL53L0X/core/src/vl53l0x_api.o
                0x08007b24                VL53L0X_PerformSingleMeasurement
 .text.VL53L0X_PerformRefCalibration
                0x08007b8c       0x2c ./Drivers/VL53L0X/core/src/vl53l0x_api.o
                0x08007b8c                VL53L0X_PerformRefCalibration
 .text.VL53L0X_CheckAndLoadInterruptSettings
                0x08007bb8       0xcc ./Drivers/VL53L0X/core/src/vl53l0x_api.o
                0x08007bb8                VL53L0X_CheckAndLoadInterruptSettings
 .text.VL53L0X_StartMeasurement
                0x08007c84      0x184 ./Drivers/VL53L0X/core/src/vl53l0x_api.o
                0x08007c84                VL53L0X_StartMeasurement
 .text.VL53L0X_GetMeasurementDataReady
                0x08007e08       0x80 ./Drivers/VL53L0X/core/src/vl53l0x_api.o
                0x08007e08                VL53L0X_GetMeasurementDataReady
 .text.VL53L0X_GetRangingMeasurementData
                0x08007e88      0x238 ./Drivers/VL53L0X/core/src/vl53l0x_api.o
                0x08007e88                VL53L0X_GetRangingMeasurementData
 .text.VL53L0X_PerformSingleRangingMeasurement
                0x080080c0       0x60 ./Drivers/VL53L0X/core/src/vl53l0x_api.o
                0x080080c0                VL53L0X_PerformSingleRangingMeasurement
 .text.VL53L0X_SetGpioConfig
                0x08008120      0x244 ./Drivers/VL53L0X/core/src/vl53l0x_api.o
                0x08008120                VL53L0X_SetGpioConfig
 .text.VL53L0X_GetInterruptThresholds
                0x08008364       0x68 ./Drivers/VL53L0X/core/src/vl53l0x_api.o
                0x08008364                VL53L0X_GetInterruptThresholds
 .text.VL53L0X_ClearInterruptMask
                0x080083cc       0x80 ./Drivers/VL53L0X/core/src/vl53l0x_api.o
                0x080083cc                VL53L0X_ClearInterruptMask
 .text.VL53L0X_GetInterruptMaskStatus
                0x0800844c       0x44 ./Drivers/VL53L0X/core/src/vl53l0x_api.o
                0x0800844c                VL53L0X_GetInterruptMaskStatus
 .text.VL53L0X_PerformRefSpadManagement
                0x08008490       0x2a ./Drivers/VL53L0X/core/src/vl53l0x_api.o
                0x08008490                VL53L0X_PerformRefSpadManagement
 .text.VL53L0X_get_offset_calibration_data_micro_meter
                0x080084ba       0x7e ./Drivers/VL53L0X/core/src/vl53l0x_api_calibration.o
                0x080084ba                VL53L0X_get_offset_calibration_data_micro_meter
 .text.get_next_good_spad
                0x08008538       0xbc ./Drivers/VL53L0X/core/src/vl53l0x_api_calibration.o
                0x08008538                get_next_good_spad
 .text.is_aperture
                0x080085f4       0x34 ./Drivers/VL53L0X/core/src/vl53l0x_api_calibration.o
                0x080085f4                is_aperture
 .text.enable_spad_bit
                0x08008628       0x70 ./Drivers/VL53L0X/core/src/vl53l0x_api_calibration.o
                0x08008628                enable_spad_bit
 .text.set_ref_spad_map
                0x08008698       0x26 ./Drivers/VL53L0X/core/src/vl53l0x_api_calibration.o
                0x08008698                set_ref_spad_map
 .text.get_ref_spad_map
                0x080086be       0x26 ./Drivers/VL53L0X/core/src/vl53l0x_api_calibration.o
                0x080086be                get_ref_spad_map
 .text.enable_ref_spads
                0x080086e4       0xf8 ./Drivers/VL53L0X/core/src/vl53l0x_api_calibration.o
                0x080086e4                enable_ref_spads
 .text.perform_ref_signal_measurement
                0x080087dc       0xd4 ./Drivers/VL53L0X/core/src/vl53l0x_api_calibration.o
                0x080087dc                perform_ref_signal_measurement
 .text.VL53L0X_perform_ref_spad_management
                0x080088b0      0x418 ./Drivers/VL53L0X/core/src/vl53l0x_api_calibration.o
                0x080088b0                VL53L0X_perform_ref_spad_management
 .text.VL53L0X_set_reference_spads
                0x08008cc8      0x14a ./Drivers/VL53L0X/core/src/vl53l0x_api_calibration.o
                0x08008cc8                VL53L0X_set_reference_spads
 .text.VL53L0X_perform_single_ref_calibration
                0x08008e12       0x76 ./Drivers/VL53L0X/core/src/vl53l0x_api_calibration.o
                0x08008e12                VL53L0X_perform_single_ref_calibration
 .text.VL53L0X_ref_calibration_io
                0x08008e88      0x132 ./Drivers/VL53L0X/core/src/vl53l0x_api_calibration.o
                0x08008e88                VL53L0X_ref_calibration_io
 .text.VL53L0X_perform_vhv_calibration
                0x08008fba       0xce ./Drivers/VL53L0X/core/src/vl53l0x_api_calibration.o
                0x08008fba                VL53L0X_perform_vhv_calibration
 .text.VL53L0X_perform_phase_calibration
                0x08009088       0xca ./Drivers/VL53L0X/core/src/vl53l0x_api_calibration.o
                0x08009088                VL53L0X_perform_phase_calibration
 .text.VL53L0X_perform_ref_calibration
                0x08009152       0x7a ./Drivers/VL53L0X/core/src/vl53l0x_api_calibration.o
                0x08009152                VL53L0X_perform_ref_calibration
 .text.VL53L0X_measurement_poll_for_completion
                0x080091cc       0x60 ./Drivers/VL53L0X/core/src/vl53l0x_api_core.o
                0x080091cc                VL53L0X_measurement_poll_for_completion
 .text.VL53L0X_decode_vcsel_period
                0x0800922c       0x26 ./Drivers/VL53L0X/core/src/vl53l0x_api_core.o
                0x0800922c                VL53L0X_decode_vcsel_period
 .text.VL53L0X_encode_vcsel_period
                0x08009252       0x26 ./Drivers/VL53L0X/core/src/vl53l0x_api_core.o
                0x08009252                VL53L0X_encode_vcsel_period
 .text.VL53L0X_isqrt
                0x08009278       0x68 ./Drivers/VL53L0X/core/src/vl53l0x_api_core.o
                0x08009278                VL53L0X_isqrt
 .text.VL53L0X_device_read_strobe
                0x080092e0       0x86 ./Drivers/VL53L0X/core/src/vl53l0x_api_core.o
                0x080092e0                VL53L0X_device_read_strobe
 .text.VL53L0X_get_info_from_device
                0x08009366      0x99a ./Drivers/VL53L0X/core/src/vl53l0x_api_core.o
                0x08009366                VL53L0X_get_info_from_device
 .text.VL53L0X_calc_macro_period_ps
                0x08009d00       0x3c ./Drivers/VL53L0X/core/src/vl53l0x_api_core.o
                0x08009d00                VL53L0X_calc_macro_period_ps
 .text.VL53L0X_encode_timeout
                0x08009d3c       0x54 ./Drivers/VL53L0X/core/src/vl53l0x_api_core.o
                0x08009d3c                VL53L0X_encode_timeout
 .text.VL53L0X_decode_timeout
                0x08009d90       0x2c ./Drivers/VL53L0X/core/src/vl53l0x_api_core.o
                0x08009d90                VL53L0X_decode_timeout
 .text.VL53L0X_calc_timeout_mclks
                0x08009dbc       0x54 ./Drivers/VL53L0X/core/src/vl53l0x_api_core.o
                0x08009dbc                VL53L0X_calc_timeout_mclks
 .text.VL53L0X_calc_timeout_us
                0x08009e10       0x54 ./Drivers/VL53L0X/core/src/vl53l0x_api_core.o
                0x08009e10                VL53L0X_calc_timeout_us
 .text.get_sequence_step_timeout
                0x08009e64      0x1c0 ./Drivers/VL53L0X/core/src/vl53l0x_api_core.o
                0x08009e64                get_sequence_step_timeout
 .text.set_sequence_step_timeout
                0x0800a024      0x1e4 ./Drivers/VL53L0X/core/src/vl53l0x_api_core.o
                0x0800a024                set_sequence_step_timeout
 .text.VL53L0X_set_vcsel_pulse_period
                0x0800a208      0x50e ./Drivers/VL53L0X/core/src/vl53l0x_api_core.o
                0x0800a208                VL53L0X_set_vcsel_pulse_period
 .text.VL53L0X_get_vcsel_pulse_period
                0x0800a716       0x6e ./Drivers/VL53L0X/core/src/vl53l0x_api_core.o
                0x0800a716                VL53L0X_get_vcsel_pulse_period
 .text.VL53L0X_set_measurement_timing_budget_micro_seconds
                0x0800a784      0x1c0 ./Drivers/VL53L0X/core/src/vl53l0x_api_core.o
                0x0800a784                VL53L0X_set_measurement_timing_budget_micro_seconds
 .text.VL53L0X_get_measurement_timing_budget_micro_seconds
                0x0800a944      0x162 ./Drivers/VL53L0X/core/src/vl53l0x_api_core.o
                0x0800a944                VL53L0X_get_measurement_timing_budget_micro_seconds
 *fill*         0x0800aaa6        0x2 
 .text.VL53L0X_load_tuning_settings
                0x0800aaa8      0x1c4 ./Drivers/VL53L0X/core/src/vl53l0x_api_core.o
                0x0800aaa8                VL53L0X_load_tuning_settings
 .text.VL53L0X_get_total_xtalk_rate
                0x0800ac6c       0x5e ./Drivers/VL53L0X/core/src/vl53l0x_api_core.o
                0x0800ac6c                VL53L0X_get_total_xtalk_rate
 .text.VL53L0X_get_total_signal_rate
                0x0800acca       0x4a ./Drivers/VL53L0X/core/src/vl53l0x_api_core.o
                0x0800acca                VL53L0X_get_total_signal_rate
 .text.VL53L0X_calc_dmax
                0x0800ad14      0x238 ./Drivers/VL53L0X/core/src/vl53l0x_api_core.o
                0x0800ad14                VL53L0X_calc_dmax
 .text.VL53L0X_calc_sigma_estimate
                0x0800af4c      0x498 ./Drivers/VL53L0X/core/src/vl53l0x_api_core.o
                0x0800af4c                VL53L0X_calc_sigma_estimate
 .text.VL53L0X_get_pal_range_status
                0x0800b3e4      0x3b6 ./Drivers/VL53L0X/core/src/vl53l0x_api_core.o
                0x0800b3e4                VL53L0X_get_pal_range_status
 .text._I2CWrite
                0x0800b79a       0x3e ./Drivers/VL53L0X/platform/src/vl53l0x_platform.o
                0x0800b79a                _I2CWrite
 .text._I2CRead
                0x0800b7d8       0x44 ./Drivers/VL53L0X/platform/src/vl53l0x_platform.o
                0x0800b7d8                _I2CRead
 .text.VL53L0X_WriteMulti
                0x0800b81c       0x60 ./Drivers/VL53L0X/platform/src/vl53l0x_platform.o
                0x0800b81c                VL53L0X_WriteMulti
 .text.VL53L0X_ReadMulti
                0x0800b87c       0x56 ./Drivers/VL53L0X/platform/src/vl53l0x_platform.o
                0x0800b87c                VL53L0X_ReadMulti
 *fill*         0x0800b8d2        0x2 
 .text.VL53L0X_WrByte
                0x0800b8d4       0x48 ./Drivers/VL53L0X/platform/src/vl53l0x_platform.o
                0x0800b8d4                VL53L0X_WrByte
 .text.VL53L0X_WrWord
                0x0800b91c       0x54 ./Drivers/VL53L0X/platform/src/vl53l0x_platform.o
                0x0800b91c                VL53L0X_WrWord
 .text.VL53L0X_UpdateByte
                0x0800b970       0x68 ./Drivers/VL53L0X/platform/src/vl53l0x_platform.o
                0x0800b970                VL53L0X_UpdateByte
 .text.VL53L0X_RdByte
                0x0800b9d8       0x54 ./Drivers/VL53L0X/platform/src/vl53l0x_platform.o
                0x0800b9d8                VL53L0X_RdByte
 .text.VL53L0X_RdWord
                0x0800ba2c       0x6c ./Drivers/VL53L0X/platform/src/vl53l0x_platform.o
                0x0800ba2c                VL53L0X_RdWord
 .text.VL53L0X_RdDWord
                0x0800ba98       0x78 ./Drivers/VL53L0X/platform/src/vl53l0x_platform.o
                0x0800ba98                VL53L0X_RdDWord
 .text.VL53L0X_PollingDelay
                0x0800bb10       0x1e ./Drivers/VL53L0X/platform/src/vl53l0x_platform.o
                0x0800bb10                VL53L0X_PollingDelay
 .text.vListInitialise
                0x0800bb2e       0x40 ./Middle/ThirdParty/FreeRTOS/list.o
                0x0800bb2e                vListInitialise
 .text.vListInitialiseItem
                0x0800bb6e       0x1a ./Middle/ThirdParty/FreeRTOS/list.o
                0x0800bb6e                vListInitialiseItem
 .text.vListInsertEnd
                0x0800bb88       0x48 ./Middle/ThirdParty/FreeRTOS/list.o
                0x0800bb88                vListInsertEnd
 .text.vListInsert
                0x0800bbd0       0x72 ./Middle/ThirdParty/FreeRTOS/list.o
                0x0800bbd0                vListInsert
 .text.uxListRemove
                0x0800bc42       0x54 ./Middle/ThirdParty/FreeRTOS/list.o
                0x0800bc42                uxListRemove
 *fill*         0x0800bc96        0x2 
 .text.xQueueGenericReset
                0x0800bc98       0xd4 ./Middle/ThirdParty/FreeRTOS/queue.o
                0x0800bc98                xQueueGenericReset
 .text.xQueueGenericCreate
                0x0800bd6c       0xc4 ./Middle/ThirdParty/FreeRTOS/queue.o
                0x0800bd6c                xQueueGenericCreate
 .text.prvInitialiseNewQueue
                0x0800be30       0x52 ./Middle/ThirdParty/FreeRTOS/queue.o
 *fill*         0x0800be82        0x2 
 .text.xQueueGenericSend
                0x0800be84      0x254 ./Middle/ThirdParty/FreeRTOS/queue.o
                0x0800be84                xQueueGenericSend
 .text.xQueueGenericSendFromISR
                0x0800c0d8      0x184 ./Middle/ThirdParty/FreeRTOS/queue.o
                0x0800c0d8                xQueueGenericSendFromISR
 .text.xQueueReceive
                0x0800c25c      0x228 ./Middle/ThirdParty/FreeRTOS/queue.o
                0x0800c25c                xQueueReceive
 .text.prvCopyDataToQueue
                0x0800c484       0xd4 ./Middle/ThirdParty/FreeRTOS/queue.o
 .text.prvCopyDataFromQueue
                0x0800c558       0x4c ./Middle/ThirdParty/FreeRTOS/queue.o
 .text.prvUnlockQueue
                0x0800c5a4       0xa4 ./Middle/ThirdParty/FreeRTOS/queue.o
 .text.prvIsQueueEmpty
                0x0800c648       0x2c ./Middle/ThirdParty/FreeRTOS/queue.o
 .text.prvIsQueueFull
                0x0800c674       0x30 ./Middle/ThirdParty/FreeRTOS/queue.o
 .text.vQueueAddToRegistry
                0x0800c6a4       0x64 ./Middle/ThirdParty/FreeRTOS/queue.o
                0x0800c6a4                vQueueAddToRegistry
 .text.vQueueWaitForMessageRestricted
                0x0800c708       0x68 ./Middle/ThirdParty/FreeRTOS/queue.o
                0x0800c708                vQueueWaitForMessageRestricted
 .text.xTaskCreate
                0x0800c770       0x82 ./Middle/ThirdParty/FreeRTOS/tasks.o
                0x0800c770                xTaskCreate
 .text.prvInitialiseNewTask
                0x0800c7f2      0x12e ./Middle/ThirdParty/FreeRTOS/tasks.o
 .text.prvAddNewTaskToReadyList
                0x0800c920      0x118 ./Middle/ThirdParty/FreeRTOS/tasks.o
 .text.vTaskDelay
                0x0800ca38       0x74 ./Middle/ThirdParty/FreeRTOS/tasks.o
                0x0800ca38                vTaskDelay
 .text.vTaskStartScheduler
                0x0800caac       0xc4 ./Middle/ThirdParty/FreeRTOS/tasks.o
                0x0800caac                vTaskStartScheduler
 .text.vTaskSuspendAll
                0x0800cb70       0x1c ./Middle/ThirdParty/FreeRTOS/tasks.o
                0x0800cb70                vTaskSuspendAll
 .text.xTaskResumeAll
                0x0800cb8c      0x144 ./Middle/ThirdParty/FreeRTOS/tasks.o
                0x0800cb8c                xTaskResumeAll
 .text.xTaskGetTickCount
                0x0800ccd0       0x20 ./Middle/ThirdParty/FreeRTOS/tasks.o
                0x0800ccd0                xTaskGetTickCount
 .text.xTaskIncrementTick
                0x0800ccf0      0x17c ./Middle/ThirdParty/FreeRTOS/tasks.o
                0x0800ccf0                xTaskIncrementTick
 .text.vTaskSwitchContext
                0x0800ce6c       0xd4 ./Middle/ThirdParty/FreeRTOS/tasks.o
                0x0800ce6c                vTaskSwitchContext
 .text.vTaskPlaceOnEventList
                0x0800cf40       0x4c ./Middle/ThirdParty/FreeRTOS/tasks.o
                0x0800cf40                vTaskPlaceOnEventList
 .text.vTaskPlaceOnEventListRestricted
                0x0800cf8c       0x60 ./Middle/ThirdParty/FreeRTOS/tasks.o
                0x0800cf8c                vTaskPlaceOnEventListRestricted
 .text.xTaskRemoveFromEventList
                0x0800cfec       0xd0 ./Middle/ThirdParty/FreeRTOS/tasks.o
                0x0800cfec                xTaskRemoveFromEventList
 .text.vTaskInternalSetTimeOutState
                0x0800d0bc       0x2c ./Middle/ThirdParty/FreeRTOS/tasks.o
                0x0800d0bc                vTaskInternalSetTimeOutState
 .text.xTaskCheckForTimeOut
                0x0800d0e8       0xd0 ./Middle/ThirdParty/FreeRTOS/tasks.o
                0x0800d0e8                xTaskCheckForTimeOut
 .text.vTaskMissedYield
                0x0800d1b8       0x18 ./Middle/ThirdParty/FreeRTOS/tasks.o
                0x0800d1b8                vTaskMissedYield
 .text.prvIdleTask
                0x0800d1d0       0x30 ./Middle/ThirdParty/FreeRTOS/tasks.o
 .text.prvInitialiseTaskLists
                0x0800d200       0x80 ./Middle/ThirdParty/FreeRTOS/tasks.o
 .text.prvCheckTasksWaitingTermination
                0x0800d280       0x5c ./Middle/ThirdParty/FreeRTOS/tasks.o
 .text.prvDeleteTCB
                0x0800d2dc       0x20 ./Middle/ThirdParty/FreeRTOS/tasks.o
 .text.prvResetNextTaskUnblockTime
                0x0800d2fc       0x38 ./Middle/ThirdParty/FreeRTOS/tasks.o
 .text.xTaskGetSchedulerState
                0x0800d334       0x3c ./Middle/ThirdParty/FreeRTOS/tasks.o
                0x0800d334                xTaskGetSchedulerState
 .text.xTaskPriorityDisinherit
                0x0800d370      0x104 ./Middle/ThirdParty/FreeRTOS/tasks.o
                0x0800d370                xTaskPriorityDisinherit
 .text.prvAddCurrentTaskToDelayedList
                0x0800d474       0xf0 ./Middle/ThirdParty/FreeRTOS/tasks.o
 .text.xTimerCreateTimerTask
                0x0800d564       0x68 ./Middle/ThirdParty/FreeRTOS/timers.o
                0x0800d564                xTimerCreateTimerTask
 .text.xTimerGenericCommand
                0x0800d5cc       0x9c ./Middle/ThirdParty/FreeRTOS/timers.o
                0x0800d5cc                xTimerGenericCommand
 .text.prvProcessExpiredTimer
                0x0800d668       0x9c ./Middle/ThirdParty/FreeRTOS/timers.o
 .text.prvTimerTask
                0x0800d704       0x26 ./Middle/ThirdParty/FreeRTOS/timers.o
 *fill*         0x0800d72a        0x2 
 .text.prvProcessTimerOrBlockTask
                0x0800d72c       0x9c ./Middle/ThirdParty/FreeRTOS/timers.o
 .text.prvGetNextExpireTime
                0x0800d7c8       0x48 ./Middle/ThirdParty/FreeRTOS/timers.o
 .text.prvSampleTimeNow
                0x0800d810       0x40 ./Middle/ThirdParty/FreeRTOS/timers.o
 .text.prvInsertTimerInActiveList
                0x0800d850       0x84 ./Middle/ThirdParty/FreeRTOS/timers.o
 .text.prvProcessReceivedCommands
                0x0800d8d4      0x194 ./Middle/ThirdParty/FreeRTOS/timers.o
 .text.prvSwitchTimerLists
                0x0800da68       0xcc ./Middle/ThirdParty/FreeRTOS/timers.o
 .text.prvCheckForValidListAndQueue
                0x0800db34       0x6c ./Middle/ThirdParty/FreeRTOS/timers.o
 .text.pxPortInitialiseStack
                0x0800dba0       0x68 ./Middle/ThirdParty/FreeRTOS/portable/GCC/ARM_CM4F/port.o
                0x0800dba0                pxPortInitialiseStack
 .text.prvTaskExitError
                0x0800dc08       0x5c ./Middle/ThirdParty/FreeRTOS/portable/GCC/ARM_CM4F/port.o
 *fill*         0x0800dc64        0xc 
 .text.SVC_Handler
                0x0800dc70       0x28 ./Middle/ThirdParty/FreeRTOS/portable/GCC/ARM_CM4F/port.o
                0x0800dc70                SVC_Handler
 .text.prvPortStartFirstTask
                0x0800dc98       0x2c ./Middle/ThirdParty/FreeRTOS/portable/GCC/ARM_CM4F/port.o
 .text.xPortStartScheduler
                0x0800dcc4      0x148 ./Middle/ThirdParty/FreeRTOS/portable/GCC/ARM_CM4F/port.o
                0x0800dcc4                xPortStartScheduler
 .text.vPortEnterCritical
                0x0800de0c       0x64 ./Middle/ThirdParty/FreeRTOS/portable/GCC/ARM_CM4F/port.o
                0x0800de0c                vPortEnterCritical
 .text.vPortExitCritical
                0x0800de70       0x54 ./Middle/ThirdParty/FreeRTOS/portable/GCC/ARM_CM4F/port.o
                0x0800de70                vPortExitCritical
 *fill*         0x0800dec4        0xc 
 .text.PendSV_Handler
                0x0800ded0       0x68 ./Middle/ThirdParty/FreeRTOS/portable/GCC/ARM_CM4F/port.o
                0x0800ded0                PendSV_Handler
 .text.SysTick_Handler
                0x0800df38       0x54 ./Middle/ThirdParty/FreeRTOS/portable/GCC/ARM_CM4F/port.o
                0x0800df38                SysTick_Handler
 .text.vPortSetupTimerInterrupt
                0x0800df8c       0x48 ./Middle/ThirdParty/FreeRTOS/portable/GCC/ARM_CM4F/port.o
                0x0800df8c                vPortSetupTimerInterrupt
 .text.vPortEnableVFP
                0x0800dfd4       0x18 ./Middle/ThirdParty/FreeRTOS/portable/GCC/ARM_CM4F/port.o
 .text.vPortValidateInterruptPriority
                0x0800dfec       0x84 ./Middle/ThirdParty/FreeRTOS/portable/GCC/ARM_CM4F/port.o
                0x0800dfec                vPortValidateInterruptPriority
 .text.pvPortMalloc
                0x0800e070      0x1c4 ./Middle/ThirdParty/FreeRTOS/portable/MemMang/heap_4.o
                0x0800e070                pvPortMalloc
 .text.vPortFree
                0x0800e234       0xc8 ./Middle/ThirdParty/FreeRTOS/portable/MemMang/heap_4.o
                0x0800e234                vPortFree
 .text.prvHeapInit
                0x0800e2fc       0xc4 ./Middle/ThirdParty/FreeRTOS/portable/MemMang/heap_4.o
 .text.prvInsertBlockIntoFreeList
                0x0800e3c0       0xb4 ./Middle/ThirdParty/FreeRTOS/portable/MemMang/heap_4.o
 .text.SYSVIEW_AddTask
                0x0800e474       0xd0 ./Middle/ThirdParty/SEGGER/OS/SEGGER_SYSVIEW_FreeRTOS.o
                0x0800e474                SYSVIEW_AddTask
 .text.SYSVIEW_SendTaskInfo
                0x0800e544       0x42 ./Middle/ThirdParty/SEGGER/OS/SEGGER_SYSVIEW_FreeRTOS.o
                0x0800e544                SYSVIEW_SendTaskInfo
 *fill*         0x0800e586        0x2 
 .text._DoInit  0x0800e588       0xb4 ./Middle/ThirdParty/SEGGER/SEGGER/SEGGER_RTT.o
 .text.SEGGER_RTT_ReadNoLock
                0x0800e63c      0x10c ./Middle/ThirdParty/SEGGER/SEGGER/SEGGER_RTT.o
                0x0800e63c                SEGGER_RTT_ReadNoLock
 .text._EncodeStr
                0x0800e748       0x72 ./Middle/ThirdParty/SEGGER/SEGGER/SEGGER_SYSVIEW.o
 .text._PreparePacket
                0x0800e7ba       0x18 ./Middle/ThirdParty/SEGGER/SEGGER/SEGGER_SYSVIEW.o
 *fill*         0x0800e7d2        0x2 
 .text._HandleIncomingPacket
                0x0800e7d4       0xdc ./Middle/ThirdParty/SEGGER/SEGGER/SEGGER_SYSVIEW.o
 .text._TrySendOverflowPacket
                0x0800e8b0       0xe4 ./Middle/ThirdParty/SEGGER/SEGGER/SEGGER_SYSVIEW.o
 .text._SendPacket
                0x0800e994      0x2dc ./Middle/ThirdParty/SEGGER/SEGGER/SEGGER_SYSVIEW.o
 .text.SEGGER_SYSVIEW_RecordVoid
                0x0800ec70       0x3c ./Middle/ThirdParty/SEGGER/SEGGER/SEGGER_SYSVIEW.o
                0x0800ec70                SEGGER_SYSVIEW_RecordVoid
 .text.SEGGER_SYSVIEW_RecordU32
                0x0800ecac       0x78 ./Middle/ThirdParty/SEGGER/SEGGER/SEGGER_SYSVIEW.o
                0x0800ecac                SEGGER_SYSVIEW_RecordU32
 .text.SEGGER_SYSVIEW_RecordU32x2
                0x0800ed24       0xb4 ./Middle/ThirdParty/SEGGER/SEGGER/SEGGER_SYSVIEW.o
                0x0800ed24                SEGGER_SYSVIEW_RecordU32x2
 .text.SEGGER_SYSVIEW_RecordU32x3
                0x0800edd8       0xec ./Middle/ThirdParty/SEGGER/SEGGER/SEGGER_SYSVIEW.o
                0x0800edd8                SEGGER_SYSVIEW_RecordU32x3
 .text.SEGGER_SYSVIEW_RecordU32x4
                0x0800eec4      0x124 ./Middle/ThirdParty/SEGGER/SEGGER/SEGGER_SYSVIEW.o
                0x0800eec4                SEGGER_SYSVIEW_RecordU32x4
 .text.SEGGER_SYSVIEW_Start
                0x0800efe8      0x174 ./Middle/ThirdParty/SEGGER/SEGGER/SEGGER_SYSVIEW.o
                0x0800efe8                SEGGER_SYSVIEW_Start
 .text.SEGGER_SYSVIEW_Stop
                0x0800f15c       0x4c ./Middle/ThirdParty/SEGGER/SEGGER/SEGGER_SYSVIEW.o
                0x0800f15c                SEGGER_SYSVIEW_Stop
 .text.SEGGER_SYSVIEW_GetSysDesc
                0x0800f1a8      0x134 ./Middle/ThirdParty/SEGGER/SEGGER/SEGGER_SYSVIEW.o
                0x0800f1a8                SEGGER_SYSVIEW_GetSysDesc
 .text.SEGGER_SYSVIEW_SendTaskInfo
                0x0800f2dc      0x1c8 ./Middle/ThirdParty/SEGGER/SEGGER/SEGGER_SYSVIEW.o
                0x0800f2dc                SEGGER_SYSVIEW_SendTaskInfo
 .text.SEGGER_SYSVIEW_SendTaskList
                0x0800f4a4       0x28 ./Middle/ThirdParty/SEGGER/SEGGER/SEGGER_SYSVIEW.o
                0x0800f4a4                SEGGER_SYSVIEW_SendTaskList
 .text.SEGGER_SYSVIEW_RecordSystime
                0x0800f4cc       0x64 ./Middle/ThirdParty/SEGGER/SEGGER/SEGGER_SYSVIEW.o
                0x0800f4cc                SEGGER_SYSVIEW_RecordSystime
 .text.SEGGER_SYSVIEW_RecordEnterISR
                0x0800f530       0x84 ./Middle/ThirdParty/SEGGER/SEGGER/SEGGER_SYSVIEW.o
                0x0800f530                SEGGER_SYSVIEW_RecordEnterISR
 .text.SEGGER_SYSVIEW_RecordExitISR
                0x0800f5b4       0x38 ./Middle/ThirdParty/SEGGER/SEGGER/SEGGER_SYSVIEW.o
                0x0800f5b4                SEGGER_SYSVIEW_RecordExitISR
 .text.SEGGER_SYSVIEW_RecordExitISRToScheduler
                0x0800f5ec       0x38 ./Middle/ThirdParty/SEGGER/SEGGER/SEGGER_SYSVIEW.o
                0x0800f5ec                SEGGER_SYSVIEW_RecordExitISRToScheduler
 .text.SEGGER_SYSVIEW_OnIdle
                0x0800f624       0x38 ./Middle/ThirdParty/SEGGER/SEGGER/SEGGER_SYSVIEW.o
                0x0800f624                SEGGER_SYSVIEW_OnIdle
 .text.SEGGER_SYSVIEW_OnTaskCreate
                0x0800f65c       0x84 ./Middle/ThirdParty/SEGGER/SEGGER/SEGGER_SYSVIEW.o
                0x0800f65c                SEGGER_SYSVIEW_OnTaskCreate
 .text.SEGGER_SYSVIEW_OnTaskStartExec
                0x0800f6e0       0x84 ./Middle/ThirdParty/SEGGER/SEGGER/SEGGER_SYSVIEW.o
                0x0800f6e0                SEGGER_SYSVIEW_OnTaskStartExec
 .text.SEGGER_SYSVIEW_OnTaskStartReady
                0x0800f764       0x84 ./Middle/ThirdParty/SEGGER/SEGGER/SEGGER_SYSVIEW.o
                0x0800f764                SEGGER_SYSVIEW_OnTaskStartReady
 .text.SEGGER_SYSVIEW_OnTaskStopReady
                0x0800f7e8       0xc0 ./Middle/ThirdParty/SEGGER/SEGGER/SEGGER_SYSVIEW.o
                0x0800f7e8                SEGGER_SYSVIEW_OnTaskStopReady
 .text.SEGGER_SYSVIEW_ShrinkId
                0x0800f8a8       0x20 ./Middle/ThirdParty/SEGGER/SEGGER/SEGGER_SYSVIEW.o
                0x0800f8a8                SEGGER_SYSVIEW_ShrinkId
 .text.SEGGER_SYSVIEW_SendModule
                0x0800f8c8      0x114 ./Middle/ThirdParty/SEGGER/SEGGER/SEGGER_SYSVIEW.o
                0x0800f8c8                SEGGER_SYSVIEW_SendModule
 .text.SEGGER_SYSVIEW_SendModuleDescription
                0x0800f9dc       0x3c ./Middle/ThirdParty/SEGGER/SEGGER/SEGGER_SYSVIEW.o
                0x0800f9dc                SEGGER_SYSVIEW_SendModuleDescription
 .text.SEGGER_SYSVIEW_SendNumModules
                0x0800fa18       0x7c ./Middle/ThirdParty/SEGGER/SEGGER/SEGGER_SYSVIEW.o
                0x0800fa18                SEGGER_SYSVIEW_SendNumModules
 .text.SEGGER_SYSVIEW_Warn
                0x0800fa94       0xb8 ./Middle/ThirdParty/SEGGER/SEGGER/SEGGER_SYSVIEW.o
                0x0800fa94                SEGGER_SYSVIEW_Warn
 .text.sprintf  0x0800fb4c       0x44 /opt/st/stm32cubeide_1.18.0/plugins/com.st.stm32cube.ide.mcu.externaltools.gnu-tools-for-stm32.13.3.rel1.linux64_1.0.0.202410170706/tools/bin/../lib/gcc/arm-none-eabi/13.3.1/../../../../arm-none-eabi/lib/thumb/v7e-m+fp/hard/libc_nano.a(libc_a-sprintf.o)
                0x0800fb4c                sprintf
                0x0800fb4c                siprintf
 .text.memcmp   0x0800fb90       0x20 /opt/st/stm32cubeide_1.18.0/plugins/com.st.stm32cube.ide.mcu.externaltools.gnu-tools-for-stm32.13.3.rel1.linux64_1.0.0.202410170706/tools/bin/../lib/gcc/arm-none-eabi/13.3.1/../../../../arm-none-eabi/lib/thumb/v7e-m+fp/hard/libc_nano.a(libc_a-memcmp.o)
                0x0800fb90                memcmp
 .text.memset   0x0800fbb0       0x10 /opt/st/stm32cubeide_1.18.0/plugins/com.st.stm32cube.ide.mcu.externaltools.gnu-tools-for-stm32.13.3.rel1.linux64_1.0.0.202410170706/tools/bin/../lib/gcc/arm-none-eabi/13.3.1/../../../../arm-none-eabi/lib/thumb/v7e-m+fp/hard/libc_nano.a(libc_a-memset.o)
                0x0800fbb0                memset
 .text.__libc_init_array
                0x0800fbc0       0x48 /opt/st/stm32cubeide_1.18.0/plugins/com.st.stm32cube.ide.mcu.externaltools.gnu-tools-for-stm32.13.3.rel1.linux64_1.0.0.202410170706/tools/bin/../lib/gcc/arm-none-eabi/13.3.1/../../../../arm-none-eabi/lib/thumb/v7e-m+fp/hard/libc_nano.a(libc_a-init.o)
                0x0800fbc0                __libc_init_array
 .text.__retarget_lock_acquire_recursive
                0x0800fc08        0x2 /opt/st/stm32cubeide_1.18.0/plugins/com.st.stm32cube.ide.mcu.externaltools.gnu-tools-for-stm32.13.3.rel1.linux64_1.0.0.202410170706/tools/bin/../lib/gcc/arm-none-eabi/13.3.1/../../../../arm-none-eabi/lib/thumb/v7e-m+fp/hard/libc_nano.a(libc_a-lock.o)
                0x0800fc08                __retarget_lock_acquire_recursive
 .text.__retarget_lock_release_recursive
                0x0800fc0a        0x2 /opt/st/stm32cubeide_1.18.0/plugins/com.st.stm32cube.ide.mcu.externaltools.gnu-tools-for-stm32.13.3.rel1.linux64_1.0.0.202410170706/tools/bin/../lib/gcc/arm-none-eabi/13.3.1/../../../../arm-none-eabi/lib/thumb/v7e-m+fp/hard/libc_nano.a(libc_a-lock.o)
                0x0800fc0a                __retarget_lock_release_recursive
 .text.strcpy   0x0800fc0c       0x10 /opt/st/stm32cubeide_1.18.0/plugins/com.st.stm32cube.ide.mcu.externaltools.gnu-tools-for-stm32.13.3.rel1.linux64_1.0.0.202410170706/tools/bin/../lib/gcc/arm-none-eabi/13.3.1/../../../../arm-none-eabi/lib/thumb/v7e-m+fp/hard/libc_nano.a(libc_a-strcpy.o)
                0x0800fc0c                strcpy
 .text.memcpy   0x0800fc1c       0x1c /opt/st/stm32cubeide_1.18.0/plugins/com.st.stm32cube.ide.mcu.externaltools.gnu-tools-for-stm32.13.3.rel1.linux64_1.0.0.202410170706/tools/bin/../lib/gcc/arm-none-eabi/13.3.1/../../../../arm-none-eabi/lib/thumb/v7e-m+fp/hard/libc_nano.a(libc_a-memcpy-stub.o)
                0x0800fc1c                memcpy
 .text._free_r  0x0800fc38       0x94 /opt/st/stm32cubeide_1.18.0/plugins/com.st.stm32cube.ide.mcu.externaltools.gnu-tools-for-stm32.13.3.rel1.linux64_1.0.0.202410170706/tools/bin/../lib/gcc/arm-none-eabi/13.3.1/../../../../arm-none-eabi/lib/thumb/v7e-m+fp/hard/libc_nano.a(libc_a-freer.o)
                0x0800fc38                _free_r
 .text.sbrk_aligned
                0x0800fccc       0x44 /opt/st/stm32cubeide_1.18.0/plugins/com.st.stm32cube.ide.mcu.externaltools.gnu-tools-for-stm32.13.3.rel1.linux64_1.0.0.202410170706/tools/bin/../lib/gcc/arm-none-eabi/13.3.1/../../../../arm-none-eabi/lib/thumb/v7e-m+fp/hard/libc_nano.a(libc_a-mallocr.o)
 .text._malloc_r
                0x0800fd10      0x100 /opt/st/stm32cubeide_1.18.0/plugins/com.st.stm32cube.ide.mcu.externaltools.gnu-tools-for-stm32.13.3.rel1.linux64_1.0.0.202410170706/tools/bin/../lib/gcc/arm-none-eabi/13.3.1/../../../../arm-none-eabi/lib/thumb/v7e-m+fp/hard/libc_nano.a(libc_a-mallocr.o)
                0x0800fd10                _malloc_r
 .text.__malloc_lock
                0x0800fe10        0xc /opt/st/stm32cubeide_1.18.0/plugins/com.st.stm32cube.ide.mcu.externaltools.gnu-tools-for-stm32.13.3.rel1.linux64_1.0.0.202410170706/tools/bin/../lib/gcc/arm-none-eabi/13.3.1/../../../../arm-none-eabi/lib/thumb/v7e-m+fp/hard/libc_nano.a(libc_a-mlock.o)
                0x0800fe10                __malloc_lock
 .text.__malloc_unlock
                0x0800fe1c        0xc /opt/st/stm32cubeide_1.18.0/plugins/com.st.stm32cube.ide.mcu.externaltools.gnu-tools-for-stm32.13.3.rel1.linux64_1.0.0.202410170706/tools/bin/../lib/gcc/arm-none-eabi/13.3.1/../../../../arm-none-eabi/lib/thumb/v7e-m+fp/hard/libc_nano.a(libc_a-mlock.o)
                0x0800fe1c                __malloc_unlock
 .text.__ssputs_r
                0x0800fe28       0xb6 /opt/st/stm32cubeide_1.18.0/plugins/com.st.stm32cube.ide.mcu.externaltools.gnu-tools-for-stm32.13.3.rel1.linux64_1.0.0.202410170706/tools/bin/../lib/gcc/arm-none-eabi/13.3.1/../../../../arm-none-eabi/lib/thumb/v7e-m+fp/hard/libc_nano.a(libc_a-nano-svfprintf.o)
                0x0800fe28                __ssputs_r
 *fill*         0x0800fede        0x2 
 .text._svfprintf_r
                0x0800fee0      0x1f8 /opt/st/stm32cubeide_1.18.0/plugins/com.st.stm32cube.ide.mcu.externaltools.gnu-tools-for-stm32.13.3.rel1.linux64_1.0.0.202410170706/tools/bin/../lib/gcc/arm-none-eabi/13.3.1/../../../../arm-none-eabi/lib/thumb/v7e-m+fp/hard/libc_nano.a(libc_a-nano-svfprintf.o)
                0x0800fee0                _svfprintf_r
                0x0800fee0                _svfiprintf_r
 .text._printf_common
                0x080100d8       0xda /opt/st/stm32cubeide_1.18.0/plugins/com.st.stm32cube.ide.mcu.externaltools.gnu-tools-for-stm32.13.3.rel1.linux64_1.0.0.202410170706/tools/bin/../lib/gcc/arm-none-eabi/13.3.1/../../../../arm-none-eabi/lib/thumb/v7e-m+fp/hard/libc_nano.a(libc_a-nano-vfprintf_i.o)
                0x080100d8                _printf_common
 *fill*         0x080101b2        0x2 
 .text._printf_i
                0x080101b4      0x23c /opt/st/stm32cubeide_1.18.0/plugins/com.st.stm32cube.ide.mcu.externaltools.gnu-tools-for-stm32.13.3.rel1.linux64_1.0.0.202410170706/tools/bin/../lib/gcc/arm-none-eabi/13.3.1/../../../../arm-none-eabi/lib/thumb/v7e-m+fp/hard/libc_nano.a(libc_a-nano-vfprintf_i.o)
                0x080101b4                _printf_i
 .text.memmove  0x080103f0       0x34 /opt/st/stm32cubeide_1.18.0/plugins/com.st.stm32cube.ide.mcu.externaltools.gnu-tools-for-stm32.13.3.rel1.linux64_1.0.0.202410170706/tools/bin/../lib/gcc/arm-none-eabi/13.3.1/../../../../arm-none-eabi/lib/thumb/v7e-m+fp/hard/libc_nano.a(libc_a-memmove.o)
                0x080103f0                memmove
 .text._sbrk_r  0x08010424       0x20 /opt/st/stm32cubeide_1.18.0/plugins/com.st.stm32cube.ide.mcu.externaltools.gnu-tools-for-stm32.13.3.rel1.linux64_1.0.0.202410170706/tools/bin/../lib/gcc/arm-none-eabi/13.3.1/../../../../arm-none-eabi/lib/thumb/v7e-m+fp/hard/libc_nano.a(libc_a-sbrkr.o)
                0x08010424                _sbrk_r
 .text._realloc_r
                0x08010444       0x5c /opt/st/stm32cubeide_1.18.0/plugins/com.st.stm32cube.ide.mcu.externaltools.gnu-tools-for-stm32.13.3.rel1.linux64_1.0.0.202410170706/tools/bin/../lib/gcc/arm-none-eabi/13.3.1/../../../../arm-none-eabi/lib/thumb/v7e-m+fp/hard/libc_nano.a(libc_a-reallocr.o)
                0x08010444                _realloc_r
 .text._malloc_usable_size_r
                0x080104a0       0x10 /opt/st/stm32cubeide_1.18.0/plugins/com.st.stm32cube.ide.mcu.externaltools.gnu-tools-for-stm32.13.3.rel1.linux64_1.0.0.202410170706/tools/bin/../lib/gcc/arm-none-eabi/13.3.1/../../../../arm-none-eabi/lib/thumb/v7e-m+fp/hard/libc_nano.a(libc_a-msizer.o)
                0x080104a0                _malloc_usable_size_r
 .text._sbrk    0x080104b0       0x1c /opt/st/stm32cubeide_1.18.0/plugins/com.st.stm32cube.ide.mcu.externaltools.gnu-tools-for-stm32.13.3.rel1.linux64_1.0.0.202410170706/tools/bin/../lib/gcc/arm-none-eabi/13.3.1/../../../../arm-none-eabi/lib/thumb/v7e-m+fp/hard/libnosys.a(sbrk.o)
                0x080104b0                _sbrk
 *(.glue_7)
 .glue_7        0x080104cc        0x0 linker stubs
 *(.glue_7t)
 .glue_7t       0x080104cc        0x0 linker stubs
 *(.eh_frame)
 .eh_frame      0x080104cc        0x0 /opt/st/stm32cubeide_1.18.0/plugins/com.st.stm32cube.ide.mcu.externaltools.gnu-tools-for-stm32.13.3.rel1.linux64_1.0.0.202410170706/tools/bin/../lib/gcc/arm-none-eabi/13.3.1/thumb/v7e-m+fp/hard/crtbegin.o
 *(.init)
 .init          0x080104cc        0x4 /opt/st/stm32cubeide_1.18.0/plugins/com.st.stm32cube.ide.mcu.externaltools.gnu-tools-for-stm32.13.3.rel1.linux64_1.0.0.202410170706/tools/bin/../lib/gcc/arm-none-eabi/13.3.1/thumb/v7e-m+fp/hard/crti.o
                0x080104cc                _init
 .init          0x080104d0        0x8 /opt/st/stm32cubeide_1.18.0/plugins/com.st.stm32cube.ide.mcu.externaltools.gnu-tools-for-stm32.13.3.rel1.linux64_1.0.0.202410170706/tools/bin/../lib/gcc/arm-none-eabi/13.3.1/thumb/v7e-m+fp/hard/crtn.o
 *(.fini)
 .fini          0x080104d8        0x4 /opt/st/stm32cubeide_1.18.0/plugins/com.st.stm32cube.ide.mcu.externaltools.gnu-tools-for-stm32.13.3.rel1.linux64_1.0.0.202410170706/tools/bin/../lib/gcc/arm-none-eabi/13.3.1/thumb/v7e-m+fp/hard/crti.o
                0x080104d8                _fini
 .fini          0x080104dc        0x8 /opt/st/stm32cubeide_1.18.0/plugins/com.st.stm32cube.ide.mcu.externaltools.gnu-tools-for-stm32.13.3.rel1.linux64_1.0.0.202410170706/tools/bin/../lib/gcc/arm-none-eabi/13.3.1/thumb/v7e-m+fp/hard/crtn.o
                0x080104e4                        . = ALIGN (0x4)
                0x080104e4                        _etext = .

.vfp11_veneer   0x080104e4        0x0
 .vfp11_veneer  0x080104e4        0x0 linker stubs

.v4_bx          0x080104e4        0x0
 .v4_bx         0x080104e4        0x0 linker stubs

.iplt           0x080104e4        0x0
 .iplt          0x080104e4        0x0 /opt/st/stm32cubeide_1.18.0/plugins/com.st.stm32cube.ide.mcu.externaltools.gnu-tools-for-stm32.13.3.rel1.linux64_1.0.0.202410170706/tools/bin/../lib/gcc/arm-none-eabi/13.3.1/thumb/v7e-m+fp/hard/crtbegin.o

.rodata         0x080104e4      0x2e8
                0x080104e4                        . = ALIGN (0x4)
 *(.rodata)
 .rodata        0x080104e4       0x24 ./Core/Src/CAN_COMM.o
 .rodata        0x08010508        0x7 ./Core/Src/main.o
 *fill*         0x0801050f        0x1 
 .rodata        0x08010510       0x38 ./Drivers/STM32F4xx_HAL_Driver/Src/stm32f4xx_hal_can.o
 .rodata        0x08010548       0x3b ./Drivers/STM32F4xx_HAL_Driver/Src/stm32f4xx_hal_cortex.o
 *fill*         0x08010583        0x1 
 .rodata        0x08010584       0x39 ./Drivers/STM32F4xx_HAL_Driver/Src/stm32f4xx_hal_gpio.o
 *fill*         0x080105bd        0x3 
 .rodata        0x080105c0       0x38 ./Drivers/STM32F4xx_HAL_Driver/Src/stm32f4xx_hal_i2c.o
 .rodata        0x080105f8       0x38 ./Drivers/STM32F4xx_HAL_Driver/Src/stm32f4xx_hal_rcc.o
 .rodata        0x08010630       0x38 ./Drivers/STM32F4xx_HAL_Driver/Src/stm32f4xx_hal_tim.o
 .rodata        0x08010668       0x3b ./Drivers/STM32F4xx_HAL_Driver/Src/stm32f4xx_hal_tim_ex.o
 *fill*         0x080106a3        0x1 
 .rodata        0x080106a4       0x39 ./Drivers/STM32F4xx_HAL_Driver/Src/stm32f4xx_hal_uart.o
 *fill*         0x080106dd        0x3 
 .rodata        0x080106e0        0x5 ./Middle/ThirdParty/FreeRTOS/tasks.o
 *fill*         0x080106e5        0x3 
 .rodata        0x080106e8        0xd ./Middle/ThirdParty/FreeRTOS/timers.o
 *fill*         0x080106f5        0x3 
 .rodata        0x080106f8       0x58 ./Middle/ThirdParty/SEGGER/OS/SEGGER_SYSVIEW_FreeRTOS.o
 .rodata        0x08010750        0x9 ./Middle/ThirdParty/SEGGER/SEGGER/SEGGER_RTT.o
 *(.rodata*)
 *fill*         0x08010759        0x3 
 .rodata.AHBPrescTable
                0x0801075c       0x10 ./Core/Src/system_stm32f4xx.o
                0x0801075c                AHBPrescTable
 .rodata.APBPrescTable
                0x0801076c        0x8 ./Core/Src/system_stm32f4xx.o
                0x0801076c                APBPrescTable
 .rodata.uxTopUsedPriority
                0x08010774        0x4 ./Middle/ThirdParty/FreeRTOS/tasks.o
                0x08010774                uxTopUsedPriority
 .rodata._aInitStr.0
                0x08010778       0x11 ./Middle/ThirdParty/SEGGER/SEGGER/SEGGER_RTT.o
 *fill*         0x08010789        0x3 
 .rodata._abSync
                0x0801078c        0xa ./Middle/ThirdParty/SEGGER/SEGGER/SEGGER_SYSVIEW.o
 .rodata._svfprintf_r.str1.1
                0x08010796       0x33 /opt/st/stm32cubeide_1.18.0/plugins/com.st.stm32cube.ide.mcu.externaltools.gnu-tools-for-stm32.13.3.rel1.linux64_1.0.0.202410170706/tools/bin/../lib/gcc/arm-none-eabi/13.3.1/../../../../arm-none-eabi/lib/thumb/v7e-m+fp/hard/libc_nano.a(libc_a-nano-svfprintf.o)
                                 0x11 (size before relaxing)
 .rodata._printf_i.str1.1
                0x080107c9       0x22 /opt/st/stm32cubeide_1.18.0/plugins/com.st.stm32cube.ide.mcu.externaltools.gnu-tools-for-stm32.13.3.rel1.linux64_1.0.0.202410170706/tools/bin/../lib/gcc/arm-none-eabi/13.3.1/../../../../arm-none-eabi/lib/thumb/v7e-m+fp/hard/libc_nano.a(libc_a-nano-vfprintf_i.o)
                0x080107ec                        . = ALIGN (0x4)
 *fill*         0x080107c9        0x3 

.ARM.extab      0x080107cc        0x0
                0x080107cc                        . = ALIGN (0x4)
 *(.ARM.extab* .gnu.linkonce.armextab.*)
                0x080107cc                        . = ALIGN (0x4)

.ARM            0x080107cc        0x8
                0x080107cc                        . = ALIGN (0x4)
                0x080107cc                        __exidx_start = .
 *(.ARM.exidx*)
 .ARM.exidx     0x080107cc        0x8 /opt/st/stm32cubeide_1.18.0/plugins/com.st.stm32cube.ide.mcu.externaltools.gnu-tools-for-stm32.13.3.rel1.linux64_1.0.0.202410170706/tools/bin/../lib/gcc/arm-none-eabi/13.3.1/../../../../arm-none-eabi/lib/thumb/v7e-m+fp/hard/libc_nano.a(libc_a-strlen.o)
 .ARM.exidx     0x080107d4        0x0 /opt/st/stm32cubeide_1.18.0/plugins/com.st.stm32cube.ide.mcu.externaltools.gnu-tools-for-stm32.13.3.rel1.linux64_1.0.0.202410170706/tools/bin/../lib/gcc/arm-none-eabi/13.3.1/../../../../arm-none-eabi/lib/thumb/v7e-m+fp/hard/libc_nano.a(libc_a-memchr.o)
                                  0x8 (size before relaxing)
 .ARM.exidx     0x080107d4        0x0 /opt/st/stm32cubeide_1.18.0/plugins/com.st.stm32cube.ide.mcu.externaltools.gnu-tools-for-stm32.13.3.rel1.linux64_1.0.0.202410170706/tools/bin/../lib/gcc/arm-none-eabi/13.3.1/thumb/v7e-m+fp/hard/libgcc.a(_udivmoddi4.o)
                                  0x8 (size before relaxing)
                0x080107d4                        __exidx_end = .
                0x080107d4                        . = ALIGN (0x4)

.preinit_array  0x080107d4        0x0
                0x080107d4                        . = ALIGN (0x4)
                0x080107d4                        PROVIDE (__preinit_array_start = .)
 *(.preinit_array*)
                0x080107d4                        PROVIDE (__preinit_array_end = .)
                0x080107d4                        . = ALIGN (0x4)

.init_array     0x080107d4        0x4
                0x080107d4                        . = ALIGN (0x4)
                0x080107d4                        PROVIDE (__init_array_start = .)
 *(SORT_BY_NAME(.init_array.*))
 *(.init_array*)
 .init_array    0x080107d4        0x4 /opt/st/stm32cubeide_1.18.0/plugins/com.st.stm32cube.ide.mcu.externaltools.gnu-tools-for-stm32.13.3.rel1.linux64_1.0.0.202410170706/tools/bin/../lib/gcc/arm-none-eabi/13.3.1/thumb/v7e-m+fp/hard/crtbegin.o
                0x080107d8                        PROVIDE (__init_array_end = .)
                0x080107d8                        . = ALIGN (0x4)

.fini_array     0x080107d8        0x4
                0x080107d8                        . = ALIGN (0x4)
                [!provide]                        PROVIDE (__fini_array_start = .)
 *(SORT_BY_NAME(.fini_array.*))
 *(.fini_array*)
 .fini_array    0x080107d8        0x4 /opt/st/stm32cubeide_1.18.0/plugins/com.st.stm32cube.ide.mcu.externaltools.gnu-tools-for-stm32.13.3.rel1.linux64_1.0.0.202410170706/tools/bin/../lib/gcc/arm-none-eabi/13.3.1/thumb/v7e-m+fp/hard/crtbegin.o
                [!provide]                        PROVIDE (__fini_array_end = .)
                0x080107dc                        . = ALIGN (0x4)
                0x080107dc                        _sidata = LOADADDR (.data)

.rel.dyn        0x080107dc        0x0
 .rel.iplt      0x080107dc        0x0 /opt/st/stm32cubeide_1.18.0/plugins/com.st.stm32cube.ide.mcu.externaltools.gnu-tools-for-stm32.13.3.rel1.linux64_1.0.0.202410170706/tools/bin/../lib/gcc/arm-none-eabi/13.3.1/thumb/v7e-m+fp/hard/crtbegin.o

.data           0x20000000      0x320 load address 0x080107dc
                0x20000000                        . = ALIGN (0x4)
                0x20000000                        _sdata = .
 *(.data)
 *(.data*)
 .data.Dev      0x20000000        0x4 ./Core/Src/SENSOR_TOF.o
                0x20000000                Dev
 .data.SystemCoreClock
                0x20000004        0x4 ./Core/Src/system_stm32f4xx.o
                0x20000004                SystemCoreClock
 .data.uwTickPrio
                0x20000008        0x4 ./Drivers/STM32F4xx_HAL_Driver/Src/stm32f4xx_hal.o
                0x20000008                uwTickPrio
 .data.uwTickFreq
                0x2000000c        0x1 ./Drivers/STM32F4xx_HAL_Driver/Src/stm32f4xx_hal.o
                0x2000000c                uwTickFreq
 *fill*         0x2000000d        0x3 
 .data.DefaultTuningSettings
                0x20000010       0xf3 ./Drivers/VL53L0X/core/src/vl53l0x_api.o
                0x20000010                DefaultTuningSettings
 *fill*         0x20000103        0x1 
 .data.InterruptThresholdSettings
                0x20000104      0x1b6 ./Drivers/VL53L0X/core/src/vl53l0x_api.o
                0x20000104                InterruptThresholdSettings
 *fill*         0x200002ba        0x2 
 .data.refArrayQuadrants
                0x200002bc       0x10 ./Drivers/VL53L0X/core/src/vl53l0x_api_calibration.o
                0x200002bc                refArrayQuadrants
 .data.uxCriticalNesting
                0x200002cc        0x4 ./Middle/ThirdParty/FreeRTOS/portable/GCC/ARM_CM4F/port.o
 .data._impure_ptr
                0x200002d0        0x4 /opt/st/stm32cubeide_1.18.0/plugins/com.st.stm32cube.ide.mcu.externaltools.gnu-tools-for-stm32.13.3.rel1.linux64_1.0.0.202410170706/tools/bin/../lib/gcc/arm-none-eabi/13.3.1/../../../../arm-none-eabi/lib/thumb/v7e-m+fp/hard/libc_nano.a(libc_a-impure.o)
                0x200002d0                _impure_ptr
 .data._impure_data
                0x200002d4       0x4c /opt/st/stm32cubeide_1.18.0/plugins/com.st.stm32cube.ide.mcu.externaltools.gnu-tools-for-stm32.13.3.rel1.linux64_1.0.0.202410170706/tools/bin/../lib/gcc/arm-none-eabi/13.3.1/../../../../arm-none-eabi/lib/thumb/v7e-m+fp/hard/libc_nano.a(libc_a-impure.o)
                0x200002d4                _impure_data
 *(.RamFunc)
 *(.RamFunc*)
                0x20000320                        . = ALIGN (0x4)
                0x20000320                        _edata = .
                0x08010afc                        _siccmram = LOADADDR (.ccmram)

.igot.plt       0x20000320        0x0 load address 0x08010afc
 .igot.plt      0x20000320        0x0 /opt/st/stm32cubeide_1.18.0/plugins/com.st.stm32cube.ide.mcu.externaltools.gnu-tools-for-stm32.13.3.rel1.linux64_1.0.0.202410170706/tools/bin/../lib/gcc/arm-none-eabi/13.3.1/thumb/v7e-m+fp/hard/crtbegin.o

.ccmram         0x10000000        0x0 load address 0x08010afc
                0x10000000                        . = ALIGN (0x4)
                0x10000000                        _sccmram = .
 *(.ccmram)
 *(.ccmram*)
                0x10000000                        . = ALIGN (0x4)
                0x10000000                        _eccmram = .
                0x10000000                        . = ALIGN (0x4)

.bss            0x20000320    0x138ec
                0x20000320                        _sbss = .
                0x20000320                        __bss_start__ = _sbss
 *(.bss)
 .bss           0x20000320       0x1c /opt/st/stm32cubeide_1.18.0/plugins/com.st.stm32cube.ide.mcu.externaltools.gnu-tools-for-stm32.13.3.rel1.linux64_1.0.0.202410170706/tools/bin/../lib/gcc/arm-none-eabi/13.3.1/thumb/v7e-m+fp/hard/crtbegin.o
 *(.bss*)
 .bss.TxHeader  0x2000033c       0x18 ./Core/Src/CAN_COMM.o
                0x2000033c                TxHeader
 .bss.TxData    0x20000354        0x8 ./Core/Src/CAN_COMM.o
                0x20000354                TxData
 .bss.TxMailbox
                0x2000035c        0x4 ./Core/Src/CAN_COMM.o
                0x2000035c                TxMailbox
 .bss.RangingData
                0x20000360       0x1c ./Core/Src/SENSOR_TOF.o
                0x20000360                RangingData
 .bss.vl53l0x_c
                0x2000037c      0x190 ./Core/Src/SENSOR_TOF.o
                0x2000037c                vl53l0x_c
 .bss.sensor_data
                0x2000050c        0x2 ./Core/Src/SENSOR_TOF.o
                0x2000050c                sensor_data
 *fill*         0x2000050e        0x2 
 .bss.hcan1     0x20000510       0x28 ./Core/Src/main.o
                0x20000510                hcan1
 .bss.hi2c1     0x20000538       0x54 ./Core/Src/main.o
                0x20000538                hi2c1
 .bss.htim1     0x2000058c       0x48 ./Core/Src/main.o
                0x2000058c                htim1
 .bss.huart5    0x200005d4       0x48 ./Core/Src/main.o
                0x200005d4                huart5
 .bss.htim3     0x2000061c       0x48 ./Core/Src/stm32f4xx_hal_timebase_tim.o
                0x2000061c                htim3
 .bss.uwTick    0x20000664        0x4 ./Drivers/STM32F4xx_HAL_Driver/Src/stm32f4xx_hal.o
                0x20000664                uwTick
 .bss._I2CBuffer
                0x20000668       0x40 ./Drivers/VL53L0X/platform/src/vl53l0x_platform.o
                0x20000668                _I2CBuffer
 .bss.xQueueRegistry
                0x200006a8       0x40 ./Middle/ThirdParty/FreeRTOS/queue.o
                0x200006a8                xQueueRegistry
 .bss.pxCurrentTCB
                0x200006e8        0x4 ./Middle/ThirdParty/FreeRTOS/tasks.o
                0x200006e8                pxCurrentTCB
 .bss.pxReadyTasksLists
                0x200006ec       0x64 ./Middle/ThirdParty/FreeRTOS/tasks.o
 .bss.xDelayedTaskList1
                0x20000750       0x14 ./Middle/ThirdParty/FreeRTOS/tasks.o
 .bss.xDelayedTaskList2
                0x20000764       0x14 ./Middle/ThirdParty/FreeRTOS/tasks.o
 .bss.pxDelayedTaskList
                0x20000778        0x4 ./Middle/ThirdParty/FreeRTOS/tasks.o
 .bss.pxOverflowDelayedTaskList
                0x2000077c        0x4 ./Middle/ThirdParty/FreeRTOS/tasks.o
 .bss.xPendingReadyList
                0x20000780       0x14 ./Middle/ThirdParty/FreeRTOS/tasks.o
 .bss.xTasksWaitingTermination
                0x20000794       0x14 ./Middle/ThirdParty/FreeRTOS/tasks.o
 .bss.uxDeletedTasksWaitingCleanUp
                0x200007a8        0x4 ./Middle/ThirdParty/FreeRTOS/tasks.o
 .bss.xSuspendedTaskList
                0x200007ac       0x14 ./Middle/ThirdParty/FreeRTOS/tasks.o
 .bss.uxCurrentNumberOfTasks
                0x200007c0        0x4 ./Middle/ThirdParty/FreeRTOS/tasks.o
 .bss.xTickCount
                0x200007c4        0x4 ./Middle/ThirdParty/FreeRTOS/tasks.o
 .bss.uxTopReadyPriority
                0x200007c8        0x4 ./Middle/ThirdParty/FreeRTOS/tasks.o
 .bss.xSchedulerRunning
                0x200007cc        0x4 ./Middle/ThirdParty/FreeRTOS/tasks.o
 .bss.xPendedTicks
                0x200007d0        0x4 ./Middle/ThirdParty/FreeRTOS/tasks.o
 .bss.xYieldPending
                0x200007d4        0x4 ./Middle/ThirdParty/FreeRTOS/tasks.o
 .bss.xNumOfOverflows
                0x200007d8        0x4 ./Middle/ThirdParty/FreeRTOS/tasks.o
 .bss.uxTaskNumber
                0x200007dc        0x4 ./Middle/ThirdParty/FreeRTOS/tasks.o
 .bss.xNextTaskUnblockTime
                0x200007e0        0x4 ./Middle/ThirdParty/FreeRTOS/tasks.o
 .bss.xIdleTaskHandle
                0x200007e4        0x4 ./Middle/ThirdParty/FreeRTOS/tasks.o
 .bss.uxSchedulerSuspended
                0x200007e8        0x4 ./Middle/ThirdParty/FreeRTOS/tasks.o
 .bss.xActiveTimerList1
                0x200007ec       0x14 ./Middle/ThirdParty/FreeRTOS/timers.o
 .bss.xActiveTimerList2
                0x20000800       0x14 ./Middle/ThirdParty/FreeRTOS/timers.o
 .bss.pxCurrentTimerList
                0x20000814        0x4 ./Middle/ThirdParty/FreeRTOS/timers.o
 .bss.pxOverflowTimerList
                0x20000818        0x4 ./Middle/ThirdParty/FreeRTOS/timers.o
 .bss.xTimerQueue
                0x2000081c        0x4 ./Middle/ThirdParty/FreeRTOS/timers.o
 .bss.xTimerTaskHandle
                0x20000820        0x4 ./Middle/ThirdParty/FreeRTOS/timers.o
 .bss.xLastTime.0
                0x20000824        0x4 ./Middle/ThirdParty/FreeRTOS/timers.o
 .bss.ucMaxSysCallPriority
                0x20000828        0x1 ./Middle/ThirdParty/FreeRTOS/portable/GCC/ARM_CM4F/port.o
 *fill*         0x20000829        0x3 
 .bss.ulMaxPRIGROUPValue
                0x2000082c        0x4 ./Middle/ThirdParty/FreeRTOS/portable/GCC/ARM_CM4F/port.o
 .bss.ucHeap    0x20000830    0x12c00 ./Middle/ThirdParty/FreeRTOS/portable/MemMang/heap_4.o
 .bss.xStart    0x20013430        0x8 ./Middle/ThirdParty/FreeRTOS/portable/MemMang/heap_4.o
 .bss.pxEnd     0x20013438        0x4 ./Middle/ThirdParty/FreeRTOS/portable/MemMang/heap_4.o
 .bss.xFreeBytesRemaining
                0x2001343c        0x4 ./Middle/ThirdParty/FreeRTOS/portable/MemMang/heap_4.o
 .bss.xMinimumEverFreeBytesRemaining
                0x20013440        0x4 ./Middle/ThirdParty/FreeRTOS/portable/MemMang/heap_4.o
 .bss.xNumberOfSuccessfulAllocations
                0x20013444        0x4 ./Middle/ThirdParty/FreeRTOS/portable/MemMang/heap_4.o
 .bss.xNumberOfSuccessfulFrees
                0x20013448        0x4 ./Middle/ThirdParty/FreeRTOS/portable/MemMang/heap_4.o
 .bss.xBlockAllocatedBit
                0x2001344c        0x4 ./Middle/ThirdParty/FreeRTOS/portable/MemMang/heap_4.o
 .bss._aTasks   0x20013450       0xa0 ./Middle/ThirdParty/SEGGER/OS/SEGGER_SYSVIEW_FreeRTOS.o
 .bss._NumTasks
                0x200134f0        0x4 ./Middle/ThirdParty/SEGGER/OS/SEGGER_SYSVIEW_FreeRTOS.o
 .bss._SEGGER_RTT
                0x200134f4       0xa8 ./Middle/ThirdParty/SEGGER/SEGGER/SEGGER_RTT.o
                0x200134f4                _SEGGER_RTT
 .bss._acUpBuffer
                0x2001359c      0x400 ./Middle/ThirdParty/SEGGER/SEGGER/SEGGER_RTT.o
 .bss._acDownBuffer
                0x2001399c       0x10 ./Middle/ThirdParty/SEGGER/SEGGER/SEGGER_RTT.o
 .bss._SYSVIEW_Globals
                0x200139ac       0x28 ./Middle/ThirdParty/SEGGER/SEGGER/SEGGER_SYSVIEW.o
 .bss._pFirstModule
                0x200139d4        0x4 ./Middle/ThirdParty/SEGGER/SEGGER/SEGGER_SYSVIEW.o
 .bss._NumModules
                0x200139d8        0x1 ./Middle/ThirdParty/SEGGER/SEGGER/SEGGER_SYSVIEW.o
 *fill*         0x200139d9        0x3 
 .bss._aPacket  0x200139dc       0xe3 ./Middle/ThirdParty/SEGGER/SEGGER/SEGGER_SYSVIEW.o
 *fill*         0x20013abf        0x1 
 .bss.__sf      0x20013ac0      0x138 /opt/st/stm32cubeide_1.18.0/plugins/com.st.stm32cube.ide.mcu.externaltools.gnu-tools-for-stm32.13.3.rel1.linux64_1.0.0.202410170706/tools/bin/../lib/gcc/arm-none-eabi/13.3.1/../../../../arm-none-eabi/lib/thumb/v7e-m+fp/hard/libc_nano.a(libc_a-findfp.o)
                0x20013ac0                __sf
 .bss.errno     0x20013bf8        0x4 /opt/st/stm32cubeide_1.18.0/plugins/com.st.stm32cube.ide.mcu.externaltools.gnu-tools-for-stm32.13.3.rel1.linux64_1.0.0.202410170706/tools/bin/../lib/gcc/arm-none-eabi/13.3.1/../../../../arm-none-eabi/lib/thumb/v7e-m+fp/hard/libc_nano.a(libc_a-reent.o)
                0x20013bf8                errno
 .bss.__lock___malloc_recursive_mutex
                0x20013bfc        0x1 /opt/st/stm32cubeide_1.18.0/plugins/com.st.stm32cube.ide.mcu.externaltools.gnu-tools-for-stm32.13.3.rel1.linux64_1.0.0.202410170706/tools/bin/../lib/gcc/arm-none-eabi/13.3.1/../../../../arm-none-eabi/lib/thumb/v7e-m+fp/hard/libc_nano.a(libc_a-lock.o)
                0x20013bfc                __lock___malloc_recursive_mutex
 *fill*         0x20013bfd        0x3 
 .bss.__malloc_sbrk_start
                0x20013c00        0x4 /opt/st/stm32cubeide_1.18.0/plugins/com.st.stm32cube.ide.mcu.externaltools.gnu-tools-for-stm32.13.3.rel1.linux64_1.0.0.202410170706/tools/bin/../lib/gcc/arm-none-eabi/13.3.1/../../../../arm-none-eabi/lib/thumb/v7e-m+fp/hard/libc_nano.a(libc_a-mallocr.o)
                0x20013c00                __malloc_sbrk_start
 .bss.__malloc_free_list
                0x20013c04        0x4 /opt/st/stm32cubeide_1.18.0/plugins/com.st.stm32cube.ide.mcu.externaltools.gnu-tools-for-stm32.13.3.rel1.linux64_1.0.0.202410170706/tools/bin/../lib/gcc/arm-none-eabi/13.3.1/../../../../arm-none-eabi/lib/thumb/v7e-m+fp/hard/libc_nano.a(libc_a-mallocr.o)
                0x20013c04                __malloc_free_list
 .bss.heap_end.0
                0x20013c08        0x4 /opt/st/stm32cubeide_1.18.0/plugins/com.st.stm32cube.ide.mcu.externaltools.gnu-tools-for-stm32.13.3.rel1.linux64_1.0.0.202410170706/tools/bin/../lib/gcc/arm-none-eabi/13.3.1/../../../../arm-none-eabi/lib/thumb/v7e-m+fp/hard/libnosys.a(sbrk.o)
 *(COMMON)
                0x20013c0c                        . = ALIGN (0x4)
                0x20013c0c                        _ebss = .
                0x20013c0c                        __bss_end__ = _ebss

._user_heap_stack
                0x20013c0c      0x604
                0x20013c10                        . = ALIGN (0x8)
 *fill*         0x20013c0c        0x4 
                0x20013c10                        PROVIDE (end = .)
                [!provide]                        PROVIDE (_end = .)
                0x20013e10                        . = (. + _Min_Heap_Size)
 *fill*         0x20013c10      0x200 
                0x20014210                        . = (. + _Min_Stack_Size)
 *fill*         0x20013e10      0x400 