../Core/Src/main.c:90:5:main	24	static
../Core/Src/main.c:180:6:SystemClock_Config	88	static
../Core/Src/main.c:226:13:MX_CAN1_Init	8	static
../Core/Src/main.c:263:13:MX_I2C1_Init	8	static
../Core/Src/main.c:297:13:MX_I2C2_Init	8	static
../Core/Src/main.c:331:13:MX_TIM1_Init	96	static
../Core/Src/main.c:406:13:MX_UART5_Init	8	static
../Core/Src/main.c:439:13:MX_GPIO_Init	48	static
../Core/Src/main.c:490:6:HAL_TIM_PeriodElapsedCallback	16	static
../Core/Src/main.c:508:6:Error_Handler	4	static,ignoring_inline_asm
