14:28:54 **** Incremental Build of configuration Debug for project ECU_1 ****
make -j8 all 
arm-none-eabi-gcc "../Core/Src/CAN_COMM.c" -mcpu=cortex-m4 -std=gnu11 -g3 -DDEBUG -DUSE_HAL_DRIVER -DSTM32F407xx -c -I../Core/Inc -I../Drivers/STM32F4xx_HAL_Driver/Inc -I../Drivers/STM32F4xx_HAL_Driver/Inc/Legacy -I../Drivers/CMSIS/Device/ST/STM32F4xx/Include -I../Drivers/CMSIS/Include -I/home/desd/Desktop/Middle/ThirdParty/FreeRTOS/include -I/home/desd/Desktop/Middle/ThirdParty/FreeRTOS/portable/GCC/ARM_CM4F -I/home/desd/Desktop/Middle/ThirdParty/SEGGER/Config -I/home/desd/Desktop/Middle/ThirdParty/SEGGER/OS -I/home/desd/Desktop/Middle/ThirdParty/SEGGER/SEGGER -I/home/desd/RTOS/middleware/ThirdParty/SEGGER/SEGGER/Syscalls -I/home/desd/RTOS/middleware/ThirdParty/SEGGER/SEGGER -I/home/desd/RTOS/middleware/ThirdParty/SEGGER/Config -I/home/desd/RTOS/middleware/ThirdParty/SEGGER/OS -I/home/desd/RTOS/middleware/ThirdParty/FreeRTOS/include -I/home/desd/RTOS/middleware/ThirdParty/FreeRTOS/portable/GCC/ARM_CM4F -I../Drivers/VL53L0X/core/inc -I../Drivers/VL53L0X/platform/inc -O0 -ffunction-sections -fdata-sections -Wall -fstack-usage -fcyclomatic-complexity -MMD -MP -MF"Core/Src/CAN_COMM.d" -MT"Core/Src/CAN_COMM.o" --specs=nano.specs -mfpu=fpv4-sp-d16 -mfloat-abi=hard -mthumb -o "Core/Src/CAN_COMM.o"
arm-none-eabi-gcc -o "ECU_1.elf" @"objects.list"   -mcpu=cortex-m4 -T"/home/desd/Desktop/temprory/ECU_1/STM32F407VGTX_FLASH.ld" --specs=nosys.specs -Wl,-Map="ECU_1.map" -Wl,--gc-sections -static --specs=nano.specs -mfpu=fpv4-sp-d16 -mfloat-abi=hard -mthumb -Wl,--start-group -lc -lm -Wl,--end-group
Finished building target: ECU_1.elf
 
arm-none-eabi-size  ECU_1.elf 
arm-none-eabi-objdump -h -S ECU_1.elf  > "ECU_1.list"
   text	   data	    bss	    dec	    hex	filename
  67540	    800	  81648	 149988	  249e4	ECU_1.elf
Finished building: default.size.stdout
 
Finished building: ECU_1.list
 

14:28:54 Build Finished. 0 errors, 0 warnings. (took 644ms)

