18:21:39 **** Incremental Build of configuration Debug for project ECU_2 ****
make -j8 all 
arm-none-eabi-gcc "../Core/Src/OLED_DISPLAY.c" -mcpu=cortex-m4 -std=gnu11 -g3 -DDEBUG -DUSE_HAL_DRIVER -DSTM32F407xx -c -I../Core/Inc -I../Drivers/STM32F4xx_HAL_Driver/Inc -I../Drivers/STM32F4xx_HAL_Driver/Inc/Legacy -I../Drivers/CMSIS/Device/ST/STM32F4xx/Include -I../Drivers/CMSIS/Include -I/home/desd/Desktop/Middle/ThirdParty/FreeRTOS/include -I/home/desd/Desktop/Middle/ThirdParty/FreeRTOS/portable/GCC/ARM_CM4F -I/home/desd/Desktop/Middle/ThirdParty/SEGGER/Config -I/home/desd/Desktop/Middle/ThirdParty/SEGGER/OS -I/home/desd/Desktop/Middle/ThirdParty/SEGGER/SEGGER -O0 -ffunction-sections -fdata-sections -Wall -fstack-usage -fcyclomatic-complexity -MMD -MP -MF"Core/Src/OLED_DISPLAY.d" -MT"Core/Src/OLED_DISPLAY.o" --specs=nano.specs -mfpu=fpv4-sp-d16 -mfloat-abi=hard -mthumb -o "Core/Src/OLED_DISPLAY.o"
arm-none-eabi-gcc -o "ECU_2.elf" @"objects.list"   -mcpu=cortex-m4 -T"/home/desd/Desktop/temprory/ECU_2/STM32F407VGTX_FLASH.ld" --specs=nosys.specs -Wl,-Map="ECU_2.map" -Wl,--gc-sections -static --specs=nano.specs -mfpu=fpv4-sp-d16 -mfloat-abi=hard -mthumb -Wl,--start-group -lc -lm -Wl,--end-group
Finished building target: ECU_2.elf
 
arm-none-eabi-size  ECU_2.elf 
arm-none-eabi-objdump -h -S ECU_2.elf  > "ECU_2.list"
   text	   data	    bss	    dec	    hex	filename
  44268	    100	  82348	 126716	  1eefc	ECU_2.elf
Finished building: default.size.stdout
 
Finished building: ECU_2.list
 

18:21:40 Build Finished. 0 errors, 0 warnings. (took 536ms)

